Archive member included to satisfy reference by file (symbol)

C:\Users\Francisco\Documents\MCUXpressoIDE_11.1.1_3241\workspace\lpc_board_nxp_lpcxpresso_1769\Debug\liblpc_board_nxp_lpcxpresso_1769.a(board.o)
                              ./example/src/can.o (Board_LED_Set)
C:\Users\Francisco\Documents\MCUXpressoIDE_11.1.1_3241\workspace\lpc_board_nxp_lpcxpresso_1769\Debug\liblpc_board_nxp_lpcxpresso_1769.a(board_sysinit.o)
                              ./example/src/sysinit.o (Board_SystemInit)
C:\Users\Francisco\Documents\MCUXpressoIDE_11.1.1_3241\workspace\lpc_chip_175x_6x\Debug\liblpc_chip_175x_6x.a(can_17xx_40xx.o)
                              ./example/src/can.o (Chip_CAN_Init)
C:\Users\Francisco\Documents\MCUXpressoIDE_11.1.1_3241\workspace\lpc_chip_175x_6x\Debug\liblpc_chip_175x_6x.a(chip_17xx_40xx.o)
                              ./example/src/can.o (SystemCoreClockUpdate)
C:\Users\Francisco\Documents\MCUXpressoIDE_11.1.1_3241\workspace\lpc_chip_175x_6x\Debug\liblpc_chip_175x_6x.a(clock_17xx_40xx.o)
                              C:\Users\Francisco\Documents\MCUXpressoIDE_11.1.1_3241\workspace\lpc_chip_175x_6x\Debug\liblpc_chip_175x_6x.a(chip_17xx_40xx.o) (Chip_Clock_EnablePLL)
C:\Users\Francisco\Documents\MCUXpressoIDE_11.1.1_3241\workspace\lpc_chip_175x_6x\Debug\liblpc_chip_175x_6x.a(i2s_17xx_40xx.o)
                              C:\Users\Francisco\Documents\MCUXpressoIDE_11.1.1_3241\workspace\lpc_board_nxp_lpcxpresso_1769\Debug\liblpc_board_nxp_lpcxpresso_1769.a(board.o) (Chip_I2S_Init)
C:\Users\Francisco\Documents\MCUXpressoIDE_11.1.1_3241\workspace\lpc_chip_175x_6x\Debug\liblpc_chip_175x_6x.a(iocon_17xx_40xx.o)
                              C:\Users\Francisco\Documents\MCUXpressoIDE_11.1.1_3241\workspace\lpc_board_nxp_lpcxpresso_1769\Debug\liblpc_board_nxp_lpcxpresso_1769.a(board.o) (Chip_IOCON_PinMux)
C:\Users\Francisco\Documents\MCUXpressoIDE_11.1.1_3241\workspace\lpc_chip_175x_6x\Debug\liblpc_chip_175x_6x.a(sysinit_17xx_40xx.o)
                              C:\Users\Francisco\Documents\MCUXpressoIDE_11.1.1_3241\workspace\lpc_board_nxp_lpcxpresso_1769\Debug\liblpc_board_nxp_lpcxpresso_1769.a(board_sysinit.o) (Chip_SetupXtalClocking)
C:\Users\Francisco\Documents\MCUXpressoIDE_11.1.1_3241\workspace\lpc_chip_175x_6x\Debug\liblpc_chip_175x_6x.a(uart_17xx_40xx.o)
                              C:\Users\Francisco\Documents\MCUXpressoIDE_11.1.1_3241\workspace\lpc_board_nxp_lpcxpresso_1769\Debug\liblpc_board_nxp_lpcxpresso_1769.a(board.o) (Chip_UART_Init)
C:\Users\Francisco\Documents\MCUXpressoIDE_11.1.1_3241\workspace\lpc_chip_175x_6x\Debug\liblpc_chip_175x_6x.a(ring_buffer.o)
                              C:\Users\Francisco\Documents\MCUXpressoIDE_11.1.1_3241\workspace\lpc_chip_175x_6x\Debug\liblpc_chip_175x_6x.a(uart_17xx_40xx.o) (RingBuffer_Insert)
c:/nxp/mcuxpressoide_11.1.1_3241/ide/plugins/com.nxp.mcuxpresso.tools.win32_11.1.0.202001081728/tools/bin/../lib/gcc/arm-none-eabi/8.3.1/../../../../arm-none-eabi/lib/thumb/v7-m/nofp\libcr_nohost.a(_cr__main.o)
                              ./example/src/cr_startup_lpc175x_6x.o (__main)
c:/nxp/mcuxpressoide_11.1.1_3241/ide/plugins/com.nxp.mcuxpresso.tools.win32_11.1.0.202001081728/tools/bin/../lib/gcc/arm-none-eabi/8.3.1/../../../../arm-none-eabi/lib/thumb/v7-m/nofp\libcr_c.a(memcpy.o)
                              C:\Users\Francisco\Documents\MCUXpressoIDE_11.1.1_3241\workspace\lpc_board_nxp_lpcxpresso_1769\Debug\liblpc_board_nxp_lpcxpresso_1769.a(board.o) (memcpy)
c:/nxp/mcuxpressoide_11.1.1_3241/ide/plugins/com.nxp.mcuxpresso.tools.win32_11.1.0.202001081728/tools/bin/../lib/gcc/arm-none-eabi/8.3.1/../../../../arm-none-eabi/lib/thumb/v7-m/nofp\libcr_c.a(initio.o)
                              c:/nxp/mcuxpressoide_11.1.1_3241/ide/plugins/com.nxp.mcuxpresso.tools.win32_11.1.0.202001081728/tools/bin/../lib/gcc/arm-none-eabi/8.3.1/../../../../arm-none-eabi/lib/thumb/v7-m/nofp\libcr_nohost.a(_cr__main.o) (_initio)
c:/nxp/mcuxpressoide_11.1.1_3241/ide/plugins/com.nxp.mcuxpresso.tools.win32_11.1.0.202001081728/tools/bin/../lib/gcc/arm-none-eabi/8.3.1/../../../../arm-none-eabi/lib/thumb/v7-m/nofp\libcr_c.a(setvbuf.o)
                              c:/nxp/mcuxpressoide_11.1.1_3241/ide/plugins/com.nxp.mcuxpresso.tools.win32_11.1.0.202001081728/tools/bin/../lib/gcc/arm-none-eabi/8.3.1/../../../../arm-none-eabi/lib/thumb/v7-m/nofp\libcr_c.a(initio.o) (setvbuf)
c:/nxp/mcuxpressoide_11.1.1_3241/ide/plugins/com.nxp.mcuxpresso.tools.win32_11.1.0.202001081728/tools/bin/../lib/gcc/arm-none-eabi/8.3.1/../../../../arm-none-eabi/lib/thumb/v7-m/nofp\libcr_c.a(_fdopen.o)
                              c:/nxp/mcuxpressoide_11.1.1_3241/ide/plugins/com.nxp.mcuxpresso.tools.win32_11.1.0.202001081728/tools/bin/../lib/gcc/arm-none-eabi/8.3.1/../../../../arm-none-eabi/lib/thumb/v7-m/nofp\libcr_c.a(initio.o) (_fdopen)
[...]
Memory Configuration

Name             Origin             Length             Attributes
MFlash512        0x00000000         0x00080000         xr
RamLoc32         0x10000000         0x00008000         xrw
RamAHB32         0x2007c000         0x00008000         xrw
*default*        0x00000000         0xffffffff

Linker script and memory map

LOAD ./example/src/can.o
LOAD ./example/src/cr_startup_lpc175x_6x.o
LOAD ./example/src/sysinit.o
LOAD C:\Users\Francisco\Documents\MCUXpressoIDE_11.1.1_3241\workspace\lpc_board_nxp_lpcxpresso_1769\Debug\liblpc_board_nxp_lpcxpresso_1769.a
LOAD C:\Users\Francisco\Documents\MCUXpressoIDE_11.1.1_3241\workspace\lpc_chip_175x_6x\Debug\liblpc_chip_175x_6x.a
START GROUP
LOAD c:/nxp/mcuxpressoide_11.1.1_3241/ide/plugins/com.nxp.mcuxpresso.tools.win32_11.1.0.202001081728/tools/bin/../lib/gcc/arm-none-eabi/8.3.1/../../../../arm-none-eabi/lib/thumb/v7-m/nofp\libcr_nohost.a
LOAD c:/nxp/mcuxpressoide_11.1.1_3241/ide/plugins/com.nxp.mcuxpresso.tools.win32_11.1.0.202001081728/tools/bin/../lib/gcc/arm-none-eabi/8.3.1/../../../../arm-none-eabi/lib/thumb/v7-m/nofp\libcr_c.a
LOAD c:/nxp/mcuxpressoide_11.1.1_3241/ide/plugins/com.nxp.mcuxpresso.tools.win32_11.1.0.202001081728/tools/bin/../lib/gcc/arm-none-eabi/8.3.1/thumb/v7-m/nofp\libcr_eabihelpers.a
LOAD c:/nxp/mcuxpressoide_11.1.1_3241/ide/plugins/com.nxp.mcuxpresso.tools.win32_11.1.0.202001081728/tools/bin/../lib/gcc/arm-none-eabi/8.3.1/thumb/v7-m/nofp\libgcc.a
END GROUP
                0x00000000                __base_MFlash512 = 0x0
                0x00000000                __base_Flash = 0x0
                0x00080000                __top_MFlash512 = 0x80000
                0x00080000                __top_Flash = 0x80000
                0x10000000                __base_RamLoc32 = 0x10000000
                0x10000000                __base_RAM = 0x10000000
                0x10008000                __top_RamLoc32 = 0x10008000
                0x10008000                __top_RAM = 0x10008000
                0x2007c000                __base_RamAHB32 = 0x2007c000
                0x2007c000                __base_RAM2 = 0x2007c000
                0x20084000                __top_RamAHB32 = 0x20084000
                0x20084000                __top_RAM2 = 0x20084000

.text           0x00000000     0x1e20
 FILL mask 0xff
                0x00000000                __vectors_start__ = ABSOLUTE (.)
 *(.isr_vector)
 .isr_vector    0x00000000       0xcc ./example/src/cr_startup_lpc175x_6x.o
                0x00000000                g_pfnVectors
                0x000000cc                . = ALIGN (0x4)
                0x000000cc                __section_table_start = .
                0x000000cc                __data_section_table = .
                0x000000cc        0x4 LONG 0x1e20 LOADADDR (.data)
                0x000000d0        0x4 LONG 0x10000000 ADDR (.data)
                0x000000d4        0x4 LONG 0x54 SIZEOF (.data)
                0x000000d8        0x4 LONG 0x1e20 LOADADDR (.data_RAM2)
                0x000000dc        0x4 LONG 0x2007c000 ADDR (.data_RAM2)
                0x000000e0        0x4 LONG 0x0 SIZEOF (.data_RAM2)
                0x000000e4                __data_section_table_end = .
                0x000000e4                __bss_section_table = .
                0x000000e4        0x4 LONG 0x10000054 ADDR (.bss)
                0x000000e8        0x4 LONG 0x1ec SIZEOF (.bss)
                0x000000ec        0x4 LONG 0x2007c000 ADDR (.bss_RAM2)
                0x000000f0        0x4 LONG 0x0 SIZEOF (.bss_RAM2)
                0x000000f4                __bss_section_table_end = .
                0x000000f4                __section_table_end = .
 *(.after_vectors*)
 .after_vectors
                0x000000f4      0x12c ./example/src/cr_startup_lpc175x_6x.o
                0x000000f4                data_init
                0x00000136                bss_init
                0x0000016c                ResetISR
                0x000001e4                NMI_Handler
                0x000001ea                HardFault_Handler
                0x000001f0                MemManage_Handler
                0x000001f6                BusFault_Handler
                0x000001fc                UsageFault_Handler
                0x00000202                SVC_Handler
                0x00000208                DebugMon_Handler
                0x0000020e                PendSV_Handler
                0x00000214                SysTick_Handler
                0x0000021a                EINT3_IRQHandler
                0x0000021a                CANActivity_IRQHandler
                0x0000021a                TIMER3_IRQHandler
                0x0000021a                UART0_IRQHandler
                0x0000021a                UART1_IRQHandler
                0x0000021a                EINT2_IRQHandler
                0x0000021a                USBActivity_IRQHandler
                0x0000021a                IntDefaultHandler
                0x0000021a                PLL0_IRQHandler
                0x0000021a                I2C0_IRQHandler
                0x0000021a                I2C1_IRQHandler
                0x0000021a                I2S_IRQHandler
                0x0000021a                I2C2_IRQHandler
                0x0000021a                RTC_IRQHandler
                0x0000021a                TIMER0_IRQHandler
                0x0000021a                SPI_IRQHandler
                0x0000021a                RIT_IRQHandler
                0x0000021a                EINT1_IRQHandler
                0x0000021a                TIMER1_IRQHandler
                0x0000021a                UART2_IRQHandler
                0x0000021a                ADC_IRQHandler
                0x0000021a                SSP1_IRQHandler
                0x0000021a                USB_IRQHandler
                0x0000021a                BOD_IRQHandler
                0x0000021a                SSP0_IRQHandler
                0x0000021a                WDT_IRQHandler
                0x0000021a                PWM1_IRQHandler
                0x0000021a                QEI_IRQHandler
                0x0000021a                EINT0_IRQHandler
                0x0000021a                ETH_IRQHandler
                0x0000021a                PLL1_IRQHandler
                0x0000021a                DMA_IRQHandler
                0x0000021a                TIMER2_IRQHandler
                0x0000021a                UART3_IRQHandler
                0x0000021a                MCPWM_IRQHandler
 *(.text*)
 .text.NVIC_EnableIRQ
                0x00000220       0x30 ./example/src/can.o
 .text.Chip_CAN_EnableInt
                0x00000250       0x20 ./example/src/can.o
 .text.Chip_CAN_GetIntStatus
                0x00000270       0x16 ./example/src/can.o
 .text.Chip_CAN_SetAFMode
                0x00000286       0x1c ./example/src/can.o
 *fill*         0x000002a2        0x2 ff
 .text.SetupAFLUT
                0x000002a4       0x20 ./example/src/can.o
 .text.CAN_IRQHandler
                0x000002c4       0x3c ./example/src/can.o
                0x000002c4                CAN_IRQHandler
 .text.main     0x00000300      0x12c ./example/src/can.o
                0x00000300                main
 .text.SystemInit
                0x0000042c       0x24 ./example/src/sysinit.o
                0x0000042c                SystemInit
 .text.Chip_IOCON_Init
                0x00000450       0x16 C:\Users\Francisco\Documents\MCUXpressoIDE_11.1.1_3241\workspace\lpc_board_nxp_lpcxpresso_1769\Debug\liblpc_board_nxp_lpcxpresso_1769.a(board.o)
 .text.Chip_GPIO_Init
                0x00000466       0x16 C:\Users\Francisco\Documents\MCUXpressoIDE_11.1.1_3241\workspace\lpc_board_nxp_lpcxpresso_1769\Debug\liblpc_board_nxp_lpcxpresso_1769.a(board.o)
 .text.Chip_GPIO_SetPinState
                0x0000047c       0x64 C:\Users\Francisco\Documents\MCUXpressoIDE_11.1.1_3241\workspace\lpc_board_nxp_lpcxpresso_1769\Debug\liblpc_board_nxp_lpcxpresso_1769.a(board.o)
 .text.Chip_GPIO_WritePortBit
                0x000004e0       0x2c C:\Users\Francisco\Documents\MCUXpressoIDE_11.1.1_3241\workspace\lpc_board_nxp_lpcxpresso_1769\Debug\liblpc_board_nxp_lpcxpresso_1769.a(board.o)
 .text.Chip_GPIO_GetPinState
                0x0000050c       0x38 C:\Users\Francisco\Documents\MCUXpressoIDE_11.1.1_3241\workspace\lpc_board_nxp_lpcxpresso_1769\Debug\liblpc_board_nxp_lpcxpresso_1769.a(board.o)
 .text.Chip_GPIO_ReadPortBit
                0x00000544       0x26 C:\Users\Francisco\Documents\MCUXpressoIDE_11.1.1_3241\workspace\lpc_board_nxp_lpcxpresso_1769\Debug\liblpc_board_nxp_lpcxpresso_1769.a(board.o)
 .text.Chip_GPIO_SetPinDIROutput
                0x0000056a       0x36 C:\Users\Francisco\Documents\MCUXpressoIDE_11.1.1_3241\workspace\lpc_board_nxp_lpcxpresso_1769\Debug\liblpc_board_nxp_lpcxpresso_1769.a(board.o)
 .text.Chip_GPIO_SetPinDIRInput
                0x000005a0       0x3a C:\Users\Francisco\Documents\MCUXpressoIDE_11.1.1_3241\workspace\lpc_board_nxp_lpcxpresso_1769\Debug\liblpc_board_nxp_lpcxpresso_1769.a(board.o)
 .text.Chip_GPIO_SetPinDIR
                0x000005da       0x42 C:\Users\Francisco\Documents\MCUXpressoIDE_11.1.1_3241\workspace\lpc_board_nxp_lpcxpresso_1769\Debug\liblpc_board_nxp_lpcxpresso_1769.a(board.o)
 .text.Chip_GPIO_WriteDirBit
                0x0000061c       0x2e C:\Users\Francisco\Documents\MCUXpressoIDE_11.1.1_3241\workspace\lpc_board_nxp_lpcxpresso_1769\Debug\liblpc_board_nxp_lpcxpresso_1769.a(board.o)
 *fill*         0x0000064a        0x2 ff
 .text.Board_LED_Init
                0x0000064c       0x18 C:\Users\Francisco\Documents\MCUXpressoIDE_11.1.1_3241\workspace\lpc_board_nxp_lpcxpresso_1769\Debug\liblpc_board_nxp_lpcxpresso_1769.a(board.o)
 .text.Board_LED_Set
                0x00000664       0x30 C:\Users\Francisco\Documents\MCUXpressoIDE_11.1.1_3241\workspace\lpc_board_nxp_lpcxpresso_1769\Debug\liblpc_board_nxp_lpcxpresso_1769.a(board.o)
                0x00000664                Board_LED_Set
 .text.Board_LED_Test
                0x00000694       0x30 C:\Users\Francisco\Documents\MCUXpressoIDE_11.1.1_3241\workspace\lpc_board_nxp_lpcxpresso_1769\Debug\liblpc_board_nxp_lpcxpresso_1769.a(board.o)
                0x00000694                Board_LED_Test
 .text.Board_LED_Toggle
                0x000006c4       0x42 C:\Users\Francisco\Documents\MCUXpressoIDE_11.1.1_3241\workspace\lpc_board_nxp_lpcxpresso_1769\Debug\liblpc_board_nxp_lpcxpresso_1769.a(board.o)
                0x000006c4                Board_LED_Toggle
 *fill*         0x00000706        0x2 ff
 .text.Board_Init
                0x00000708       0x20 C:\Users\Francisco\Documents\MCUXpressoIDE_11.1.1_3241\workspace\lpc_board_nxp_lpcxpresso_1769\Debug\liblpc_board_nxp_lpcxpresso_1769.a(board.o)
                0x00000708                Board_Init
 .text.Chip_SYSCTL_SetFLASHAccess
                0x00000728       0x30 C:\Users\Francisco\Documents\MCUXpressoIDE_11.1.1_3241\workspace\lpc_board_nxp_lpcxpresso_1769\Debug\liblpc_board_nxp_lpcxpresso_1769.a(board_sysinit.o)
 .text.Board_SetupMuxing
                0x00000758       0x1c C:\Users\Francisco\Documents\MCUXpressoIDE_11.1.1_3241\workspace\lpc_board_nxp_lpcxpresso_1769\Debug\liblpc_board_nxp_lpcxpresso_1769.a(board_sysinit.o)
                0x00000758                Board_SetupMuxing
 .text.Board_SetupClocking
                0x00000774       0x12 C:\Users\Francisco\Documents\MCUXpressoIDE_11.1.1_3241\workspace\lpc_board_nxp_lpcxpresso_1769\Debug\liblpc_board_nxp_lpcxpresso_1769.a(board_sysinit.o)
                0x00000774                Board_SetupClocking
 .text.Board_SystemInit
                0x00000786       0x10 C:\Users\Francisco\Documents\MCUXpressoIDE_11.1.1_3241\workspace\lpc_board_nxp_lpcxpresso_1769\Debug\liblpc_board_nxp_lpcxpresso_1769.a(board_sysinit.o)
                0x00000786                Board_SystemInit
 .text.Chip_CAN_SetCmd
                0x00000796       0x1a C:\Users\Francisco\Documents\MCUXpressoIDE_11.1.1_3241\workspace\lpc_chip_175x_6x\Debug\liblpc_chip_175x_6x.a(can_17xx_40xx.o)
 .text.Chip_CAN_GetMode
                0x000007b0       0x1e C:\Users\Francisco\Documents\MCUXpressoIDE_11.1.1_3241\workspace\lpc_chip_175x_6x\Debug\liblpc_chip_175x_6x.a(can_17xx_40xx.o)
 .text.Chip_CAN_SetAFMode
                0x000007ce       0x1c C:\Users\Francisco\Documents\MCUXpressoIDE_11.1.1_3241\workspace\lpc_chip_175x_6x\Debug\liblpc_chip_175x_6x.a(can_17xx_40xx.o)
 .text.Chip_CAN_GetAFMode
                0x000007ea       0x18 C:\Users\Francisco\Documents\MCUXpressoIDE_11.1.1_3241\workspace\lpc_chip_175x_6x\Debug\liblpc_chip_175x_6x.a(can_17xx_40xx.o)
 .text.setBusTiming
                0x00000802       0x68 C:\Users\Francisco\Documents\MCUXpressoIDE_11.1.1_3241\workspace\lpc_chip_175x_6x\Debug\liblpc_chip_175x_6x.a(can_17xx_40xx.o)
 .text.setSectionEndAddress
                0x0000086a       0x30 C:\Users\Francisco\Documents\MCUXpressoIDE_11.1.1_3241\workspace\lpc_chip_175x_6x\Debug\liblpc_chip_175x_6x.a(can_17xx_40xx.o)
 .text.getReceiveFrameInfo
                0x0000089a       0x34 C:\Users\Francisco\Documents\MCUXpressoIDE_11.1.1_3241\workspace\lpc_chip_175x_6x\Debug\liblpc_chip_175x_6x.a(can_17xx_40xx.o)
 .text.setSendFrameInfo
                0x000008ce       0x2c C:\Users\Francisco\Documents\MCUXpressoIDE_11.1.1_3241\workspace\lpc_chip_175x_6x\Debug\liblpc_chip_175x_6x.a(can_17xx_40xx.o)
 .text.createStdIDEntry
                0x000008fa       0x60 C:\Users\Francisco\Documents\MCUXpressoIDE_11.1.1_3241\workspace\lpc_chip_175x_6x\Debug\liblpc_chip_175x_6x.a(can_17xx_40xx.o)
 .text.createUnUsedSTDEntry
                0x0000095a       0x22 C:\Users\Francisco\Documents\MCUXpressoIDE_11.1.1_3241\workspace\lpc_chip_175x_6x\Debug\liblpc_chip_175x_6x.a(can_17xx_40xx.o)
 .text.setupSTDSection
                0x0000097c      0x10e C:\Users\Francisco\Documents\MCUXpressoIDE_11.1.1_3241\workspace\lpc_chip_175x_6x\Debug\liblpc_chip_175x_6x.a(can_17xx_40xx.o)
 .text.setupSTDRangeSection
                0x00000a8a       0x28 C:\Users\Francisco\Documents\MCUXpressoIDE_11.1.1_3241\workspace\lpc_chip_175x_6x\Debug\liblpc_chip_175x_6x.a(can_17xx_40xx.o)
 .text.createExtIDEntry
                0x00000ab2       0x2e C:\Users\Francisco\Documents\MCUXpressoIDE_11.1.1_3241\workspace\lpc_chip_175x_6x\Debug\liblpc_chip_175x_6x.a(can_17xx_40xx.o)
 .text.setupEXTSection
                0x00000ae0       0x76 C:\Users\Francisco\Documents\MCUXpressoIDE_11.1.1_3241\workspace\lpc_chip_175x_6x\Debug\liblpc_chip_175x_6x.a(can_17xx_40xx.o)
 .text.setupEXTRangeSection
                0x00000b56       0x28 C:\Users\Francisco\Documents\MCUXpressoIDE_11.1.1_3241\workspace\lpc_chip_175x_6x\Debug\liblpc_chip_175x_6x.a(can_17xx_40xx.o)
 .text.clearAFLUT
                0x00000b7e       0x82 C:\Users\Francisco\Documents\MCUXpressoIDE_11.1.1_3241\workspace\lpc_chip_175x_6x\Debug\liblpc_chip_175x_6x.a(can_17xx_40xx.o)
                0x00000b7e                clearAFLUT
 .text.Chip_CAN_GetClockIndex
                0x00000c00       0x2c C:\Users\Francisco\Documents\MCUXpressoIDE_11.1.1_3241\workspace\lpc_chip_175x_6x\Debug\liblpc_chip_175x_6x.a(can_17xx_40xx.o)
 .text.Chip_CAN_GetClkIndex
                0x00000c2c       0x2c C:\Users\Francisco\Documents\MCUXpressoIDE_11.1.1_3241\workspace\lpc_chip_175x_6x\Debug\liblpc_chip_175x_6x.a(can_17xx_40xx.o)
 .text.Chip_CAN_Init
                0x00000c58       0x5e C:\Users\Francisco\Documents\MCUXpressoIDE_11.1.1_3241\workspace\lpc_chip_175x_6x\Debug\liblpc_chip_175x_6x.a(can_17xx_40xx.o)
                0x00000c58                Chip_CAN_Init
 *fill*         0x00000cb6        0x2 ff
 .text.Chip_CAN_SetBitRate
                0x00000cb8       0xd0 C:\Users\Francisco\Documents\MCUXpressoIDE_11.1.1_3241\workspace\lpc_chip_175x_6x\Debug\liblpc_chip_175x_6x.a(can_17xx_40xx.o)
                0x00000cb8                Chip_CAN_SetBitRate
 .text.Chip_CAN_SetMode
                0x00000d88       0x94 C:\Users\Francisco\Documents\MCUXpressoIDE_11.1.1_3241\workspace\lpc_chip_175x_6x\Debug\liblpc_chip_175x_6x.a(can_17xx_40xx.o)
                0x00000d88                Chip_CAN_SetMode
 .text.Chip_CAN_SetAFLUT
                0x00000e1c      0x1ca C:\Users\Francisco\Documents\MCUXpressoIDE_11.1.1_3241\workspace\lpc_chip_175x_6x\Debug\liblpc_chip_175x_6x.a(can_17xx_40xx.o)
                0x00000e1c                Chip_CAN_SetAFLUT
 .text.Chip_CAN_Send
                0x00000fe6      0x12c C:\Users\Francisco\Documents\MCUXpressoIDE_11.1.1_3241\workspace\lpc_chip_175x_6x\Debug\liblpc_chip_175x_6x.a(can_17xx_40xx.o)
                0x00000fe6                Chip_CAN_Send
 .text.Chip_CAN_Receive
                0x00001112       0xd8 C:\Users\Francisco\Documents\MCUXpressoIDE_11.1.1_3241\workspace\lpc_chip_175x_6x\Debug\liblpc_chip_175x_6x.a(can_17xx_40xx.o)
                0x00001112                Chip_CAN_Receive
 *fill*         0x000011ea        0x2 ff
 .text.SystemCoreClockUpdate
                0x000011ec       0x18 C:\Users\Francisco\Documents\MCUXpressoIDE_11.1.1_3241\workspace\lpc_chip_175x_6x\Debug\liblpc_chip_175x_6x.a(chip_17xx_40xx.o)
                0x000011ec                SystemCoreClockUpdate
 .text.Chip_Clock_IsMainPLLEnabled
                0x00001204       0x24 C:\Users\Francisco\Documents\MCUXpressoIDE_11.1.1_3241\workspace\lpc_chip_175x_6x\Debug\liblpc_chip_175x_6x.a(clock_17xx_40xx.o)
 .text.Chip_Clock_IsMainPLLConnected
                0x00001228       0x24 C:\Users\Francisco\Documents\MCUXpressoIDE_11.1.1_3241\workspace\lpc_chip_175x_6x\Debug\liblpc_chip_175x_6x.a(clock_17xx_40xx.o)
 .text.Chip_Clock_FeedPLL
                0x0000124c       0x34 C:\Users\Francisco\Documents\MCUXpressoIDE_11.1.1_3241\workspace\lpc_chip_175x_6x\Debug\liblpc_chip_175x_6x.a(clock_17xx_40xx.o)
 .text.Chip_Clock_GetMainPLLSource
                0x00001280       0x20 C:\Users\Francisco\Documents\MCUXpressoIDE_11.1.1_3241\workspace\lpc_chip_175x_6x\Debug\liblpc_chip_175x_6x.a(clock_17xx_40xx.o)
 .text.Chip_Clock_GetMainOscRate
                0x000012a0       0x14 C:\Users\Francisco\Documents\MCUXpressoIDE_11.1.1_3241\workspace\lpc_chip_175x_6x\Debug\liblpc_chip_175x_6x.a(clock_17xx_40xx.o)
 .text.Chip_Clock_GetIntOscRate
                0x000012b4       0x14 C:\Users\Francisco\Documents\MCUXpressoIDE_11.1.1_3241\workspace\lpc_chip_175x_6x\Debug\liblpc_chip_175x_6x.a(clock_17xx_40xx.o)
 .text.Chip_Clock_GetRTCOscRate
                0x000012c8       0x14 C:\Users\Francisco\Documents\MCUXpressoIDE_11.1.1_3241\workspace\lpc_chip_175x_6x\Debug\liblpc_chip_175x_6x.a(clock_17xx_40xx.o)
 .text.Chip_Clock_GetMainPLLInClockRate
                0x000012dc        0xe C:\Users\Francisco\Documents\MCUXpressoIDE_11.1.1_3241\workspace\lpc_chip_175x_6x\Debug\liblpc_chip_175x_6x.a(clock_17xx_40xx.o)
 *fill*         0x000012ea        0x2 ff
 .text.Chip_Clock_EnablePLL
                0x000012ec       0x44 C:\Users\Francisco\Documents\MCUXpressoIDE_11.1.1_3241\workspace\lpc_chip_175x_6x\Debug\liblpc_chip_175x_6x.a(clock_17xx_40xx.o)
                0x000012ec                Chip_Clock_EnablePLL
 .text.Chip_Clock_DisablePLL
                0x00001330       0x48 C:\Users\Francisco\Documents\MCUXpressoIDE_11.1.1_3241\workspace\lpc_chip_175x_6x\Debug\liblpc_chip_175x_6x.a(clock_17xx_40xx.o)
                0x00001330                Chip_Clock_DisablePLL
 .text.Chip_Clock_SetupPLL
                0x00001378       0x5c C:\Users\Francisco\Documents\MCUXpressoIDE_11.1.1_3241\workspace\lpc_chip_175x_6x\Debug\liblpc_chip_175x_6x.a(clock_17xx_40xx.o)
                0x00001378                Chip_Clock_SetupPLL
 .text.Chip_Clock_EnablePeriphClock
                0x000013d4       0x34 C:\Users\Francisco\Documents\MCUXpressoIDE_11.1.1_3241\workspace\lpc_chip_175x_6x\Debug\liblpc_chip_175x_6x.a(clock_17xx_40xx.o)
                0x000013d4                Chip_Clock_EnablePeriphClock
 .text.Chip_Clock_GetCPUClockSource
                0x00001408       0x24 C:\Users\Francisco\Documents\MCUXpressoIDE_11.1.1_3241\workspace\lpc_chip_175x_6x\Debug\liblpc_chip_175x_6x.a(clock_17xx_40xx.o)
                0x00001408                Chip_Clock_GetCPUClockSource
 .text.Chip_Clock_SetCPUClockDiv
                0x0000142c       0x20 C:\Users\Francisco\Documents\MCUXpressoIDE_11.1.1_3241\workspace\lpc_chip_175x_6x\Debug\liblpc_chip_175x_6x.a(clock_17xx_40xx.o)
                0x0000142c                Chip_Clock_SetCPUClockDiv
 .text.Chip_Clock_GetCPUClockDiv
                0x0000144c       0x1c C:\Users\Francisco\Documents\MCUXpressoIDE_11.1.1_3241\workspace\lpc_chip_175x_6x\Debug\liblpc_chip_175x_6x.a(clock_17xx_40xx.o)
                0x0000144c                Chip_Clock_GetCPUClockDiv
 .text.Chip_Clock_GetPCLKDiv
                0x00001468       0x8c C:\Users\Francisco\Documents\MCUXpressoIDE_11.1.1_3241\workspace\lpc_chip_175x_6x\Debug\liblpc_chip_175x_6x.a(clock_17xx_40xx.o)
                0x00001468                Chip_Clock_GetPCLKDiv
 .text.Chip_Clock_GetSYSCLKRate
                0x000014f4       0x34 C:\Users\Francisco\Documents\MCUXpressoIDE_11.1.1_3241\workspace\lpc_chip_175x_6x\Debug\liblpc_chip_175x_6x.a(clock_17xx_40xx.o)
                0x000014f4                Chip_Clock_GetSYSCLKRate
 .text.Chip_Clock_GetMainPLLOutClockRate
                0x00001528       0x54 C:\Users\Francisco\Documents\MCUXpressoIDE_11.1.1_3241\workspace\lpc_chip_175x_6x\Debug\liblpc_chip_175x_6x.a(clock_17xx_40xx.o)
                0x00001528                Chip_Clock_GetMainPLLOutClockRate
 .text.Chip_Clock_GetMainClockRate
                0x0000157c       0x28 C:\Users\Francisco\Documents\MCUXpressoIDE_11.1.1_3241\workspace\lpc_chip_175x_6x\Debug\liblpc_chip_175x_6x.a(clock_17xx_40xx.o)
                0x0000157c                Chip_Clock_GetMainClockRate
 .text.Chip_Clock_GetSystemClockRate
                0x000015a4       0x18 C:\Users\Francisco\Documents\MCUXpressoIDE_11.1.1_3241\workspace\lpc_chip_175x_6x\Debug\liblpc_chip_175x_6x.a(clock_17xx_40xx.o)
                0x000015a4                Chip_Clock_GetSystemClockRate
 .text.Chip_Clock_GetPeripheralClockRate
                0x000015bc       0x26 C:\Users\Francisco\Documents\MCUXpressoIDE_11.1.1_3241\workspace\lpc_chip_175x_6x\Debug\liblpc_chip_175x_6x.a(clock_17xx_40xx.o)
                0x000015bc                Chip_Clock_GetPeripheralClockRate
 .text.Chip_IOCON_PinMuxSet
                0x000015e2       0x36 C:\Users\Francisco\Documents\MCUXpressoIDE_11.1.1_3241\workspace\lpc_chip_175x_6x\Debug\liblpc_chip_175x_6x.a(iocon_17xx_40xx.o)
                0x000015e2                Chip_IOCON_PinMuxSet
 .text.Chip_IOCON_PinMux
                0x00001618       0x94 C:\Users\Francisco\Documents\MCUXpressoIDE_11.1.1_3241\workspace\lpc_chip_175x_6x\Debug\liblpc_chip_175x_6x.a(iocon_17xx_40xx.o)
                0x00001618                Chip_IOCON_PinMux
 .text.Chip_IOCON_SetPinMuxing
                0x000016ac       0x62 C:\Users\Francisco\Documents\MCUXpressoIDE_11.1.1_3241\workspace\lpc_chip_175x_6x\Debug\liblpc_chip_175x_6x.a(iocon_17xx_40xx.o)
                0x000016ac                Chip_IOCON_SetPinMuxing
 *fill*         0x0000170e        0x2 ff
 .text.Chip_Clock_IsMainPLLEnabled
                0x00001710       0x24 C:\Users\Francisco\Documents\MCUXpressoIDE_11.1.1_3241\workspace\lpc_chip_175x_6x\Debug\liblpc_chip_175x_6x.a(sysinit_17xx_40xx.o)
 .text.Chip_Clock_IsMainPLLLocked
                0x00001734       0x24 C:\Users\Francisco\Documents\MCUXpressoIDE_11.1.1_3241\workspace\lpc_chip_175x_6x\Debug\liblpc_chip_175x_6x.a(sysinit_17xx_40xx.o)
 .text.Chip_Clock_IsMainPLLConnected
                0x00001758       0x24 C:\Users\Francisco\Documents\MCUXpressoIDE_11.1.1_3241\workspace\lpc_chip_175x_6x\Debug\liblpc_chip_175x_6x.a(sysinit_17xx_40xx.o)
 .text.Chip_Clock_EnableCrystal
                0x0000177c       0x20 C:\Users\Francisco\Documents\MCUXpressoIDE_11.1.1_3241\workspace\lpc_chip_175x_6x\Debug\liblpc_chip_175x_6x.a(sysinit_17xx_40xx.o)
 .text.Chip_Clock_IsCrystalEnabled
                0x0000179c       0x24 C:\Users\Francisco\Documents\MCUXpressoIDE_11.1.1_3241\workspace\lpc_chip_175x_6x\Debug\liblpc_chip_175x_6x.a(sysinit_17xx_40xx.o)
 .text.Chip_Clock_SetMainPLLSource
                0x000017c0       0x20 C:\Users\Francisco\Documents\MCUXpressoIDE_11.1.1_3241\workspace\lpc_chip_175x_6x\Debug\liblpc_chip_175x_6x.a(sysinit_17xx_40xx.o)
 .text.Chip_SetupXtalClocking
                0x000017e0       0x90 C:\Users\Francisco\Documents\MCUXpressoIDE_11.1.1_3241\workspace\lpc_chip_175x_6x\Debug\liblpc_chip_175x_6x.a(sysinit_17xx_40xx.o)
                0x000017e0                Chip_SetupXtalClocking
 .text.__main   0x00001870        0xe c:/nxp/mcuxpressoide_11.1.1_3241/ide/plugins/com.nxp.mcuxpresso.tools.win32_11.1.0.202001081728/tools/bin/../lib/gcc/arm-none-eabi/8.3.1/../../../../arm-none-eabi/lib/thumb/v7-m/nofp\libcr_nohost.a(_cr__main.o)
                0x00001870                __main
 *fill*         0x0000187e        0x2 ff
 .text._initio  0x00001880       0x78 c:/nxp/mcuxpressoide_11.1.1_3241/ide/plugins/com.nxp.mcuxpresso.tools.win32_11.1.0.202001081728/tools/bin/../lib/gcc/arm-none-eabi/8.3.1/../../../../arm-none-eabi/lib/thumb/v7-m/nofp\libcr_c.a(initio.o)
                0x00001880                _initio
 .text.setvbuf  0x000018f8       0x40 c:/nxp/mcuxpressoide_11.1.1_3241/ide/plugins/com.nxp.mcuxpresso.tools.win32_11.1.0.202001081728/tools/bin/../lib/gcc/arm-none-eabi/8.3.1/../../../../arm-none-eabi/lib/thumb/v7-m/nofp\libcr_c.a(setvbuf.o)
                0x000018f8                setvbuf
 .text._fdopen  0x00001938       0x68 c:/nxp/mcuxpressoide_11.1.1_3241/ide/plugins/com.nxp.mcuxpresso.tools.win32_11.1.0.202001081728/tools/bin/../lib/gcc/arm-none-eabi/8.3.1/../../../../arm-none-eabi/lib/thumb/v7-m/nofp\libcr_c.a(_fdopen.o)
                0x00001938                _fdopen
 .text.fclose   0x000019a0       0x58 c:/nxp/mcuxpressoide_11.1.1_3241/ide/plugins/com.nxp.mcuxpresso.tools.win32_11.1.0.202001081728/tools/bin/../lib/gcc/arm-none-eabi/8.3.1/../../../../arm-none-eabi/lib/thumb/v7-m/nofp\libcr_c.a(fclose.o)
                0x000019a0                fclose
 .text.fflush   0x000019f8       0x44 c:/nxp/mcuxpressoide_11.1.1_3241/ide/plugins/com.nxp.mcuxpresso.tools.win32_11.1.0.202001081728/tools/bin/../lib/gcc/arm-none-eabi/8.3.1/../../../../arm-none-eabi/lib/thumb/v7-m/nofp\libcr_c.a(fflush.o)
                0x000019f8                fflush
 .text.fseek    0x00001a3c      0x100 c:/nxp/mcuxpressoide_11.1.1_3241/ide/plugins/com.nxp.mcuxpresso.tools.win32_11.1.0.202001081728/tools/bin/../lib/gcc/arm-none-eabi/8.3.1/../../../../arm-none-eabi/lib/thumb/v7-m/nofp\libcr_c.a(fseek.o)
                0x00001a3c                fseek
 .text.ftell    0x00001b3c       0x48 c:/nxp/mcuxpressoide_11.1.1_3241/ide/plugins/com.nxp.mcuxpresso.tools.win32_11.1.0.202001081728/tools/bin/../lib/gcc/arm-none-eabi/8.3.1/../../../../arm-none-eabi/lib/thumb/v7-m/nofp\libcr_c.a(ftell.o)
                0x00001b3c                ftell
 .text.remove   0x00001b84       0x14 c:/nxp/mcuxpressoide_11.1.1_3241/ide/plugins/com.nxp.mcuxpresso.tools.win32_11.1.0.202001081728/tools/bin/../lib/gcc/arm-none-eabi/8.3.1/../../../../arm-none-eabi/lib/thumb/v7-m/nofp\libcr_c.a(remove.o)
                0x00001b84                remove
 .text.strlen   0x00001b98       0x4c c:/nxp/mcuxpressoide_11.1.1_3241/ide/plugins/com.nxp.mcuxpresso.tools.win32_11.1.0.202001081728/tools/bin/../lib/gcc/arm-none-eabi/8.3.1/../../../../arm-none-eabi/lib/thumb/v7-m/nofp\libcr_c.a(strlen.o)
                0x00001b98                strlen
 .text.memset   0x00001be4        0x4 c:/nxp/mcuxpressoide_11.1.1_3241/ide/plugins/com.nxp.mcuxpresso.tools.win32_11.1.0.202001081728/tools/bin/../lib/gcc/arm-none-eabi/8.3.1/../../../../arm-none-eabi/lib/thumb/v7-m/nofp\libcr_c.a(memset.o)
                0x00001be4                memset
 .text._do_fflush
                0x00001be8       0x40 c:/nxp/mcuxpressoide_11.1.1_3241/ide/plugins/com.nxp.mcuxpresso.tools.win32_11.1.0.202001081728/tools/bin/../lib/gcc/arm-none-eabi/8.3.1/../../../../arm-none-eabi/lib/thumb/v7-m/nofp\libcr_c.a(_do_fflush.o)
                0x00001be8                _do_fflush
 .text._fflush  0x00001c28       0x52 c:/nxp/mcuxpressoide_11.1.1_3241/ide/plugins/com.nxp.mcuxpresso.tools.win32_11.1.0.202001081728/tools/bin/../lib/gcc/arm-none-eabi/8.3.1/../../../../arm-none-eabi/lib/thumb/v7-m/nofp\libcr_c.a(_fflush.o)
                0x00001c28                _fflush
 *fill*         0x00001c7a        0x2 ff
 .text._Cwritebuf
                0x00001c7c       0x6c c:/nxp/mcuxpressoide_11.1.1_3241/ide/plugins/com.nxp.mcuxpresso.tools.win32_11.1.0.202001081728/tools/bin/../lib/gcc/arm-none-eabi/8.3.1/../../../../arm-none-eabi/lib/thumb/v7-m/nofp\libcr_c.a(_writebuf.o)
                0x00001c7c                _Cwritebuf
 .text.free     0x00001ce8       0x30 c:/nxp/mcuxpressoide_11.1.1_3241/ide/plugins/com.nxp.mcuxpresso.tools.win32_11.1.0.202001081728/tools/bin/../lib/gcc/arm-none-eabi/8.3.1/../../../../arm-none-eabi/lib/thumb/v7-m/nofp\libcr_c.a(alloc.o)
                0x00001ce8                free
 .text._deferredlazyseek
                0x00001d18       0x40 c:/nxp/mcuxpressoide_11.1.1_3241/ide/plugins/com.nxp.mcuxpresso.tools.win32_11.1.0.202001081728/tools/bin/../lib/gcc/arm-none-eabi/8.3.1/../../../../arm-none-eabi/lib/thumb/v7-m/nofp\libcr_c.a(_deferredlazyseek.o)
                0x00001d18                _deferredlazyseek
 .text.__aeabi_memset_lowlevel
                0x00001d58       0x32 c:/nxp/mcuxpressoide_11.1.1_3241/ide/plugins/com.nxp.mcuxpresso.tools.win32_11.1.0.202001081728/tools/bin/../lib/gcc/arm-none-eabi/8.3.1/thumb/v7-m/nofp\libcr_eabihelpers.a(memcpy.o)
                0x00001d58                __aeabi_lowlevel_memset
 .text.__sys_close
                0x00001d8a        0x6 c:/nxp/mcuxpressoide_11.1.1_3241/ide/plugins/com.nxp.mcuxpresso.tools.win32_11.1.0.202001081728/tools/bin/../lib/gcc/arm-none-eabi/8.3.1/../../../../arm-none-eabi/lib/thumb/v7-m/nofp\libcr_nohost.a(__sys_close.o)
                0x00001d8a                __sys_close
 .text.__sys_flen
                0x00001d90        0x6 c:/nxp/mcuxpressoide_11.1.1_3241/ide/plugins/com.nxp.mcuxpresso.tools.win32_11.1.0.202001081728/tools/bin/../lib/gcc/arm-none-eabi/8.3.1/../../../../arm-none-eabi/lib/thumb/v7-m/nofp\libcr_nohost.a(__sys_flen.o)
                0x00001d90                __sys_flen
 .text.__sys_istty
                0x00001d96        0x6 c:/nxp/mcuxpressoide_11.1.1_3241/ide/plugins/com.nxp.mcuxpresso.tools.win32_11.1.0.202001081728/tools/bin/../lib/gcc/arm-none-eabi/8.3.1/../../../../arm-none-eabi/lib/thumb/v7-m/nofp\libcr_nohost.a(__sys_istty.o)
                0x00001d96                __sys_istty
 .text.__sys_remove
                0x00001d9c        0x6 c:/nxp/mcuxpressoide_11.1.1_3241/ide/plugins/com.nxp.mcuxpresso.tools.win32_11.1.0.202001081728/tools/bin/../lib/gcc/arm-none-eabi/8.3.1/../../../../arm-none-eabi/lib/thumb/v7-m/nofp\libcr_nohost.a(__sys_remove.o)
                0x00001d9c                __sys_remove
 .text.__sys_seek
                0x00001da2        0x6 c:/nxp/mcuxpressoide_11.1.1_3241/ide/plugins/com.nxp.mcuxpresso.tools.win32_11.1.0.202001081728/tools/bin/../lib/gcc/arm-none-eabi/8.3.1/../../../../arm-none-eabi/lib/thumb/v7-m/nofp\libcr_nohost.a(__sys_seek.o)
                0x00001da2                __sys_seek
 .text.__sys_tmpnam
                0x00001da8        0x6 c:/nxp/mcuxpressoide_11.1.1_3241/ide/plugins/com.nxp.mcuxpresso.tools.win32_11.1.0.202001081728/tools/bin/../lib/gcc/arm-none-eabi/8.3.1/../../../../arm-none-eabi/lib/thumb/v7-m/nofp\libcr_nohost.a(__sys_tmpnam.o)
                0x00001da8                __sys_tmpnam
 .text.__sys_write
                0x00001dae        0x4 c:/nxp/mcuxpressoide_11.1.1_3241/ide/plugins/com.nxp.mcuxpresso.tools.win32_11.1.0.202001081728/tools/bin/../lib/gcc/arm-none-eabi/8.3.1/../../../../arm-none-eabi/lib/thumb/v7-m/nofp\libcr_nohost.a(__sys_write.o)
                0x00001dae                __sys_write
 *(.rodata .rodata.* .constdata .constdata.*)
 *fill*         0x00001db2        0x2 ff
 .rodata.OscRateIn
                0x00001db4        0x4 C:\Users\Francisco\Documents\MCUXpressoIDE_11.1.1_3241\workspace\lpc_board_nxp_lpcxpresso_1769\Debug\liblpc_board_nxp_lpcxpresso_1769.a(board.o)
                0x00001db4                OscRateIn
 .rodata.RTCOscRateIn
                0x00001db8        0x4 C:\Users\Francisco\Documents\MCUXpressoIDE_11.1.1_3241\workspace\lpc_board_nxp_lpcxpresso_1769\Debug\liblpc_board_nxp_lpcxpresso_1769.a(board.o)
                0x00001db8                RTCOscRateIn
 .rodata.pinmuxing
                0x00001dbc       0x5c C:\Users\Francisco\Documents\MCUXpressoIDE_11.1.1_3241\workspace\lpc_board_nxp_lpcxpresso_1769\Debug\liblpc_board_nxp_lpcxpresso_1769.a(board_sysinit.o)
 .rodata._initio.str1.1
                0x00001e18        0x4 c:/nxp/mcuxpressoide_11.1.1_3241/ide/plugins/com.nxp.mcuxpresso.tools.win32_11.1.0.202001081728/tools/bin/../lib/gcc/arm-none-eabi/8.3.1/../../../../arm-none-eabi/lib/thumb/v7-m/nofp\libcr_c.a(initio.o)
 .rodata.__num_Ciob_streams
                0x00001e1c        0x4 c:/nxp/mcuxpressoide_11.1.1_3241/ide/plugins/com.nxp.mcuxpresso.tools.win32_11.1.0.202001081728/tools/bin/../lib/gcc/arm-none-eabi/8.3.1/../../../../arm-none-eabi/lib/thumb/v7-m/nofp\libcr_nohost.a(__ciob.o)
                0x00001e1c                __num_Ciob_streams
                0x00001e20                . = ALIGN (0x4)

.glue_7         0x00001e20        0x0
 .glue_7        0x00001e20        0x0 linker stubs

.glue_7t        0x00001e20        0x0
 .glue_7t       0x00001e20        0x0 linker stubs

.vfp11_veneer   0x00001e20        0x0
 .vfp11_veneer  0x00001e20        0x0 linker stubs

.v4_bx          0x00001e20        0x0
 .v4_bx         0x00001e20        0x0 linker stubs

.iplt           0x00001e20        0x0
 .iplt          0x00001e20        0x0 ./example/src/can.o

.rel.dyn        0x00001e20        0x0
 .rel.iplt      0x00001e20        0x0 ./example/src/can.o

.ARM.extab
 *(.ARM.extab* .gnu.linkonce.armextab.*)

.ARM.exidx      0x00001e20        0x0
                0x00001e20                __exidx_start = .
 *(.ARM.exidx* .gnu.linkonce.armexidx.*)
                0x00001e20                __exidx_end = .
                0x00001e20                _etext = .

.data_RAM2      0x2007c000        0x0 load address 0x00001e20
 FILL mask 0xff
                [!provide]                PROVIDE (__start_data_RAM2 = .)
                [!provide]                PROVIDE (__start_data_RamAHB32 = .)
 *(.ramfunc.$RAM2)
 *(.ramfunc.$RamAHB32)
 *(.data.$RAM2)
 *(.data.$RamAHB32)
 *(.data.$RAM2.*)
 *(.data.$RamAHB32.*)
                0x2007c000                . = ALIGN (0x4)
                [!provide]                PROVIDE (__end_data_RAM2 = .)
                [!provide]                PROVIDE (__end_data_RamAHB32 = .)

.uninit_RESERVED
                0x10000000        0x0
                0x10000000                _start_uninit_RESERVED = .
 *(.bss.$RESERVED*)
                0x10000000                . = ALIGN (0x4)
                0x10000000                _end_uninit_RESERVED = .

.data           0x10000000       0x54 load address 0x00001e20
 FILL mask 0xff
                0x10000000                _data = .
                [!provide]                PROVIDE (__start_data_RAM = .)
                [!provide]                PROVIDE (__start_data_RamLoc32 = .)
 *(vtable)
 *(.ramfunc*)
 *(CodeQuickAccess)
 *(DataQuickAccess)
 *(RamFunction)
 *(.data*)
 .data.SFFSection
                0x10000000       0x14 ./example/src/can.o
                0x10000000                SFFSection
 .data.SffGrpSection
                0x10000014       0x18 ./example/src/can.o
                0x10000014                SffGrpSection
 .data.AFSections
                0x1000002c       0x28 ./example/src/can.o
                0x1000002c                AFSections
                0x10000054                . = ALIGN (0x4)
                0x10000054                _edata = .
                [!provide]                PROVIDE (__end_data_RAM = .)
                [!provide]                PROVIDE (__end_data_RamLoc32 = .)

.igot.plt       0x10000054        0x0 load address 0x00001e74
 .igot.plt      0x10000054        0x0 ./example/src/can.o

.bss_RAM2       0x2007c000        0x0
                [!provide]                PROVIDE (__start_bss_RAM2 = .)
                [!provide]                PROVIDE (__start_bss_RamAHB32 = .)
 *(.bss.$RAM2)
 *(.bss.$RamAHB32)
 *(.bss.$RAM2.*)
 *(.bss.$RamAHB32.*)
                0x2007c000                . = ALIGN ((. != 0x0)?0x4:0x1)
                [!provide]                PROVIDE (__end_bss_RAM2 = .)
                [!provide]                PROVIDE (__end_bss_RamAHB32 = .)

.bss            0x10000054      0x1ec
                0x10000054                _bss = .
                [!provide]                PROVIDE (__start_bss_RAM = .)
                [!provide]                PROVIDE (__start_bss_RamLoc32 = .)
 *(.bss*)
 .bss.errno     0x10000054        0x4 c:/nxp/mcuxpressoide_11.1.1_3241/ide/plugins/com.nxp.mcuxpresso.tools.win32_11.1.0.202001081728/tools/bin/../lib/gcc/arm-none-eabi/8.3.1/../../../../arm-none-eabi/lib/thumb/v7-m/nofp\libcr_c.a(errno.o)
                0x10000054                errno
 .bss.__Ciob    0x10000058      0x1e0 c:/nxp/mcuxpressoide_11.1.1_3241/ide/plugins/com.nxp.mcuxpresso.tools.win32_11.1.0.202001081728/tools/bin/../lib/gcc/arm-none-eabi/8.3.1/../../../../arm-none-eabi/lib/thumb/v7-m/nofp\libcr_nohost.a(__ciob.o)
                0x10000058                __Ciob
 *(COMMON)
 COMMON         0x10000238        0x1 ./example/src/can.o
                0x10000238                can_acc
 *fill*         0x10000239        0x3 
 COMMON         0x1000023c        0x4 C:\Users\Francisco\Documents\MCUXpressoIDE_11.1.1_3241\workspace\lpc_chip_175x_6x\Debug\liblpc_chip_175x_6x.a(chip_17xx_40xx.o)
                0x1000023c                SystemCoreClock
                0x10000240                . = ALIGN (0x4)
                0x10000240                _ebss = .
                [!provide]                PROVIDE (__end_bss_RAM = .)
                [!provide]                PROVIDE (__end_bss_RamLoc32 = .)
                [!provide]                PROVIDE (end = .)

.noinit_RAM2    0x2007c000        0x0
                [!provide]                PROVIDE (__start_noinit_RAM2 = .)
                [!provide]                PROVIDE (__start_noinit_RamAHB32 = .)
 *(.noinit.$RAM2)
 *(.noinit.$RamAHB32)
 *(.noinit.$RAM2.*)
 *(.noinit.$RamAHB32.*)
                0x2007c000                . = ALIGN (0x4)
                [!provide]                PROVIDE (__end_noinit_RAM2 = .)
                [!provide]                PROVIDE (__end_noinit_RamAHB32 = .)

.noinit         0x10000240        0x0
                0x10000240                _noinit = .
                [!provide]                PROVIDE (__start_noinit_RAM = .)
                [!provide]                PROVIDE (__start_noinit_RamLoc32 = .)
 *(.noinit*)
                0x10000240                . = ALIGN (0x4)
                0x10000240                _end_noinit = .
                [!provide]                PROVIDE (__end_noinit_RAM = .)
                [!provide]                PROVIDE (__end_noinit_RamLoc32 = .)
                0x10000240                PROVIDE (_pvHeapStart = DEFINED (__user_heap_base)?__user_heap_base:.)
                0x10008000                PROVIDE (_vStackTop = DEFINED (__user_stack_top)?__user_stack_top:(__top_RamLoc32 - 0x0))
                [!provide]                PROVIDE (__valid_user_code_checksum = (0x0 - ((((((_vStackTop + (ResetISR + 0x1)) + (NMI_Handler + 0x1)) + (HardFault_Handler + 0x1)) + (DEFINED (MemManage_Handler)?MemManage_Handler:0x0 + 0x1)) + (DEFINED (BusFault_Handler)?BusFault_Handler:0x0 + 0x1)) + (DEFINED (UsageFault_Handler)?UsageFault_Handler:0x0 + 0x1))))
                0x00000000                _image_start = LOADADDR (.text)
                0x00001e74                _image_end = (LOADADDR (.data) + SIZEOF (.data))
                0x00001e74                _image_size = (_image_end - _image_start)
OUTPUT(periph_can.axf elf32-littlearm)

.debug_info     0x00000000     0x6798
 .debug_info    0x00000000      0xbab ./example/src/can.o
 .debug_info    0x00000bab      0x272 ./example/src/cr_startup_lpc175x_6x.o
 .debug_info    0x00000e1d      0x250 ./example/src/sysinit.o
 .debug_info    0x0000106d     0x15cd C:\Users\Francisco\Documents\MCUXpressoIDE_11.1.1_3241\workspace\lpc_board_nxp_lpcxpresso_1769\Debug\liblpc_board_nxp_lpcxpresso_1769.a(board.o)
 .debug_info    0x0000263a      0x71d C:\Users\Francisco\Documents\MCUXpressoIDE_11.1.1_3241\workspace\lpc_board_nxp_lpcxpresso_1769\Debug\liblpc_board_nxp_lpcxpresso_1769.a(board_sysinit.o)
 .debug_info    0x00002d57     0x208f C:\Users\Francisco\Documents\MCUXpressoIDE_11.1.1_3241\workspace\lpc_chip_175x_6x\Debug\liblpc_chip_175x_6x.a(can_17xx_40xx.o)
 .debug_info    0x00004de6      0x591 C:\Users\Francisco\Documents\MCUXpressoIDE_11.1.1_3241\workspace\lpc_chip_175x_6x\Debug\liblpc_chip_175x_6x.a(chip_17xx_40xx.o)
 .debug_info    0x00005377      0xc2a C:\Users\Francisco\Documents\MCUXpressoIDE_11.1.1_3241\workspace\lpc_chip_175x_6x\Debug\liblpc_chip_175x_6x.a(clock_17xx_40xx.o)
 .debug_info    0x00005fa1      0x347 C:\Users\Francisco\Documents\MCUXpressoIDE_11.1.1_3241\workspace\lpc_chip_175x_6x\Debug\liblpc_chip_175x_6x.a(iocon_17xx_40xx.o)
 .debug_info    0x000062e8      0x4b0 C:\Users\Francisco\Documents\MCUXpressoIDE_11.1.1_3241\workspace\lpc_chip_175x_6x\Debug\liblpc_chip_175x_6x.a(sysinit_17xx_40xx.o)

.debug_abbrev   0x00000000     0x1587
 .debug_abbrev  0x00000000      0x294 ./example/src/can.o
 .debug_abbrev  0x00000294      0x117 ./example/src/cr_startup_lpc175x_6x.o
 .debug_abbrev  0x000003ab       0xeb ./example/src/sysinit.o
 .debug_abbrev  0x00000496      0x40f C:\Users\Francisco\Documents\MCUXpressoIDE_11.1.1_3241\workspace\lpc_board_nxp_lpcxpresso_1769\Debug\liblpc_board_nxp_lpcxpresso_1769.a(board.o)
 .debug_abbrev  0x000008a5      0x1a2 C:\Users\Francisco\Documents\MCUXpressoIDE_11.1.1_3241\workspace\lpc_board_nxp_lpcxpresso_1769\Debug\liblpc_board_nxp_lpcxpresso_1769.a(board_sysinit.o)
 .debug_abbrev  0x00000a47      0x372 C:\Users\Francisco\Documents\MCUXpressoIDE_11.1.1_3241\workspace\lpc_chip_175x_6x\Debug\liblpc_chip_175x_6x.a(can_17xx_40xx.o)
 .debug_abbrev  0x00000db9      0x16d C:\Users\Francisco\Documents\MCUXpressoIDE_11.1.1_3241\workspace\lpc_chip_175x_6x\Debug\liblpc_chip_175x_6x.a(chip_17xx_40xx.o)
 .debug_abbrev  0x00000f26      0x34d C:\Users\Francisco\Documents\MCUXpressoIDE_11.1.1_3241\workspace\lpc_chip_175x_6x\Debug\liblpc_chip_175x_6x.a(clock_17xx_40xx.o)
 .debug_abbrev  0x00001273      0x164 C:\Users\Francisco\Documents\MCUXpressoIDE_11.1.1_3241\workspace\lpc_chip_175x_6x\Debug\liblpc_chip_175x_6x.a(iocon_17xx_40xx.o)
 .debug_abbrev  0x000013d7      0x1b0 C:\Users\Francisco\Documents\MCUXpressoIDE_11.1.1_3241\workspace\lpc_chip_175x_6x\Debug\liblpc_chip_175x_6x.a(sysinit_17xx_40xx.o)

.debug_aranges  0x00000000      0x648
 .debug_aranges
                0x00000000       0x50 ./example/src/can.o
 .debug_aranges
                0x00000050       0x80 ./example/src/cr_startup_lpc175x_6x.o
 .debug_aranges
                0x000000d0       0x20 ./example/src/sysinit.o
 .debug_aranges
                0x000000f0      0x150 C:\Users\Francisco\Documents\MCUXpressoIDE_11.1.1_3241\workspace\lpc_board_nxp_lpcxpresso_1769\Debug\liblpc_board_nxp_lpcxpresso_1769.a(board.o)
 .debug_aranges
                0x00000240       0x38 C:\Users\Francisco\Documents\MCUXpressoIDE_11.1.1_3241\workspace\lpc_board_nxp_lpcxpresso_1769\Debug\liblpc_board_nxp_lpcxpresso_1769.a(board_sysinit.o)
 .debug_aranges
                0x00000278      0x1e8 C:\Users\Francisco\Documents\MCUXpressoIDE_11.1.1_3241\workspace\lpc_chip_175x_6x\Debug\liblpc_chip_175x_6x.a(can_17xx_40xx.o)
 .debug_aranges
                0x00000460       0x38 C:\Users\Francisco\Documents\MCUXpressoIDE_11.1.1_3241\workspace\lpc_chip_175x_6x\Debug\liblpc_chip_175x_6x.a(chip_17xx_40xx.o)
 .debug_aranges
                0x00000498      0x120 C:\Users\Francisco\Documents\MCUXpressoIDE_11.1.1_3241\workspace\lpc_chip_175x_6x\Debug\liblpc_chip_175x_6x.a(clock_17xx_40xx.o)
 .debug_aranges
                0x000005b8       0x30 C:\Users\Francisco\Documents\MCUXpressoIDE_11.1.1_3241\workspace\lpc_chip_175x_6x\Debug\liblpc_chip_175x_6x.a(iocon_17xx_40xx.o)
 .debug_aranges
                0x000005e8       0x60 C:\Users\Francisco\Documents\MCUXpressoIDE_11.1.1_3241\workspace\lpc_chip_175x_6x\Debug\liblpc_chip_175x_6x.a(sysinit_17xx_40xx.o)

.debug_ranges   0x00000000      0x5d8
 .debug_ranges  0x00000000       0x40 ./example/src/can.o
 .debug_ranges  0x00000040       0x70 ./example/src/cr_startup_lpc175x_6x.o
 .debug_ranges  0x000000b0       0x10 ./example/src/sysinit.o
 .debug_ranges  0x000000c0      0x140 C:\Users\Francisco\Documents\MCUXpressoIDE_11.1.1_3241\workspace\lpc_board_nxp_lpcxpresso_1769\Debug\liblpc_board_nxp_lpcxpresso_1769.a(board.o)
 .debug_ranges  0x00000200       0x28 C:\Users\Francisco\Documents\MCUXpressoIDE_11.1.1_3241\workspace\lpc_board_nxp_lpcxpresso_1769\Debug\liblpc_board_nxp_lpcxpresso_1769.a(board_sysinit.o)
 .debug_ranges  0x00000228      0x208 C:\Users\Francisco\Documents\MCUXpressoIDE_11.1.1_3241\workspace\lpc_chip_175x_6x\Debug\liblpc_chip_175x_6x.a(can_17xx_40xx.o)
 .debug_ranges  0x00000430       0x28 C:\Users\Francisco\Documents\MCUXpressoIDE_11.1.1_3241\workspace\lpc_chip_175x_6x\Debug\liblpc_chip_175x_6x.a(chip_17xx_40xx.o)
 .debug_ranges  0x00000458      0x110 C:\Users\Francisco\Documents\MCUXpressoIDE_11.1.1_3241\workspace\lpc_chip_175x_6x\Debug\liblpc_chip_175x_6x.a(clock_17xx_40xx.o)
 .debug_ranges  0x00000568       0x20 C:\Users\Francisco\Documents\MCUXpressoIDE_11.1.1_3241\workspace\lpc_chip_175x_6x\Debug\liblpc_chip_175x_6x.a(iocon_17xx_40xx.o)
 .debug_ranges  0x00000588       0x50 C:\Users\Francisco\Documents\MCUXpressoIDE_11.1.1_3241\workspace\lpc_chip_175x_6x\Debug\liblpc_chip_175x_6x.a(sysinit_17xx_40xx.o)

.debug_macro    0x00000000     0x5743
 .debug_macro   0x00000000      0x22f ./example/src/can.o
 .debug_macro   0x0000022f      0xa9c ./example/src/can.o
 .debug_macro   0x00000ccb       0x10 ./example/src/can.o
 .debug_macro   0x00000cdb      0x12e ./example/src/can.o
 .debug_macro   0x00000e09      0x5b3 ./example/src/can.o
 .debug_macro   0x000013bc       0x22 ./example/src/can.o
 .debug_macro   0x000013de       0x7b ./example/src/can.o
 .debug_macro   0x00001459       0x10 ./example/src/can.o
 .debug_macro   0x00001469       0x2d ./example/src/can.o
 .debug_macro   0x00001496       0x3a ./example/src/can.o
 .debug_macro   0x000014d0       0x2d ./example/src/can.o
 .debug_macro   0x000014fd      0xbb1 ./example/src/can.o
 .debug_macro   0x000020ae      0x22c ./example/src/can.o
 .debug_macro   0x000022da       0x42 ./example/src/can.o
 .debug_macro   0x0000231c       0x52 ./example/src/can.o
 .debug_macro   0x0000236e       0x78 ./example/src/can.o
 .debug_macro   0x000023e6       0x82 ./example/src/can.o
 .debug_macro   0x00002468      0x48c ./example/src/can.o
 .debug_macro   0x000028f4       0x34 ./example/src/can.o
 .debug_macro   0x00002928      0x4c5 ./example/src/can.o
 .debug_macro   0x00002ded      0x1b7 ./example/src/can.o
 .debug_macro   0x00002fa4       0x10 ./example/src/can.o
 .debug_macro   0x00002fb4      0x21b ./example/src/can.o
 .debug_macro   0x000031cf      0x1b9 ./example/src/can.o
 .debug_macro   0x00003388       0x40 ./example/src/can.o
 .debug_macro   0x000033c8       0x22 ./example/src/can.o
 .debug_macro   0x000033ea      0x162 ./example/src/can.o
 .debug_macro   0x0000354c       0x94 ./example/src/can.o
 .debug_macro   0x000035e0       0xb8 ./example/src/can.o
 .debug_macro   0x00003698       0x4c ./example/src/can.o
 .debug_macro   0x000036e4       0x16 ./example/src/can.o
 .debug_macro   0x000036fa      0x328 ./example/src/can.o
 .debug_macro   0x00003a22       0x49 ./example/src/can.o
 .debug_macro   0x00003a6b       0x16 ./example/src/can.o
 .debug_macro   0x00003a81       0xca ./example/src/can.o
 .debug_macro   0x00003b4b       0x18 ./example/src/can.o
 .debug_macro   0x00003b63       0x70 ./example/src/can.o
 .debug_macro   0x00003bd3       0x9a ./example/src/can.o
 .debug_macro   0x00003c6d       0x20 ./example/src/can.o
 .debug_macro   0x00003c8d       0x28 ./example/src/can.o
 .debug_macro   0x00003cb5       0x1d ./example/src/cr_startup_lpc175x_6x.o
 .debug_macro   0x00003cd2      0x217 ./example/src/sysinit.o
 .debug_macro   0x00003ee9      0x280 C:\Users\Francisco\Documents\MCUXpressoIDE_11.1.1_3241\workspace\lpc_board_nxp_lpcxpresso_1769\Debug\liblpc_board_nxp_lpcxpresso_1769.a(board.o)
 .debug_macro   0x00004169      0xaa2 C:\Users\Francisco\Documents\MCUXpressoIDE_11.1.1_3241\workspace\lpc_board_nxp_lpcxpresso_1769\Debug\liblpc_board_nxp_lpcxpresso_1769.a(board.o)
 .debug_macro   0x00004c0b       0x20 C:\Users\Francisco\Documents\MCUXpressoIDE_11.1.1_3241\workspace\lpc_board_nxp_lpcxpresso_1769\Debug\liblpc_board_nxp_lpcxpresso_1769.a(board.o)
 .debug_macro   0x00004c2b      0x217 C:\Users\Francisco\Documents\MCUXpressoIDE_11.1.1_3241\workspace\lpc_board_nxp_lpcxpresso_1769\Debug\liblpc_board_nxp_lpcxpresso_1769.a(board_sysinit.o)
 .debug_macro   0x00004e42      0x1cd C:\Users\Francisco\Documents\MCUXpressoIDE_11.1.1_3241\workspace\lpc_chip_175x_6x\Debug\liblpc_chip_175x_6x.a(can_17xx_40xx.o)
 .debug_macro   0x0000500f      0x1cd C:\Users\Francisco\Documents\MCUXpressoIDE_11.1.1_3241\workspace\lpc_chip_175x_6x\Debug\liblpc_chip_175x_6x.a(chip_17xx_40xx.o)
 .debug_macro   0x000051dc      0x1cd C:\Users\Francisco\Documents\MCUXpressoIDE_11.1.1_3241\workspace\lpc_chip_175x_6x\Debug\liblpc_chip_175x_6x.a(clock_17xx_40xx.o)
 .debug_macro   0x000053a9      0x1cd C:\Users\Francisco\Documents\MCUXpressoIDE_11.1.1_3241\workspace\lpc_chip_175x_6x\Debug\liblpc_chip_175x_6x.a(iocon_17xx_40xx.o)
 .debug_macro   0x00005576      0x1cd C:\Users\Francisco\Documents\MCUXpressoIDE_11.1.1_3241\workspace\lpc_chip_175x_6x\Debug\liblpc_chip_175x_6x.a(sysinit_17xx_40xx.o)

.debug_line     0x00000000     0x4f9c
 .debug_line    0x00000000      0x657 ./example/src/can.o
 .debug_line    0x00000657      0x168 ./example/src/cr_startup_lpc175x_6x.o
 .debug_line    0x000007bf      0x52e ./example/src/sysinit.o
 .debug_line    0x00000ced      0xa2d C:\Users\Francisco\Documents\MCUXpressoIDE_11.1.1_3241\workspace\lpc_board_nxp_lpcxpresso_1769\Debug\liblpc_board_nxp_lpcxpresso_1769.a(board.o)
 .debug_line    0x0000171a      0x57f C:\Users\Francisco\Documents\MCUXpressoIDE_11.1.1_3241\workspace\lpc_board_nxp_lpcxpresso_1769\Debug\liblpc_board_nxp_lpcxpresso_1769.a(board_sysinit.o)
 .debug_line    0x00001c99     0x1913 C:\Users\Francisco\Documents\MCUXpressoIDE_11.1.1_3241\workspace\lpc_chip_175x_6x\Debug\liblpc_chip_175x_6x.a(can_17xx_40xx.o)
 .debug_line    0x000035ac      0x525 C:\Users\Francisco\Documents\MCUXpressoIDE_11.1.1_3241\workspace\lpc_chip_175x_6x\Debug\liblpc_chip_175x_6x.a(chip_17xx_40xx.o)
 .debug_line    0x00003ad1      0x98c C:\Users\Francisco\Documents\MCUXpressoIDE_11.1.1_3241\workspace\lpc_chip_175x_6x\Debug\liblpc_chip_175x_6x.a(clock_17xx_40xx.o)
 .debug_line    0x0000445d      0x541 C:\Users\Francisco\Documents\MCUXpressoIDE_11.1.1_3241\workspace\lpc_chip_175x_6x\Debug\liblpc_chip_175x_6x.a(iocon_17xx_40xx.o)
 .debug_line    0x0000499e      0x5fe C:\Users\Francisco\Documents\MCUXpressoIDE_11.1.1_3241\workspace\lpc_chip_175x_6x\Debug\liblpc_chip_175x_6x.a(sysinit_17xx_40xx.o)

.debug_str      0x00000000    0x13d50
 .debug_str     0x00000000    0x119ef ./example/src/can.o
                              0x11b2f (size before relaxing)
 .debug_str     0x000119ef      0x1de ./example/src/cr_startup_lpc175x_6x.o
                               0x2fb3 (size before relaxing)
 .debug_str     0x00011bcd       0x23 ./example/src/sysinit.o
                              0x11395 (size before relaxing)
 .debug_str     0x00011bf0      0xd35 C:\Users\Francisco\Documents\MCUXpressoIDE_11.1.1_3241\workspace\lpc_board_nxp_lpcxpresso_1769\Debug\liblpc_board_nxp_lpcxpresso_1769.a(board.o)
                              0x121f3 (size before relaxing)
 .debug_str     0x00012925      0x22d C:\Users\Francisco\Documents\MCUXpressoIDE_11.1.1_3241\workspace\lpc_board_nxp_lpcxpresso_1769\Debug\liblpc_board_nxp_lpcxpresso_1769.a(board_sysinit.o)
                              0x1178d (size before relaxing)
 .debug_str     0x00012b52      0xa4d C:\Users\Francisco\Documents\MCUXpressoIDE_11.1.1_3241\workspace\lpc_chip_175x_6x\Debug\liblpc_chip_175x_6x.a(can_17xx_40xx.o)
                              0x11dd4 (size before relaxing)
 .debug_str     0x0001359f       0x73 C:\Users\Francisco\Documents\MCUXpressoIDE_11.1.1_3241\workspace\lpc_chip_175x_6x\Debug\liblpc_chip_175x_6x.a(chip_17xx_40xx.o)
                              0x113ef (size before relaxing)
 .debug_str     0x00013612      0x601 C:\Users\Francisco\Documents\MCUXpressoIDE_11.1.1_3241\workspace\lpc_chip_175x_6x\Debug\liblpc_chip_175x_6x.a(clock_17xx_40xx.o)
                              0x11a6d (size before relaxing)
 .debug_str     0x00013c13       0x79 C:\Users\Francisco\Documents\MCUXpressoIDE_11.1.1_3241\workspace\lpc_chip_175x_6x\Debug\liblpc_chip_175x_6x.a(iocon_17xx_40xx.o)
                              0x10eea (size before relaxing)
 .debug_str     0x00013c8c       0xc4 C:\Users\Francisco\Documents\MCUXpressoIDE_11.1.1_3241\workspace\lpc_chip_175x_6x\Debug\liblpc_chip_175x_6x.a(sysinit_17xx_40xx.o)
                              0x110d2 (size before relaxing)

.comment        0x00000000       0x76
 .comment       0x00000000       0x76 ./example/src/can.o
                                 0x77 (size before relaxing)
 .comment       0x00000076       0x77 ./example/src/cr_startup_lpc175x_6x.o
 .comment       0x00000076       0x77 ./example/src/sysinit.o
 .comment       0x00000076       0x77 C:\Users\Francisco\Documents\MCUXpressoIDE_11.1.1_3241\workspace\lpc_board_nxp_lpcxpresso_1769\Debug\liblpc_board_nxp_lpcxpresso_1769.a(board.o)
 .comment       0x00000076       0x77 C:\Users\Francisco\Documents\MCUXpressoIDE_11.1.1_3241\workspace\lpc_board_nxp_lpcxpresso_1769\Debug\liblpc_board_nxp_lpcxpresso_1769.a(board_sysinit.o)
 .comment       0x00000076       0x77 C:\Users\Francisco\Documents\MCUXpressoIDE_11.1.1_3241\workspace\lpc_chip_175x_6x\Debug\liblpc_chip_175x_6x.a(can_17xx_40xx.o)
 .comment       0x00000076       0x77 C:\Users\Francisco\Documents\MCUXpressoIDE_11.1.1_3241\workspace\lpc_chip_175x_6x\Debug\liblpc_chip_175x_6x.a(chip_17xx_40xx.o)
 .comment       0x00000076       0x77 C:\Users\Francisco\Documents\MCUXpressoIDE_11.1.1_3241\workspace\lpc_chip_175x_6x\Debug\liblpc_chip_175x_6x.a(clock_17xx_40xx.o)
 .comment       0x00000076       0x77 C:\Users\Francisco\Documents\MCUXpressoIDE_11.1.1_3241\workspace\lpc_chip_175x_6x\Debug\liblpc_chip_175x_6x.a(iocon_17xx_40xx.o)
 .comment       0x00000076       0x77 C:\Users\Francisco\Documents\MCUXpressoIDE_11.1.1_3241\workspace\lpc_chip_175x_6x\Debug\liblpc_chip_175x_6x.a(sysinit_17xx_40xx.o)
 .comment       0x00000076       0x77 c:/nxp/mcuxpressoide_11.1.1_3241/ide/plugins/com.nxp.mcuxpresso.tools.win32_11.1.0.202001081728/tools/bin/../lib/gcc/arm-none-eabi/8.3.1/../../../../arm-none-eabi/lib/thumb/v7-m/nofp\libcr_nohost.a(_cr__main.o)
 .comment       0x00000076       0x77 c:/nxp/mcuxpressoide_11.1.1_3241/ide/plugins/com.nxp.mcuxpresso.tools.win32_11.1.0.202001081728/tools/bin/../lib/gcc/arm-none-eabi/8.3.1/../../../../arm-none-eabi/lib/thumb/v7-m/nofp\libcr_c.a(initio.o)
 .comment       0x00000076       0x77 c:/nxp/mcuxpressoide_11.1.1_3241/ide/plugins/com.nxp.mcuxpresso.tools.win32_11.1.0.202001081728/tools/bin/../lib/gcc/arm-none-eabi/8.3.1/../../../../arm-none-eabi/lib/thumb/v7-m/nofp\libcr_c.a(setvbuf.o)
 .comment       0x00000076       0x77 c:/nxp/mcuxpressoide_11.1.1_3241/ide/plugins/com.nxp.mcuxpresso.tools.win32_11.1.0.202001081728/tools/bin/../lib/gcc/arm-none-eabi/8.3.1/../../../../arm-none-eabi/lib/thumb/v7-m/nofp\libcr_c.a(_fdopen.o)
 .comment       0x00000076       0x77 c:/nxp/mcuxpressoide_11.1.1_3241/ide/plugins/com.nxp.mcuxpresso.tools.win32_11.1.0.202001081728/tools/bin/../lib/gcc/arm-none-eabi/8.3.1/../../../../arm-none-eabi/lib/thumb/v7-m/nofp\libcr_c.a(fclose.o)
 .comment       0x00000076       0x77 c:/nxp/mcuxpressoide_11.1.1_3241/ide/plugins/com.nxp.mcuxpresso.tools.win32_11.1.0.202001081728/tools/bin/../lib/gcc/arm-none-eabi/8.3.1/../../../../arm-none-eabi/lib/thumb/v7-m/nofp\libcr_c.a(fflush.o)
 .comment       0x00000076       0x77 c:/nxp/mcuxpressoide_11.1.1_3241/ide/plugins/com.nxp.mcuxpresso.tools.win32_11.1.0.202001081728/tools/bin/../lib/gcc/arm-none-eabi/8.3.1/../../../../arm-none-eabi/lib/thumb/v7-m/nofp\libcr_c.a(fseek.o)
 .comment       0x00000076       0x77 c:/nxp/mcuxpressoide_11.1.1_3241/ide/plugins/com.nxp.mcuxpresso.tools.win32_11.1.0.202001081728/tools/bin/../lib/gcc/arm-none-eabi/8.3.1/../../../../arm-none-eabi/lib/thumb/v7-m/nofp\libcr_c.a(ftell.o)
 .comment       0x00000076       0x77 c:/nxp/mcuxpressoide_11.1.1_3241/ide/plugins/com.nxp.mcuxpresso.tools.win32_11.1.0.202001081728/tools/bin/../lib/gcc/arm-none-eabi/8.3.1/../../../../arm-none-eabi/lib/thumb/v7-m/nofp\libcr_c.a(remove.o)
 .comment       0x00000076       0x77 c:/nxp/mcuxpressoide_11.1.1_3241/ide/plugins/com.nxp.mcuxpresso.tools.win32_11.1.0.202001081728/tools/bin/../lib/gcc/arm-none-eabi/8.3.1/../../../../arm-none-eabi/lib/thumb/v7-m/nofp\libcr_c.a(strlen.o)
 .comment       0x00000076       0x77 c:/nxp/mcuxpressoide_11.1.1_3241/ide/plugins/com.nxp.mcuxpresso.tools.win32_11.1.0.202001081728/tools/bin/../lib/gcc/arm-none-eabi/8.3.1/../../../../arm-none-eabi/lib/thumb/v7-m/nofp\libcr_c.a(memset.o)
 .comment       0x00000076       0x77 c:/nxp/mcuxpressoide_11.1.1_3241/ide/plugins/com.nxp.mcuxpresso.tools.win32_11.1.0.202001081728/tools/bin/../lib/gcc/arm-none-eabi/8.3.1/../../../../arm-none-eabi/lib/thumb/v7-m/nofp\libcr_c.a(_do_fflush.o)
 .comment       0x00000076       0x77 c:/nxp/mcuxpressoide_11.1.1_3241/ide/plugins/com.nxp.mcuxpresso.tools.win32_11.1.0.202001081728/tools/bin/../lib/gcc/arm-none-eabi/8.3.1/../../../../arm-none-eabi/lib/thumb/v7-m/nofp\libcr_c.a(_fflush.o)
 .comment       0x00000076       0x77 c:/nxp/mcuxpressoide_11.1.1_3241/ide/plugins/com.nxp.mcuxpresso.tools.win32_11.1.0.202001081728/tools/bin/../lib/gcc/arm-none-eabi/8.3.1/../../../../arm-none-eabi/lib/thumb/v7-m/nofp\libcr_c.a(_writebuf.o)
 .comment       0x00000076       0x77 c:/nxp/mcuxpressoide_11.1.1_3241/ide/plugins/com.nxp.mcuxpresso.tools.win32_11.1.0.202001081728/tools/bin/../lib/gcc/arm-none-eabi/8.3.1/../../../../arm-none-eabi/lib/thumb/v7-m/nofp\libcr_c.a(alloc.o)
 .comment       0x00000076       0x77 c:/nxp/mcuxpressoide_11.1.1_3241/ide/plugins/com.nxp.mcuxpresso.tools.win32_11.1.0.202001081728/tools/bin/../lib/gcc/arm-none-eabi/8.3.1/../../../../arm-none-eabi/lib/thumb/v7-m/nofp\libcr_c.a(errno.o)
 .comment       0x00000076       0x77 c:/nxp/mcuxpressoide_11.1.1_3241/ide/plugins/com.nxp.mcuxpresso.tools.win32_11.1.0.202001081728/tools/bin/../lib/gcc/arm-none-eabi/8.3.1/../../../../arm-none-eabi/lib/thumb/v7-m/nofp\libcr_c.a(_deferredlazyseek.o)
 .comment       0x00000076       0x77 c:/nxp/mcuxpressoide_11.1.1_3241/ide/plugins/com.nxp.mcuxpresso.tools.win32_11.1.0.202001081728/tools/bin/../lib/gcc/arm-none-eabi/8.3.1/../../../../arm-none-eabi/lib/thumb/v7-m/nofp\libcr_nohost.a(__ciob.o)
 .comment       0x00000076       0x77 c:/nxp/mcuxpressoide_11.1.1_3241/ide/plugins/com.nxp.mcuxpresso.tools.win32_11.1.0.202001081728/tools/bin/../lib/gcc/arm-none-eabi/8.3.1/../../../../arm-none-eabi/lib/thumb/v7-m/nofp\libcr_nohost.a(__sys_close.o)
 .comment       0x00000076       0x77 c:/nxp/mcuxpressoide_11.1.1_3241/ide/plugins/com.nxp.mcuxpresso.tools.win32_11.1.0.202001081728/tools/bin/../lib/gcc/arm-none-eabi/8.3.1/../../../../arm-none-eabi/lib/thumb/v7-m/nofp\libcr_nohost.a(__sys_flen.o)
 .comment       0x00000076       0x77 c:/nxp/mcuxpressoide_11.1.1_3241/ide/plugins/com.nxp.mcuxpresso.tools.win32_11.1.0.202001081728/tools/bin/../lib/gcc/arm-none-eabi/8.3.1/../../../../arm-none-eabi/lib/thumb/v7-m/nofp\libcr_nohost.a(__sys_istty.o)
 .comment       0x00000076       0x77 c:/nxp/mcuxpressoide_11.1.1_3241/ide/plugins/com.nxp.mcuxpresso.tools.win32_11.1.0.202001081728/tools/bin/../lib/gcc/arm-none-eabi/8.3.1/../../../../arm-none-eabi/lib/thumb/v7-m/nofp\libcr_nohost.a(__sys_remove.o)
 .comment       0x00000076       0x77 c:/nxp/mcuxpressoide_11.1.1_3241/ide/plugins/com.nxp.mcuxpresso.tools.win32_11.1.0.202001081728/tools/bin/../lib/gcc/arm-none-eabi/8.3.1/../../../../arm-none-eabi/lib/thumb/v7-m/nofp\libcr_nohost.a(__sys_seek.o)
 .comment       0x00000076       0x77 c:/nxp/mcuxpressoide_11.1.1_3241/ide/plugins/com.nxp.mcuxpresso.tools.win32_11.1.0.202001081728/tools/bin/../lib/gcc/arm-none-eabi/8.3.1/../../../../arm-none-eabi/lib/thumb/v7-m/nofp\libcr_nohost.a(__sys_tmpnam.o)
 .comment       0x00000076       0x77 c:/nxp/mcuxpressoide_11.1.1_3241/ide/plugins/com.nxp.mcuxpresso.tools.win32_11.1.0.202001081728/tools/bin/../lib/gcc/arm-none-eabi/8.3.1/../../../../arm-none-eabi/lib/thumb/v7-m/nofp\libcr_nohost.a(__sys_write.o)

.ARM.attributes
                0x00000000       0x2b
 .ARM.attributes
                0x00000000       0x2d ./example/src/can.o
 .ARM.attributes
                0x0000002d       0x2d ./example/src/cr_startup_lpc175x_6x.o
 .ARM.attributes
                0x0000005a       0x2d ./example/src/sysinit.o
 .ARM.attributes
                0x00000087       0x2d C:\Users\Francisco\Documents\MCUXpressoIDE_11.1.1_3241\workspace\lpc_board_nxp_lpcxpresso_1769\Debug\liblpc_board_nxp_lpcxpresso_1769.a(board.o)
 .ARM.attributes
                0x000000b4       0x2d C:\Users\Francisco\Documents\MCUXpressoIDE_11.1.1_3241\workspace\lpc_board_nxp_lpcxpresso_1769\Debug\liblpc_board_nxp_lpcxpresso_1769.a(board_sysinit.o)
 .ARM.attributes
                0x000000e1       0x2d C:\Users\Francisco\Documents\MCUXpressoIDE_11.1.1_3241\workspace\lpc_chip_175x_6x\Debug\liblpc_chip_175x_6x.a(can_17xx_40xx.o)
 .ARM.attributes
                0x0000010e       0x2d C:\Users\Francisco\Documents\MCUXpressoIDE_11.1.1_3241\workspace\lpc_chip_175x_6x\Debug\liblpc_chip_175x_6x.a(chip_17xx_40xx.o)
 .ARM.attributes
                0x0000013b       0x2d C:\Users\Francisco\Documents\MCUXpressoIDE_11.1.1_3241\workspace\lpc_chip_175x_6x\Debug\liblpc_chip_175x_6x.a(clock_17xx_40xx.o)
 .ARM.attributes
                0x00000168       0x2d C:\Users\Francisco\Documents\MCUXpressoIDE_11.1.1_3241\workspace\lpc_chip_175x_6x\Debug\liblpc_chip_175x_6x.a(iocon_17xx_40xx.o)
 .ARM.attributes
                0x00000195       0x2d C:\Users\Francisco\Documents\MCUXpressoIDE_11.1.1_3241\workspace\lpc_chip_175x_6x\Debug\liblpc_chip_175x_6x.a(sysinit_17xx_40xx.o)
 .ARM.attributes
                0x000001c2       0x2d c:/nxp/mcuxpressoide_11.1.1_3241/ide/plugins/com.nxp.mcuxpresso.tools.win32_11.1.0.202001081728/tools/bin/../lib/gcc/arm-none-eabi/8.3.1/../../../../arm-none-eabi/lib/thumb/v7-m/nofp\libcr_nohost.a(_cr__main.o)
 .ARM.attributes
                0x000001ef       0x2d c:/nxp/mcuxpressoide_11.1.1_3241/ide/plugins/com.nxp.mcuxpresso.tools.win32_11.1.0.202001081728/tools/bin/../lib/gcc/arm-none-eabi/8.3.1/../../../../arm-none-eabi/lib/thumb/v7-m/nofp\libcr_c.a(initio.o)
 .ARM.attributes
                0x0000021c       0x2d c:/nxp/mcuxpressoide_11.1.1_3241/ide/plugins/com.nxp.mcuxpresso.tools.win32_11.1.0.202001081728/tools/bin/../lib/gcc/arm-none-eabi/8.3.1/../../../../arm-none-eabi/lib/thumb/v7-m/nofp\libcr_c.a(setvbuf.o)
 .ARM.attributes
                0x00000249       0x2d c:/nxp/mcuxpressoide_11.1.1_3241/ide/plugins/com.nxp.mcuxpresso.tools.win32_11.1.0.202001081728/tools/bin/../lib/gcc/arm-none-eabi/8.3.1/../../../../arm-none-eabi/lib/thumb/v7-m/nofp\libcr_c.a(_fdopen.o)
 .ARM.attributes
                0x00000276       0x2d c:/nxp/mcuxpressoide_11.1.1_3241/ide/plugins/com.nxp.mcuxpresso.tools.win32_11.1.0.202001081728/tools/bin/../lib/gcc/arm-none-eabi/8.3.1/../../../../arm-none-eabi/lib/thumb/v7-m/nofp\libcr_c.a(fclose.o)
 .ARM.attributes
                0x000002a3       0x2d c:/nxp/mcuxpressoide_11.1.1_3241/ide/plugins/com.nxp.mcuxpresso.tools.win32_11.1.0.202001081728/tools/bin/../lib/gcc/arm-none-eabi/8.3.1/../../../../arm-none-eabi/lib/thumb/v7-m/nofp\libcr_c.a(fflush.o)
 .ARM.attributes
                0x000002d0       0x2d c:/nxp/mcuxpressoide_11.1.1_3241/ide/plugins/com.nxp.mcuxpresso.tools.win32_11.1.0.202001081728/tools/bin/../lib/gcc/arm-none-eabi/8.3.1/../../../../arm-none-eabi/lib/thumb/v7-m/nofp\libcr_c.a(fseek.o)
 .ARM.attributes
                0x000002fd       0x2d c:/nxp/mcuxpressoide_11.1.1_3241/ide/plugins/com.nxp.mcuxpresso.tools.win32_11.1.0.202001081728/tools/bin/../lib/gcc/arm-none-eabi/8.3.1/../../../../arm-none-eabi/lib/thumb/v7-m/nofp\libcr_c.a(ftell.o)
 .ARM.attributes
                0x0000032a       0x2d c:/nxp/mcuxpressoide_11.1.1_3241/ide/plugins/com.nxp.mcuxpresso.tools.win32_11.1.0.202001081728/tools/bin/../lib/gcc/arm-none-eabi/8.3.1/../../../../arm-none-eabi/lib/thumb/v7-m/nofp\libcr_c.a(remove.o)
 .ARM.attributes
                0x00000357       0x2d c:/nxp/mcuxpressoide_11.1.1_3241/ide/plugins/com.nxp.mcuxpresso.tools.win32_11.1.0.202001081728/tools/bin/../lib/gcc/arm-none-eabi/8.3.1/../../../../arm-none-eabi/lib/thumb/v7-m/nofp\libcr_c.a(strlen.o)
 .ARM.attributes
                0x00000384       0x2d c:/nxp/mcuxpressoide_11.1.1_3241/ide/plugins/com.nxp.mcuxpresso.tools.win32_11.1.0.202001081728/tools/bin/../lib/gcc/arm-none-eabi/8.3.1/../../../../arm-none-eabi/lib/thumb/v7-m/nofp\libcr_c.a(memset.o)
 .ARM.attributes
                0x000003b1       0x2d c:/nxp/mcuxpressoide_11.1.1_3241/ide/plugins/com.nxp.mcuxpresso.tools.win32_11.1.0.202001081728/tools/bin/../lib/gcc/arm-none-eabi/8.3.1/../../../../arm-none-eabi/lib/thumb/v7-m/nofp\libcr_c.a(_do_fflush.o)
 .ARM.attributes
                0x000003de       0x2d c:/nxp/mcuxpressoide_11.1.1_3241/ide/plugins/com.nxp.mcuxpresso.tools.win32_11.1.0.202001081728/tools/bin/../lib/gcc/arm-none-eabi/8.3.1/../../../../arm-none-eabi/lib/thumb/v7-m/nofp\libcr_c.a(_fflush.o)
 .ARM.attributes
                0x0000040b       0x2d c:/nxp/mcuxpressoide_11.1.1_3241/ide/plugins/com.nxp.mcuxpresso.tools.win32_11.1.0.202001081728/tools/bin/../lib/gcc/arm-none-eabi/8.3.1/../../../../arm-none-eabi/lib/thumb/v7-m/nofp\libcr_c.a(_writebuf.o)
 .ARM.attributes
                0x00000438       0x2d c:/nxp/mcuxpressoide_11.1.1_3241/ide/plugins/com.nxp.mcuxpresso.tools.win32_11.1.0.202001081728/tools/bin/../lib/gcc/arm-none-eabi/8.3.1/../../../../arm-none-eabi/lib/thumb/v7-m/nofp\libcr_c.a(alloc.o)
 .ARM.attributes
                0x00000465       0x33 c:/nxp/mcuxpressoide_11.1.1_3241/ide/plugins/com.nxp.mcuxpresso.tools.win32_11.1.0.202001081728/tools/bin/../lib/gcc/arm-none-eabi/8.3.1/../../../../arm-none-eabi/lib/thumb/v7-m/nofp\libcr_c.a(errno.o)
 .ARM.attributes
                0x00000498       0x2d c:/nxp/mcuxpressoide_11.1.1_3241/ide/plugins/com.nxp.mcuxpresso.tools.win32_11.1.0.202001081728/tools/bin/../lib/gcc/arm-none-eabi/8.3.1/../../../../arm-none-eabi/lib/thumb/v7-m/nofp\libcr_c.a(_deferredlazyseek.o)
 .ARM.attributes
                0x000004c5       0x1b c:/nxp/mcuxpressoide_11.1.1_3241/ide/plugins/com.nxp.mcuxpresso.tools.win32_11.1.0.202001081728/tools/bin/../lib/gcc/arm-none-eabi/8.3.1/thumb/v7-m/nofp\libcr_eabihelpers.a(memcpy.o)
 .ARM.attributes
                0x000004e0       0x33 c:/nxp/mcuxpressoide_11.1.1_3241/ide/plugins/com.nxp.mcuxpresso.tools.win32_11.1.0.202001081728/tools/bin/../lib/gcc/arm-none-eabi/8.3.1/../../../../arm-none-eabi/lib/thumb/v7-m/nofp\libcr_nohost.a(__ciob.o)
 .ARM.attributes
                0x00000513       0x2d c:/nxp/mcuxpressoide_11.1.1_3241/ide/plugins/com.nxp.mcuxpresso.tools.win32_11.1.0.202001081728/tools/bin/../lib/gcc/arm-none-eabi/8.3.1/../../../../arm-none-eabi/lib/thumb/v7-m/nofp\libcr_nohost.a(__sys_close.o)
 .ARM.attributes
                0x00000540       0x2d c:/nxp/mcuxpressoide_11.1.1_3241/ide/plugins/com.nxp.mcuxpresso.tools.win32_11.1.0.202001081728/tools/bin/../lib/gcc/arm-none-eabi/8.3.1/../../../../arm-none-eabi/lib/thumb/v7-m/nofp\libcr_nohost.a(__sys_flen.o)
 .ARM.attributes
                0x0000056d       0x2d c:/nxp/mcuxpressoide_11.1.1_3241/ide/plugins/com.nxp.mcuxpresso.tools.win32_11.1.0.202001081728/tools/bin/../lib/gcc/arm-none-eabi/8.3.1/../../../../arm-none-eabi/lib/thumb/v7-m/nofp\libcr_nohost.a(__sys_istty.o)
 .ARM.attributes
                0x0000059a       0x2d c:/nxp/mcuxpressoide_11.1.1_3241/ide/plugins/com.nxp.mcuxpresso.tools.win32_11.1.0.202001081728/tools/bin/../lib/gcc/arm-none-eabi/8.3.1/../../../../arm-none-eabi/lib/thumb/v7-m/nofp\libcr_nohost.a(__sys_remove.o)
 .ARM.attributes
                0x000005c7       0x2d c:/nxp/mcuxpressoide_11.1.1_3241/ide/plugins/com.nxp.mcuxpresso.tools.win32_11.1.0.202001081728/tools/bin/../lib/gcc/arm-none-eabi/8.3.1/../../../../arm-none-eabi/lib/thumb/v7-m/nofp\libcr_nohost.a(__sys_seek.o)
 .ARM.attributes
                0x000005f4       0x2d c:/nxp/mcuxpressoide_11.1.1_3241/ide/plugins/com.nxp.mcuxpresso.tools.win32_11.1.0.202001081728/tools/bin/../lib/gcc/arm-none-eabi/8.3.1/../../../../arm-none-eabi/lib/thumb/v7-m/nofp\libcr_nohost.a(__sys_tmpnam.o)
 .ARM.attributes
                0x00000621       0x2d c:/nxp/mcuxpressoide_11.1.1_3241/ide/plugins/com.nxp.mcuxpresso.tools.win32_11.1.0.202001081728/tools/bin/../lib/gcc/arm-none-eabi/8.3.1/../../../../arm-none-eabi/lib/thumb/v7-m/nofp\libcr_nohost.a(__sys_write.o)

.debug_frame    0x00000000     0x1834
 .debug_frame   0x00000000      0x110 ./example/src/can.o
 .debug_frame   0x00000110      0x170 ./example/src/cr_startup_lpc175x_6x.o
 .debug_frame   0x00000280       0x34 ./example/src/sysinit.o
 .debug_frame   0x000002b4      0x58c C:\Users\Francisco\Documents\MCUXpressoIDE_11.1.1_3241\workspace\lpc_board_nxp_lpcxpresso_1769\Debug\liblpc_board_nxp_lpcxpresso_1769.a(board.o)
 .debug_frame   0x00000840       0x8c C:\Users\Francisco\Documents\MCUXpressoIDE_11.1.1_3241\workspace\lpc_board_nxp_lpcxpresso_1769\Debug\liblpc_board_nxp_lpcxpresso_1769.a(board_sysinit.o)
 .debug_frame   0x000008cc      0x8a4 C:\Users\Francisco\Documents\MCUXpressoIDE_11.1.1_3241\workspace\lpc_chip_175x_6x\Debug\liblpc_chip_175x_6x.a(can_17xx_40xx.o)
 .debug_frame   0x00001170       0x88 C:\Users\Francisco\Documents\MCUXpressoIDE_11.1.1_3241\workspace\lpc_chip_175x_6x\Debug\liblpc_chip_175x_6x.a(chip_17xx_40xx.o)
 .debug_frame   0x000011f8      0x490 C:\Users\Francisco\Documents\MCUXpressoIDE_11.1.1_3241\workspace\lpc_chip_175x_6x\Debug\liblpc_chip_175x_6x.a(clock_17xx_40xx.o)
 .debug_frame   0x00001688       0x80 C:\Users\Francisco\Documents\MCUXpressoIDE_11.1.1_3241\workspace\lpc_chip_175x_6x\Debug\liblpc_chip_175x_6x.a(iocon_17xx_40xx.o)
 .debug_frame   0x00001708      0x12c C:\Users\Francisco\Documents\MCUXpressoIDE_11.1.1_3241\workspace\lpc_chip_175x_6x\Debug\liblpc_chip_175x_6x.a(sysinit_17xx_40xx.o)
