Archive member included because of file (symbol)

F:\Ruben\facu\TD II\2013\Ver\workspaceR4054\CMSISv1p30_LPC17xx\Debug\libCMSISv1p30_LPC17xx.a(system_LPC17xx.o)
                              ./src/cr_startup_lpc176x.o (SystemInit)
F:\Ruben\facu\TD II\2013\Ver\workspaceR4054\Lib_CMSIS\Debug\libLib_CMSIS.a(lpc17xx_gpio.o)
                              ./src/main.o (GPIO_SetDir)
F:\Ruben\facu\TD II\2013\Ver\workspaceR4054\Lib_CMSIS\Debug\libLib_CMSIS.a(lpc17xx_systick.o)
                              ./src/main.o (SYSTICK_InternalInit)
F:\Ruben\facu\TD II\2013\Ver\workspaceR4054\Lib_CMSIS\Debug\libLib_CMSIS.a(lpc17xx_libcfg_default.o)
                              F:\Ruben\facu\TD II\2013\Ver\workspaceR4054\Lib_CMSIS\Debug\libLib_CMSIS.a(lpc17xx_systick.o) (check_failed)
c:/nxp/lpcxpresso_3.6/tools/bin/../lib/gcc/arm-none-eabi/4.3.3/../../../../arm-none-eabi/lib/thumb2\libcr_c.a(__weak__main.o)
                              ./src/cr_startup_lpc176x.o (__main)
c:/nxp/lpcxpresso_3.6/tools/bin/../lib/gcc/arm-none-eabi/4.3.3/../../../../arm-none-eabi/lib/thumb2\libcr_c.a(ctype.o)
                              c:/nxp/lpcxpresso_3.6/tools/bin/../lib/gcc/arm-none-eabi/4.3.3/../../../../arm-none-eabi/lib/thumb2\libcr_c.a(__weak__main.o) (_ctype_init)
c:/nxp/lpcxpresso_3.6/tools/bin/../lib/gcc/arm-none-eabi/4.3.3/../../../../arm-none-eabi/lib/thumb2\libcr_c.a(__init_alloc.o)
                              c:/nxp/lpcxpresso_3.6/tools/bin/../lib/gcc/arm-none-eabi/4.3.3/../../../../arm-none-eabi/lib/thumb2\libcr_c.a(__weak__main.o) (_init_alloc)
c:/nxp/lpcxpresso_3.6/tools/bin/../lib/gcc/arm-none-eabi/4.3.3/thumb2\libcr_eabihelpers.a(float.o)
                              F:\Ruben\facu\TD II\2013\Ver\workspaceR4054\Lib_CMSIS\Debug\libLib_CMSIS.a(lpc17xx_systick.o) (__aeabi_fcmpgt)

Allocating common symbols
Common symbol       size              file

SysTickCnt          0x4               ./src/main.o
__heaps             0x4               c:/nxp/lpcxpresso_3.6/tools/bin/../lib/gcc/arm-none-eabi/4.3.3/../../../../arm-none-eabi/lib/thumb2\libcr_c.a(__init_alloc.o)
__end_of_heap       0x4               c:/nxp/lpcxpresso_3.6/tools/bin/../lib/gcc/arm-none-eabi/4.3.3/../../../../arm-none-eabi/lib/thumb2\libcr_c.a(__init_alloc.o)

Discarded input sections

 .text          0x00000000        0x0 ./src/cr_startup_lpc176x.o
 .data          0x00000000        0x0 ./src/cr_startup_lpc176x.o
 .bss           0x00000000        0x0 ./src/cr_startup_lpc176x.o
 .text          0x00000000        0x0 ./src/main.o
 .data          0x00000000        0x0 ./src/main.o
 .bss           0x00000000        0x0 ./src/main.o
 .text          0x00000000        0x0 F:\Ruben\facu\TD II\2013\Ver\workspaceR4054\CMSISv1p30_LPC17xx\Debug\libCMSISv1p30_LPC17xx.a(system_LPC17xx.o)
 .bss           0x00000000        0x0 F:\Ruben\facu\TD II\2013\Ver\workspaceR4054\CMSISv1p30_LPC17xx\Debug\libCMSISv1p30_LPC17xx.a(system_LPC17xx.o)
 .text.SystemCoreClockUpdate
                0x00000000        0x0 F:\Ruben\facu\TD II\2013\Ver\workspaceR4054\CMSISv1p30_LPC17xx\Debug\libCMSISv1p30_LPC17xx.a(system_LPC17xx.o)
 .data          0x00000000        0x0 F:\Ruben\facu\TD II\2013\Ver\workspaceR4054\Lib_CMSIS\Debug\libLib_CMSIS.a(lpc17xx_gpio.o)
 .bss           0x00000000        0x0 F:\Ruben\facu\TD II\2013\Ver\workspaceR4054\Lib_CMSIS\Debug\libLib_CMSIS.a(lpc17xx_gpio.o)
 .data          0x00000000        0x0 F:\Ruben\facu\TD II\2013\Ver\workspaceR4054\Lib_CMSIS\Debug\libLib_CMSIS.a(lpc17xx_systick.o)
 .bss           0x00000000        0x0 F:\Ruben\facu\TD II\2013\Ver\workspaceR4054\Lib_CMSIS\Debug\libLib_CMSIS.a(lpc17xx_systick.o)
 .data          0x00000000        0x0 F:\Ruben\facu\TD II\2013\Ver\workspaceR4054\Lib_CMSIS\Debug\libLib_CMSIS.a(lpc17xx_libcfg_default.o)
 .bss           0x00000000        0x0 F:\Ruben\facu\TD II\2013\Ver\workspaceR4054\Lib_CMSIS\Debug\libLib_CMSIS.a(lpc17xx_libcfg_default.o)
 .text          0x00000000        0x0 c:/nxp/lpcxpresso_3.6/tools/bin/../lib/gcc/arm-none-eabi/4.3.3/../../../../arm-none-eabi/lib/thumb2\libcr_c.a(__weak__main.o)
 .data          0x00000000        0x0 c:/nxp/lpcxpresso_3.6/tools/bin/../lib/gcc/arm-none-eabi/4.3.3/../../../../arm-none-eabi/lib/thumb2\libcr_c.a(__weak__main.o)
 .bss           0x00000000        0x0 c:/nxp/lpcxpresso_3.6/tools/bin/../lib/gcc/arm-none-eabi/4.3.3/../../../../arm-none-eabi/lib/thumb2\libcr_c.a(__weak__main.o)
 .bss           0x00000000        0x0 c:/nxp/lpcxpresso_3.6/tools/bin/../lib/gcc/arm-none-eabi/4.3.3/../../../../arm-none-eabi/lib/thumb2\libcr_c.a(ctype.o)
 .text          0x00000000        0x0 c:/nxp/lpcxpresso_3.6/tools/bin/../lib/gcc/arm-none-eabi/4.3.3/../../../../arm-none-eabi/lib/thumb2\libcr_c.a(__init_alloc.o)
 .data          0x00000000        0x0 c:/nxp/lpcxpresso_3.6/tools/bin/../lib/gcc/arm-none-eabi/4.3.3/../../../../arm-none-eabi/lib/thumb2\libcr_c.a(__init_alloc.o)
 .bss           0x00000000        0x0 c:/nxp/lpcxpresso_3.6/tools/bin/../lib/gcc/arm-none-eabi/4.3.3/../../../../arm-none-eabi/lib/thumb2\libcr_c.a(__init_alloc.o)
 .text._start_module__init_alloc
                0x00000000        0x0 c:/nxp/lpcxpresso_3.6/tools/bin/../lib/gcc/arm-none-eabi/4.3.3/../../../../arm-none-eabi/lib/thumb2\libcr_c.a(__init_alloc.o)
 .text._end_module__init_alloc
                0x00000000        0x0 c:/nxp/lpcxpresso_3.6/tools/bin/../lib/gcc/arm-none-eabi/4.3.3/../../../../arm-none-eabi/lib/thumb2\libcr_c.a(__init_alloc.o)
 .text          0x00000000        0x0 c:/nxp/lpcxpresso_3.6/tools/bin/../lib/gcc/arm-none-eabi/4.3.3/thumb2\libcr_eabihelpers.a(float.o)
 .data          0x00000000        0x0 c:/nxp/lpcxpresso_3.6/tools/bin/../lib/gcc/arm-none-eabi/4.3.3/thumb2\libcr_eabihelpers.a(float.o)
 .bss           0x00000000        0x0 c:/nxp/lpcxpresso_3.6/tools/bin/../lib/gcc/arm-none-eabi/4.3.3/thumb2\libcr_eabihelpers.a(float.o)
 .text.__aeabi_fmul
                0x00000000        0x0 c:/nxp/lpcxpresso_3.6/tools/bin/../lib/gcc/arm-none-eabi/4.3.3/thumb2\libcr_eabihelpers.a(float.o)
 .text.__aeabi_fdiv
                0x00000000        0x0 c:/nxp/lpcxpresso_3.6/tools/bin/../lib/gcc/arm-none-eabi/4.3.3/thumb2\libcr_eabihelpers.a(float.o)
 .text.__aeabi_fsub
                0x00000000        0x0 c:/nxp/lpcxpresso_3.6/tools/bin/../lib/gcc/arm-none-eabi/4.3.3/thumb2\libcr_eabihelpers.a(float.o)
 .text.__aeabi_fadd
                0x00000000        0x0 c:/nxp/lpcxpresso_3.6/tools/bin/../lib/gcc/arm-none-eabi/4.3.3/thumb2\libcr_eabihelpers.a(float.o)
 .text.__aeabi_frsub
                0x00000000        0x0 c:/nxp/lpcxpresso_3.6/tools/bin/../lib/gcc/arm-none-eabi/4.3.3/thumb2\libcr_eabihelpers.a(float.o)
 .text.__aeabi_fneg
                0x00000000        0x0 c:/nxp/lpcxpresso_3.6/tools/bin/../lib/gcc/arm-none-eabi/4.3.3/thumb2\libcr_eabihelpers.a(float.o)
 .text.__aeabi_f2iz
                0x00000000        0x0 c:/nxp/lpcxpresso_3.6/tools/bin/../lib/gcc/arm-none-eabi/4.3.3/thumb2\libcr_eabihelpers.a(float.o)
 .text.__aeabi_f2uiz
                0x00000000        0x0 c:/nxp/lpcxpresso_3.6/tools/bin/../lib/gcc/arm-none-eabi/4.3.3/thumb2\libcr_eabihelpers.a(float.o)
 .text.__aeabi_f2lz
                0x00000000        0x0 c:/nxp/lpcxpresso_3.6/tools/bin/../lib/gcc/arm-none-eabi/4.3.3/thumb2\libcr_eabihelpers.a(float.o)
 .text.__aeabi_f2ulz
                0x00000000        0x0 c:/nxp/lpcxpresso_3.6/tools/bin/../lib/gcc/arm-none-eabi/4.3.3/thumb2\libcr_eabihelpers.a(float.o)
 .text.__bhs_ui2f
                0x00000000        0x0 c:/nxp/lpcxpresso_3.6/tools/bin/../lib/gcc/arm-none-eabi/4.3.3/thumb2\libcr_eabihelpers.a(float.o)
 .text.__bhs_ul2f
                0x00000000        0x0 c:/nxp/lpcxpresso_3.6/tools/bin/../lib/gcc/arm-none-eabi/4.3.3/thumb2\libcr_eabihelpers.a(float.o)
 .text.__aeabi_f2d
                0x00000000        0x0 c:/nxp/lpcxpresso_3.6/tools/bin/../lib/gcc/arm-none-eabi/4.3.3/thumb2\libcr_eabihelpers.a(float.o)
 .text.__aeabi_fcmpeq
                0x00000000        0x0 c:/nxp/lpcxpresso_3.6/tools/bin/../lib/gcc/arm-none-eabi/4.3.3/thumb2\libcr_eabihelpers.a(float.o)
 .text.__aeabi_fcmplt
                0x00000000        0x0 c:/nxp/lpcxpresso_3.6/tools/bin/../lib/gcc/arm-none-eabi/4.3.3/thumb2\libcr_eabihelpers.a(float.o)
 .text.__aeabi_fcmple
                0x00000000        0x0 c:/nxp/lpcxpresso_3.6/tools/bin/../lib/gcc/arm-none-eabi/4.3.3/thumb2\libcr_eabihelpers.a(float.o)
 .text.__aeabi_fcmpge
                0x00000000        0x0 c:/nxp/lpcxpresso_3.6/tools/bin/../lib/gcc/arm-none-eabi/4.3.3/thumb2\libcr_eabihelpers.a(float.o)
 .text.__aeabi_fcmpun
                0x00000000        0x0 c:/nxp/lpcxpresso_3.6/tools/bin/../lib/gcc/arm-none-eabi/4.3.3/thumb2\libcr_eabihelpers.a(float.o)
 .text.__aeabi_i2f
                0x00000000        0x0 c:/nxp/lpcxpresso_3.6/tools/bin/../lib/gcc/arm-none-eabi/4.3.3/thumb2\libcr_eabihelpers.a(float.o)
 .text.__aeabi_l2f
                0x00000000        0x0 c:/nxp/lpcxpresso_3.6/tools/bin/../lib/gcc/arm-none-eabi/4.3.3/thumb2\libcr_eabihelpers.a(float.o)
 .text.__aeabi_ul2f
                0x00000000        0x0 c:/nxp/lpcxpresso_3.6/tools/bin/../lib/gcc/arm-none-eabi/4.3.3/thumb2\libcr_eabihelpers.a(float.o)

Memory Configuration

Name             Origin             Length             Attributes
MFlash512        0x00000000         0x00020000         xr
RamLoc32         0x10000000         0x00008000         xrw
RamAHB32         0x2007c000         0x00008000         xrw
*default*        0x00000000         0xffffffff

Linker script and memory map

LOAD ./src/cr_startup_lpc176x.o
LOAD ./src/main.o
LOAD F:\Ruben\facu\TD II\2013\Ver\workspaceR4054\CMSISv1p30_LPC17xx\Debug\libCMSISv1p30_LPC17xx.a
LOAD F:\Ruben\facu\TD II\2013\Ver\workspaceR4054\Lib_CMSIS\Debug\libLib_CMSIS.a
START GROUP
LOAD c:/nxp/lpcxpresso_3.6/tools/bin/../lib/gcc/arm-none-eabi/4.3.3/../../../../arm-none-eabi/lib/thumb2\libcr_c.a
LOAD c:/nxp/lpcxpresso_3.6/tools/bin/../lib/gcc/arm-none-eabi/4.3.3/thumb2\libcr_eabihelpers.a
END GROUP
                0x00080000                __top_MFlash512 = 0x80000
                0x10008000                __top_RamLoc32 = 0x10008000
                0x20084000                __top_RamAHB32 = 0x20084000

.text           0x00000000     0x1424
 FILL mask 0xff
 *(.isr_vector)
 .isr_vector    0x00000000       0xcc ./src/cr_startup_lpc176x.o
                0x00000000                g_pfnVectors
                0x000000cc                . = ALIGN (0x4)
                0x000000cc                __section_table_start = .
                0x000000cc                __data_section_table = .
                0x000000cc        0x4 LONG 0x1424 LOADADDR (.data)
                0x000000d0        0x4 LONG 0x10000000 ADDR (.data)
                0x000000d4        0x4 LONG 0x208 SIZEOF (.data)
                0x000000d8        0x4 LONG 0x1424 LOADADDR (.data_RAM2)
                0x000000dc        0x4 LONG 0x2007c000 ADDR (.data_RAM2)
                0x000000e0        0x4 LONG 0x0 SIZEOF (.data_RAM2)
                0x000000e4                __data_section_table_end = .
                0x000000e4                __bss_section_table = .
                0x000000e4        0x4 LONG 0x10000208 ADDR (.bss)
                0x000000e8        0x4 LONG 0xc SIZEOF (.bss)
                0x000000ec        0x4 LONG 0x2007c000 ADDR (.bss_RAM2)
                0x000000f0        0x4 LONG 0x0 SIZEOF (.bss_RAM2)
                0x000000f4                __bss_section_table_end = .
                0x000000f4                __section_table_end = .
 *(.after_vectors*)
 .after_vectors
                0x000000f4       0x90 ./src/cr_startup_lpc176x.o
                0x00000130                SVCall_Handler
                0x00000140                TIMER2_IRQHandler
                0x00000134                DebugMon_Handler
                0x00000140                RIT_IRQHandler
                0x00000140                I2C0_IRQHandler
                0x00000120                HardFault_Handler
                0x00000140                USBActivity_IRQHandler
                0x00000140                PWM1_IRQHandler
                0x00000138                PendSV_Handler
                0x0000011c                NMI_Handler
                0x00000140                I2C1_IRQHandler
                0x00000140                EINT2_IRQHandler
                0x00000140                UART1_IRQHandler
                0x00000140                EINT3_IRQHandler
                0x00000140                CANActivity_IRQHandler
                0x00000140                TIMER3_IRQHandler
                0x00000140                UART0_IRQHandler
                0x0000010c                bss_init
                0x0000012c                UsageFault_Handler
                0x00000140                IntDefaultHandler
                0x00000140                PLL0_IRQHandler
                0x00000140                CAN_IRQHandler
                0x00000140                PLL1_IRQHandler
                0x00000140                SSP0_IRQHandler
                0x00000140                I2S_IRQHandler
                0x00000140                I2C2_IRQHandler
                0x00000140                RTC_IRQHandler
                0x00000140                TIMER0_IRQHandler
                0x00000140                SPI_IRQHandler
                0x000000f4                data_init
                0x00000140                EINT1_IRQHandler
                0x00000140                TIMER1_IRQHandler
                0x00000140                UART2_IRQHandler
                0x00000140                ADC_IRQHandler
                0x00000140                SSP1_IRQHandler
                0x00000140                USB_IRQHandler
                0x00000140                BOD_IRQHandler
                0x00000124                MemManage_Handler
                0x00000140                WDT_IRQHandler
                0x00000140                QEI_IRQHandler
                0x00000140                EINT0_IRQHandler
                0x00000144                ResetISR
                0x00000140                DMA_IRQHandler
                0x00000128                BusFault_Handler
                0x00000140                UART3_IRQHandler
                0x00000140                MCPWM_IRQHandler
                0x00000140                ENET_IRQHandler
 *(.text*)
 .text.SysTick_Handler
                0x00000184       0x24 ./src/main.o
                0x00000184                SysTick_Handler
 .text.Delay    0x000001a8       0x34 ./src/main.o
                0x000001a8                Delay
 .text.main     0x000001dc       0x58 ./src/main.o
                0x000001dc                main
 .text.SystemInit
                0x00000234      0x224 F:\Ruben\facu\TD II\2013\Ver\workspaceR4054\CMSISv1p30_LPC17xx\Debug\libCMSISv1p30_LPC17xx.a(system_LPC17xx.o)
                0x00000234                SystemInit
 .text          0x00000458      0x904 F:\Ruben\facu\TD II\2013\Ver\workspaceR4054\Lib_CMSIS\Debug\libLib_CMSIS.a(lpc17xx_gpio.o)
                0x00000614                GPIO_SetValue
                0x00000a1c                FIO_HalfWordSetMask
                0x00000640                GPIO_ClearValue
                0x000005c0                GPIO_SetDir
                0x00000c10                FIO_ByteSetMask
                0x00000830                FIO_SetDir
                0x000007f0                GPIO_ClearInt
                0x00000874                FIO_ClearValue
                0x00000c9c                FIO_ByteSetValue
                0x0000066c                GPIO_ReadValue
                0x00000d14                FIO_ByteReadValue
                0x00000974                FIO_HalfWordSetDir
                0x00000920                FIO_SetMask
                0x00000b44                FIO_HalfWordReadValue
                0x00000728                GPIO_GetIntStatus
                0x00000854                FIO_SetValue
                0x00000cd8                FIO_ByteClearValue
                0x000008b4                FIO_IntCmd
                0x000008d8                FIO_GetIntStatus
                0x00000b04                FIO_HalfWordClearValue
                0x000006a4                GPIO_IntCmd
                0x00000ac4                FIO_HalfWordSetValue
                0x00000900                FIO_ClearInt
                0x00000894                FIO_ReadValue
                0x00000b94                FIO_ByteSetDir
 .text          0x00000d5c      0x260 F:\Ruben\facu\TD II\2013\Ver\workspaceR4054\Lib_CMSIS\Debug\libLib_CMSIS.a(lpc17xx_systick.o)
                0x00000dfc                SYSTICK_ExternalInit
                0x00000d5c                SYSTICK_InternalInit
                0x00000f98                SYSTICK_ClearCounterFlag
                0x00000eb0                SYSTICK_Cmd
                0x00000f80                SYSTICK_GetCurrentValue
                0x00000f18                SYSTICK_IntCmd
 .text          0x00000fbc        0xc F:\Ruben\facu\TD II\2013\Ver\workspaceR4054\Lib_CMSIS\Debug\libLib_CMSIS.a(lpc17xx_libcfg_default.o)
                0x00000fbc                check_failed
 .text.__weak_main
                0x00000fc8       0x10 c:/nxp/lpcxpresso_3.6/tools/bin/../lib/gcc/arm-none-eabi/4.3.3/../../../../arm-none-eabi/lib/thumb2\libcr_c.a(__weak__main.o)
                0x00000fc8                __main
                0x00000fc8                __weak_main
 .text          0x00000fd8      0x36c c:/nxp/lpcxpresso_3.6/tools/bin/../lib/gcc/arm-none-eabi/4.3.3/../../../../arm-none-eabi/lib/thumb2\libcr_c.a(ctype.o)
                0x00000fd8                _start_module_ctype
                0x000010ac                islower
                0x0000119c                tolower
                0x000010fc                ispunct
                0x00001124                isspace
                0x00001338                _end_module_ctype
                0x00001174                isxdigit
                0x000012b4                _ctype_init
                0x0000114c                isupper
                0x0000100c                isalpha
                0x00001084                isgraph
                0x00000fe4                isalnum
                0x000010d4                isprint
                0x00001214                _set_ctype_8859
                0x0000105c                isdigit
                0x00001034                iscntrl
                0x000011d8                toupper
 .text._init_alloc
                0x00001344       0x18 c:/nxp/lpcxpresso_3.6/tools/bin/../lib/gcc/arm-none-eabi/4.3.3/../../../../arm-none-eabi/lib/thumb2\libcr_c.a(__init_alloc.o)
                0x00001344                _init_alloc
 .text.__aeabi_fcmpgt
                0x0000135c       0x50 c:/nxp/lpcxpresso_3.6/tools/bin/../lib/gcc/arm-none-eabi/4.3.3/thumb2\libcr_eabihelpers.a(float.o)
                0x0000135c                __aeabi_fcmpgt
 .text.__aeabi_ui2f
                0x000013ac       0x54 c:/nxp/lpcxpresso_3.6/tools/bin/../lib/gcc/arm-none-eabi/4.3.3/thumb2\libcr_eabihelpers.a(float.o)
                0x000013ac                __aeabi_ui2f
 *(.rodata .rodata.*)
 .rodata        0x00001400       0x24 F:\Ruben\facu\TD II\2013\Ver\workspaceR4054\Lib_CMSIS\Debug\libLib_CMSIS.a(lpc17xx_systick.o)
                0x00001424                . = ALIGN (0x4)

.glue_7         0x00001424        0x0
 .glue_7        0x00000000        0x0 linker stubs

.glue_7t        0x00001424        0x0
 .glue_7t       0x00000000        0x0 linker stubs

.vfp11_veneer   0x00001424        0x0
 .vfp11_veneer  0x00000000        0x0 linker stubs

.v4_bx          0x00001424        0x0
 .v4_bx         0x00000000        0x0 linker stubs

.ARM.extab
 *(.ARM.extab* .gnu.linkonce.armextab.*)
                0x00001424                __exidx_start = .

.ARM.exidx
 *(.ARM.exidx* .gnu.linkonce.armexidx.*)
                0x00001424                __exidx_end = .
                0x00001424                _etext = .

.data_RAM2      0x2007c000        0x0 load address 0x00001424
 FILL mask 0xff
 *(.data.$RAM2*)
 *(.data.$RamAHB32*)
                0x2007c000                . = ALIGN (0x4)

.uninit_RESERVED
 *(.bss.$RESERVED*)

.data           0x10000000      0x208 load address 0x00001424
 FILL mask 0xff
                0x10000000                _data = .
 *(vtable)
 *(.data*)
 .data          0x10000000        0x4 F:\Ruben\facu\TD II\2013\Ver\workspaceR4054\CMSISv1p30_LPC17xx\Debug\libCMSISv1p30_LPC17xx.a(system_LPC17xx.o)
                0x10000000                SystemCoreClock
 .data          0x10000004      0x204 c:/nxp/lpcxpresso_3.6/tools/bin/../lib/gcc/arm-none-eabi/4.3.3/../../../../arm-none-eabi/lib/thumb2\libcr_c.a(ctype.o)
                0x10000004                __ctype
                0x10000208                . = ALIGN (0x4)
                0x10000208                _edata = .

.bss_RAM2       0x2007c000        0x0
 *(.bss.$RAM2*)
 *(.bss.$RamAHB32*)
                0x2007c000                . = ALIGN (0x4)

.bss            0x10000208        0xc
                0x10000208                _bss = .
 *(.bss*)
 *(COMMON)
 COMMON         0x10000208        0x4 ./src/main.o
                0x10000208                SysTickCnt
 COMMON         0x1000020c        0x8 c:/nxp/lpcxpresso_3.6/tools/bin/../lib/gcc/arm-none-eabi/4.3.3/../../../../arm-none-eabi/lib/thumb2\libcr_c.a(__init_alloc.o)
                0x1000020c                __heaps
                0x10000210                __end_of_heap
                0x10000214                . = ALIGN (0x4)
                0x10000214                _ebss = .
                0x10000214                PROVIDE (end, .)
                0x10000214                PROVIDE (_pvHeapStart, .)
                0x10008000                PROVIDE (_vStackTop, (__top_RamLoc32 - 0x0))
OUTPUT(P2.5a.axf elf32-littlearm)

.debug_abbrev   0x00000000      0x5f2
 .debug_abbrev  0x00000000      0x11d ./src/cr_startup_lpc176x.o
 .debug_abbrev  0x0000011d       0xd7 ./src/main.o
 .debug_abbrev  0x000001f4       0xc6 F:\Ruben\facu\TD II\2013\Ver\workspaceR4054\CMSISv1p30_LPC17xx\Debug\libCMSISv1p30_LPC17xx.a(system_LPC17xx.o)
 .debug_abbrev  0x000002ba      0x1d2 F:\Ruben\facu\TD II\2013\Ver\workspaceR4054\Lib_CMSIS\Debug\libLib_CMSIS.a(lpc17xx_gpio.o)
 .debug_abbrev  0x0000048c       0xfe F:\Ruben\facu\TD II\2013\Ver\workspaceR4054\Lib_CMSIS\Debug\libLib_CMSIS.a(lpc17xx_systick.o)
 .debug_abbrev  0x0000058a       0x68 F:\Ruben\facu\TD II\2013\Ver\workspaceR4054\Lib_CMSIS\Debug\libLib_CMSIS.a(lpc17xx_libcfg_default.o)

.debug_info     0x00000000     0x17e9
 .debug_info    0x00000000      0x2a0 ./src/cr_startup_lpc176x.o
 .debug_info    0x000002a0      0x128 ./src/main.o
 .debug_info    0x000003c8      0x334 F:\Ruben\facu\TD II\2013\Ver\workspaceR4054\CMSISv1p30_LPC17xx\Debug\libCMSISv1p30_LPC17xx.a(system_LPC17xx.o)
 .debug_info    0x000006fc      0xe07 F:\Ruben\facu\TD II\2013\Ver\workspaceR4054\Lib_CMSIS\Debug\libLib_CMSIS.a(lpc17xx_gpio.o)
 .debug_info    0x00001503      0x21d F:\Ruben\facu\TD II\2013\Ver\workspaceR4054\Lib_CMSIS\Debug\libLib_CMSIS.a(lpc17xx_systick.o)
 .debug_info    0x00001720       0xc9 F:\Ruben\facu\TD II\2013\Ver\workspaceR4054\Lib_CMSIS\Debug\libLib_CMSIS.a(lpc17xx_libcfg_default.o)

.debug_line     0x00000000     0x1456
 .debug_line    0x00000000      0x2d4 ./src/cr_startup_lpc176x.o
 .debug_line    0x000002d4      0x34c ./src/main.o
 .debug_line    0x00000620      0x2f5 F:\Ruben\facu\TD II\2013\Ver\workspaceR4054\CMSISv1p30_LPC17xx\Debug\libCMSISv1p30_LPC17xx.a(system_LPC17xx.o)
 .debug_line    0x00000915      0x489 F:\Ruben\facu\TD II\2013\Ver\workspaceR4054\Lib_CMSIS\Debug\libLib_CMSIS.a(lpc17xx_gpio.o)
 .debug_line    0x00000d9e      0x3f5 F:\Ruben\facu\TD II\2013\Ver\workspaceR4054\Lib_CMSIS\Debug\libLib_CMSIS.a(lpc17xx_systick.o)
 .debug_line    0x00001193      0x2c3 F:\Ruben\facu\TD II\2013\Ver\workspaceR4054\Lib_CMSIS\Debug\libLib_CMSIS.a(lpc17xx_libcfg_default.o)

.debug_macinfo  0x00000000    0x221a0
 .debug_macinfo
                0x00000000     0x26a9 ./src/cr_startup_lpc176x.o
 .debug_macinfo
                0x000026a9     0x7097 ./src/main.o
 .debug_macinfo
                0x00009740     0x6d59 F:\Ruben\facu\TD II\2013\Ver\workspaceR4054\CMSISv1p30_LPC17xx\Debug\libCMSISv1p30_LPC17xx.a(system_LPC17xx.o)
 .debug_macinfo
                0x00010499     0x7079 F:\Ruben\facu\TD II\2013\Ver\workspaceR4054\Lib_CMSIS\Debug\libLib_CMSIS.a(lpc17xx_gpio.o)
 .debug_macinfo
                0x00017512     0x8335 F:\Ruben\facu\TD II\2013\Ver\workspaceR4054\Lib_CMSIS\Debug\libLib_CMSIS.a(lpc17xx_systick.o)
 .debug_macinfo
                0x0001f847     0x2959 F:\Ruben\facu\TD II\2013\Ver\workspaceR4054\Lib_CMSIS\Debug\libLib_CMSIS.a(lpc17xx_libcfg_default.o)

.debug_frame    0x00000000      0x5ec
 .debug_frame   0x00000000       0xe8 ./src/cr_startup_lpc176x.o
 .debug_frame   0x000000e8       0x60 ./src/main.o
 .debug_frame   0x00000148       0x40 F:\Ruben\facu\TD II\2013\Ver\workspaceR4054\CMSISv1p30_LPC17xx\Debug\libCMSISv1p30_LPC17xx.a(system_LPC17xx.o)
 .debug_frame   0x00000188      0x378 F:\Ruben\facu\TD II\2013\Ver\workspaceR4054\Lib_CMSIS\Debug\libLib_CMSIS.a(lpc17xx_gpio.o)
 .debug_frame   0x00000500       0xc0 F:\Ruben\facu\TD II\2013\Ver\workspaceR4054\Lib_CMSIS\Debug\libLib_CMSIS.a(lpc17xx_systick.o)
 .debug_frame   0x000005c0       0x2c F:\Ruben\facu\TD II\2013\Ver\workspaceR4054\Lib_CMSIS\Debug\libLib_CMSIS.a(lpc17xx_libcfg_default.o)

.debug_loc      0x00000000      0x8be
 .debug_loc     0x00000000       0x6e ./src/cr_startup_lpc176x.o
 .debug_loc     0x0000006e       0x8d ./src/main.o
 .debug_loc     0x000000fb       0x56 F:\Ruben\facu\TD II\2013\Ver\workspaceR4054\CMSISv1p30_LPC17xx\Debug\libCMSISv1p30_LPC17xx.a(system_LPC17xx.o)
 .debug_loc     0x00000151      0x604 F:\Ruben\facu\TD II\2013\Ver\workspaceR4054\Lib_CMSIS\Debug\libLib_CMSIS.a(lpc17xx_gpio.o)
 .debug_loc     0x00000755      0x132 F:\Ruben\facu\TD II\2013\Ver\workspaceR4054\Lib_CMSIS\Debug\libLib_CMSIS.a(lpc17xx_systick.o)
 .debug_loc     0x00000887       0x37 F:\Ruben\facu\TD II\2013\Ver\workspaceR4054\Lib_CMSIS\Debug\libLib_CMSIS.a(lpc17xx_libcfg_default.o)

.debug_pubnames
                0x00000000      0x475
 .debug_pubnames
                0x00000000      0x118 ./src/cr_startup_lpc176x.o
 .debug_pubnames
                0x00000118       0x48 ./src/main.o
 .debug_pubnames
                0x00000160       0x4f F:\Ruben\facu\TD II\2013\Ver\workspaceR4054\CMSISv1p30_LPC17xx\Debug\libCMSISv1p30_LPC17xx.a(system_LPC17xx.o)
 .debug_pubnames
                0x000001af      0x203 F:\Ruben\facu\TD II\2013\Ver\workspaceR4054\Lib_CMSIS\Debug\libLib_CMSIS.a(lpc17xx_gpio.o)
 .debug_pubnames
                0x000003b2       0xa0 F:\Ruben\facu\TD II\2013\Ver\workspaceR4054\Lib_CMSIS\Debug\libLib_CMSIS.a(lpc17xx_systick.o)
 .debug_pubnames
                0x00000452       0x23 F:\Ruben\facu\TD II\2013\Ver\workspaceR4054\Lib_CMSIS\Debug\libLib_CMSIS.a(lpc17xx_libcfg_default.o)

.debug_aranges  0x00000000      0x138
 .debug_aranges
                0x00000000       0x80 ./src/cr_startup_lpc176x.o
 .debug_aranges
                0x00000080       0x30 ./src/main.o
 .debug_aranges
                0x000000b0       0x28 F:\Ruben\facu\TD II\2013\Ver\workspaceR4054\CMSISv1p30_LPC17xx\Debug\libCMSISv1p30_LPC17xx.a(system_LPC17xx.o)
 .debug_aranges
                0x000000d8       0x20 F:\Ruben\facu\TD II\2013\Ver\workspaceR4054\Lib_CMSIS\Debug\libLib_CMSIS.a(lpc17xx_gpio.o)
 .debug_aranges
                0x000000f8       0x20 F:\Ruben\facu\TD II\2013\Ver\workspaceR4054\Lib_CMSIS\Debug\libLib_CMSIS.a(lpc17xx_systick.o)
 .debug_aranges
                0x00000118       0x20 F:\Ruben\facu\TD II\2013\Ver\workspaceR4054\Lib_CMSIS\Debug\libLib_CMSIS.a(lpc17xx_libcfg_default.o)

.debug_ranges   0x00000000       0xc0
 .debug_ranges  0x00000000       0x78 ./src/cr_startup_lpc176x.o
 .debug_ranges  0x00000078       0x28 ./src/main.o
 .debug_ranges  0x000000a0       0x20 F:\Ruben\facu\TD II\2013\Ver\workspaceR4054\CMSISv1p30_LPC17xx\Debug\libCMSISv1p30_LPC17xx.a(system_LPC17xx.o)

.debug_str      0x00000000      0x9ac
 .debug_str     0x00000000      0x215 ./src/cr_startup_lpc176x.o
                                0x23d (size before relaxing)
 .debug_str     0x00000215       0x50 ./src/main.o
                                0x134 (size before relaxing)
 .debug_str     0x00000265      0x1b9 F:\Ruben\facu\TD II\2013\Ver\workspaceR4054\CMSISv1p30_LPC17xx\Debug\libCMSISv1p30_LPC17xx.a(system_LPC17xx.o)
                                0x24b (size before relaxing)
 .debug_str     0x0000041e      0x47a F:\Ruben\facu\TD II\2013\Ver\workspaceR4054\Lib_CMSIS\Debug\libLib_CMSIS.a(lpc17xx_gpio.o)
                                0x53d (size before relaxing)
 .debug_str     0x00000898       0xd2 F:\Ruben\facu\TD II\2013\Ver\workspaceR4054\Lib_CMSIS\Debug\libLib_CMSIS.a(lpc17xx_systick.o)
                                0x1e4 (size before relaxing)
 .debug_str     0x0000096a       0x42 F:\Ruben\facu\TD II\2013\Ver\workspaceR4054\Lib_CMSIS\Debug\libLib_CMSIS.a(lpc17xx_libcfg_default.o)
                                0x11b (size before relaxing)

.comment        0x00000000      0x1ae
 .comment       0x00000000       0x2b ./src/cr_startup_lpc176x.o
 .comment       0x0000002b       0x2b ./src/main.o
 .comment       0x00000056       0x2b F:\Ruben\facu\TD II\2013\Ver\workspaceR4054\CMSISv1p30_LPC17xx\Debug\libCMSISv1p30_LPC17xx.a(system_LPC17xx.o)
 .comment       0x00000081       0x2b F:\Ruben\facu\TD II\2013\Ver\workspaceR4054\Lib_CMSIS\Debug\libLib_CMSIS.a(lpc17xx_gpio.o)
 .comment       0x000000ac       0x2b F:\Ruben\facu\TD II\2013\Ver\workspaceR4054\Lib_CMSIS\Debug\libLib_CMSIS.a(lpc17xx_systick.o)
 .comment       0x000000d7       0x2b F:\Ruben\facu\TD II\2013\Ver\workspaceR4054\Lib_CMSIS\Debug\libLib_CMSIS.a(lpc17xx_libcfg_default.o)
 .comment       0x00000102       0x2b c:/nxp/lpcxpresso_3.6/tools/bin/../lib/gcc/arm-none-eabi/4.3.3/../../../../arm-none-eabi/lib/thumb2\libcr_c.a(__weak__main.o)
 .comment       0x0000012d       0x2b c:/nxp/lpcxpresso_3.6/tools/bin/../lib/gcc/arm-none-eabi/4.3.3/../../../../arm-none-eabi/lib/thumb2\libcr_c.a(ctype.o)
 .comment       0x00000158       0x2b c:/nxp/lpcxpresso_3.6/tools/bin/../lib/gcc/arm-none-eabi/4.3.3/../../../../arm-none-eabi/lib/thumb2\libcr_c.a(__init_alloc.o)
 .comment       0x00000183       0x2b c:/nxp/lpcxpresso_3.6/tools/bin/../lib/gcc/arm-none-eabi/4.3.3/thumb2\libcr_eabihelpers.a(float.o)

.ARM.attributes
                0x00000000       0x31
 .ARM.attributes
                0x00000000       0x31 ./src/cr_startup_lpc176x.o
 .ARM.attributes
                0x00000031       0x31 ./src/main.o
 .ARM.attributes
                0x00000062       0x31 F:\Ruben\facu\TD II\2013\Ver\workspaceR4054\CMSISv1p30_LPC17xx\Debug\libCMSISv1p30_LPC17xx.a(system_LPC17xx.o)
 .ARM.attributes
                0x00000093       0x31 F:\Ruben\facu\TD II\2013\Ver\workspaceR4054\Lib_CMSIS\Debug\libLib_CMSIS.a(lpc17xx_gpio.o)
 .ARM.attributes
                0x000000c4       0x31 F:\Ruben\facu\TD II\2013\Ver\workspaceR4054\Lib_CMSIS\Debug\libLib_CMSIS.a(lpc17xx_systick.o)
 .ARM.attributes
                0x000000f5       0x31 F:\Ruben\facu\TD II\2013\Ver\workspaceR4054\Lib_CMSIS\Debug\libLib_CMSIS.a(lpc17xx_libcfg_default.o)
 .ARM.attributes
                0x00000126       0x31 c:/nxp/lpcxpresso_3.6/tools/bin/../lib/gcc/arm-none-eabi/4.3.3/../../../../arm-none-eabi/lib/thumb2\libcr_c.a(__weak__main.o)
 .ARM.attributes
                0x00000157       0x31 c:/nxp/lpcxpresso_3.6/tools/bin/../lib/gcc/arm-none-eabi/4.3.3/../../../../arm-none-eabi/lib/thumb2\libcr_c.a(ctype.o)
 .ARM.attributes
                0x00000188       0x31 c:/nxp/lpcxpresso_3.6/tools/bin/../lib/gcc/arm-none-eabi/4.3.3/../../../../arm-none-eabi/lib/thumb2\libcr_c.a(__init_alloc.o)
 .ARM.attributes
                0x000001b9       0x31 c:/nxp/lpcxpresso_3.6/tools/bin/../lib/gcc/arm-none-eabi/4.3.3/thumb2\libcr_eabihelpers.a(float.o)
