Archive member included because of file (symbol)

C:\Users\Eugenia\Desktop\workspaceR4053\CMSISv1p30_LPC17xx\Debug\libCMSISv1p30_LPC17xx.a(system_LPC17xx.o)
                              ./src/main.o (SystemCoreClockUpdate)
C:\Users\Eugenia\Desktop\workspaceR4053\Lib_CMSIS\Debug\libLib_CMSIS.a(lpc17xx_gpio.o)
                              ./src/main.o (GPIO_SetDir)
C:\Users\Eugenia\Desktop\workspaceR4053\Lib_CMSIS\Debug\libLib_CMSIS.a(lpc17xx_pinsel.o)
                              ./src/main.o (PINSEL_ConfigPin)
C:\Users\Eugenia\Desktop\workspaceR4053\Lib_CMSIS\Debug\libLib_CMSIS.a(lpc17xx_timer.o)
                              ./src/main.o (TIM_ClearIntPending)
C:\Users\Eugenia\Desktop\workspaceR4053\Lib_CMSIS\Debug\libLib_CMSIS.a(lpc17xx_uart.o)
                              ./src/main.o (UART_Init)
C:\Users\Eugenia\Desktop\workspaceR4053\Lib_CMSIS\Debug\libLib_CMSIS.a(lpc17xx_clkpwr.o)
                              C:\Users\Eugenia\Desktop\workspaceR4053\Lib_CMSIS\Debug\libLib_CMSIS.a(lpc17xx_timer.o) (CLKPWR_SetPCLKDiv)
C:\Users\Eugenia\Desktop\workspaceR4053\Lib_CMSIS\Debug\libLib_CMSIS.a(lpc17xx_libcfg_default.o)
                              C:\Users\Eugenia\Desktop\workspaceR4053\Lib_CMSIS\Debug\libLib_CMSIS.a(lpc17xx_timer.o) (check_failed)
c:/nxp/lpcxpresso_8.0.0_526/lpcxpresso/tools/bin/../lib/gcc/arm-none-eabi/4.9.3/../../../../arm-none-eabi/lib/armv7-m\libcr_c.a(__weak__main.o)
                              ./src/cr_startup_lpc176x.o (__main)
c:/nxp/lpcxpresso_8.0.0_526/lpcxpresso/tools/bin/../lib/gcc/arm-none-eabi/4.9.3/armv7-m\libcr_eabihelpers.a(division_64.o)
                              C:\Users\Eugenia\Desktop\workspaceR4053\Lib_CMSIS\Debug\libLib_CMSIS.a(lpc17xx_timer.o) (__aeabi_uldivmod)
c:/nxp/lpcxpresso_8.0.0_526/lpcxpresso/tools/bin/../lib/gcc/arm-none-eabi/4.9.3/armv7-m\libcr_eabihelpers.a(division_idiv0.o)
                              c:/nxp/lpcxpresso_8.0.0_526/lpcxpresso/tools/bin/../lib/gcc/arm-none-eabi/4.9.3/armv7-m\libcr_eabihelpers.a(division_64.o) (__aeabi_idiv0)

Allocating common symbols
Common symbol       size              file

PinCfg_UART0_TX     0x5               ./src/main.o
PinCfg_UART0_RX     0x5               ./src/main.o

Discarded input sections

 .text          0x00000000        0x0 ./src/cr_startup_lpc176x.o
 .data          0x00000000        0x0 ./src/cr_startup_lpc176x.o
 .bss           0x00000000        0x0 ./src/cr_startup_lpc176x.o
 .group         0x00000000        0x8 ./src/main.o
 .group         0x00000000        0x8 ./src/main.o
 .group         0x00000000        0x8 ./src/main.o
 .group         0x00000000        0x8 ./src/main.o
 .group         0x00000000        0x8 ./src/main.o
 .group         0x00000000        0x8 ./src/main.o
 .group         0x00000000        0x8 ./src/main.o
 .group         0x00000000        0x8 ./src/main.o
 .group         0x00000000        0x8 ./src/main.o
 .group         0x00000000        0x8 ./src/main.o
 .group         0x00000000        0x8 ./src/main.o
 .group         0x00000000        0x8 ./src/main.o
 .group         0x00000000        0x8 ./src/main.o
 .group         0x00000000        0x8 ./src/main.o
 .group         0x00000000        0x8 ./src/main.o
 .group         0x00000000        0x8 ./src/main.o
 .text          0x00000000        0x0 ./src/main.o
 .data          0x00000000        0x0 ./src/main.o
 .bss           0x00000000        0x0 ./src/main.o
 .bss.Bits_Breack
                0x00000000        0x4 ./src/main.o
 .text.Set_RXD0_GPIO
                0x00000000       0x34 ./src/main.o
 .text.LIN_Read
                0x00000000      0x118 ./src/main.o
 .text.Breack_TXD0
                0x00000000       0x2c ./src/main.o
 .text.Breack_RXD0
                0x00000000       0x64 ./src/main.o
 .text.LIN_Receive
                0x00000000       0x88 ./src/main.o
 .bss.x.5705    0x00000000        0x4 ./src/main.o
 .group         0x00000000        0x8 C:\Users\Eugenia\Desktop\workspaceR4053\CMSISv1p30_LPC17xx\Debug\libCMSISv1p30_LPC17xx.a(system_LPC17xx.o)
 .group         0x00000000        0x8 C:\Users\Eugenia\Desktop\workspaceR4053\CMSISv1p30_LPC17xx\Debug\libCMSISv1p30_LPC17xx.a(system_LPC17xx.o)
 .group         0x00000000        0x8 C:\Users\Eugenia\Desktop\workspaceR4053\CMSISv1p30_LPC17xx\Debug\libCMSISv1p30_LPC17xx.a(system_LPC17xx.o)
 .group         0x00000000        0x8 C:\Users\Eugenia\Desktop\workspaceR4053\CMSISv1p30_LPC17xx\Debug\libCMSISv1p30_LPC17xx.a(system_LPC17xx.o)
 .group         0x00000000        0x8 C:\Users\Eugenia\Desktop\workspaceR4053\CMSISv1p30_LPC17xx\Debug\libCMSISv1p30_LPC17xx.a(system_LPC17xx.o)
 .group         0x00000000        0x8 C:\Users\Eugenia\Desktop\workspaceR4053\CMSISv1p30_LPC17xx\Debug\libCMSISv1p30_LPC17xx.a(system_LPC17xx.o)
 .group         0x00000000        0x8 C:\Users\Eugenia\Desktop\workspaceR4053\CMSISv1p30_LPC17xx\Debug\libCMSISv1p30_LPC17xx.a(system_LPC17xx.o)
 .text          0x00000000        0x0 C:\Users\Eugenia\Desktop\workspaceR4053\CMSISv1p30_LPC17xx\Debug\libCMSISv1p30_LPC17xx.a(system_LPC17xx.o)
 .bss           0x00000000        0x0 C:\Users\Eugenia\Desktop\workspaceR4053\CMSISv1p30_LPC17xx\Debug\libCMSISv1p30_LPC17xx.a(system_LPC17xx.o)
 .text.SystemInit
                0x00000000      0x140 C:\Users\Eugenia\Desktop\workspaceR4053\CMSISv1p30_LPC17xx\Debug\libCMSISv1p30_LPC17xx.a(system_LPC17xx.o)
 .debug_macro   0x00000000       0x10 C:\Users\Eugenia\Desktop\workspaceR4053\CMSISv1p30_LPC17xx\Debug\libCMSISv1p30_LPC17xx.a(system_LPC17xx.o)
 .debug_macro   0x00000000      0x12d C:\Users\Eugenia\Desktop\workspaceR4053\CMSISv1p30_LPC17xx\Debug\libCMSISv1p30_LPC17xx.a(system_LPC17xx.o)
 .debug_macro   0x00000000      0x5b2 C:\Users\Eugenia\Desktop\workspaceR4053\CMSISv1p30_LPC17xx\Debug\libCMSISv1p30_LPC17xx.a(system_LPC17xx.o)
 .debug_macro   0x00000000       0x1c C:\Users\Eugenia\Desktop\workspaceR4053\CMSISv1p30_LPC17xx\Debug\libCMSISv1p30_LPC17xx.a(system_LPC17xx.o)
 .debug_macro   0x00000000      0x2c7 C:\Users\Eugenia\Desktop\workspaceR4053\CMSISv1p30_LPC17xx\Debug\libCMSISv1p30_LPC17xx.a(system_LPC17xx.o)
 .data          0x00000000        0x0 C:\Users\Eugenia\Desktop\workspaceR4053\Lib_CMSIS\Debug\libLib_CMSIS.a(lpc17xx_gpio.o)
 .bss           0x00000000        0x0 C:\Users\Eugenia\Desktop\workspaceR4053\Lib_CMSIS\Debug\libLib_CMSIS.a(lpc17xx_gpio.o)
 .data          0x00000000        0x0 C:\Users\Eugenia\Desktop\workspaceR4053\Lib_CMSIS\Debug\libLib_CMSIS.a(lpc17xx_pinsel.o)
 .bss           0x00000000        0x0 C:\Users\Eugenia\Desktop\workspaceR4053\Lib_CMSIS\Debug\libLib_CMSIS.a(lpc17xx_pinsel.o)
 .data          0x00000000        0x0 C:\Users\Eugenia\Desktop\workspaceR4053\Lib_CMSIS\Debug\libLib_CMSIS.a(lpc17xx_timer.o)
 .bss           0x00000000        0x0 C:\Users\Eugenia\Desktop\workspaceR4053\Lib_CMSIS\Debug\libLib_CMSIS.a(lpc17xx_timer.o)
 .data          0x00000000        0x0 C:\Users\Eugenia\Desktop\workspaceR4053\Lib_CMSIS\Debug\libLib_CMSIS.a(lpc17xx_uart.o)
 .bss           0x00000000        0x0 C:\Users\Eugenia\Desktop\workspaceR4053\Lib_CMSIS\Debug\libLib_CMSIS.a(lpc17xx_uart.o)
 .data          0x00000000        0x0 C:\Users\Eugenia\Desktop\workspaceR4053\Lib_CMSIS\Debug\libLib_CMSIS.a(lpc17xx_clkpwr.o)
 .bss           0x00000000        0x0 C:\Users\Eugenia\Desktop\workspaceR4053\Lib_CMSIS\Debug\libLib_CMSIS.a(lpc17xx_clkpwr.o)
 .data          0x00000000        0x0 C:\Users\Eugenia\Desktop\workspaceR4053\Lib_CMSIS\Debug\libLib_CMSIS.a(lpc17xx_libcfg_default.o)
 .bss           0x00000000        0x0 C:\Users\Eugenia\Desktop\workspaceR4053\Lib_CMSIS\Debug\libLib_CMSIS.a(lpc17xx_libcfg_default.o)
 .text          0x00000000        0x0 c:/nxp/lpcxpresso_8.0.0_526/lpcxpresso/tools/bin/../lib/gcc/arm-none-eabi/4.9.3/../../../../arm-none-eabi/lib/armv7-m\libcr_c.a(__weak__main.o)
 .data          0x00000000        0x0 c:/nxp/lpcxpresso_8.0.0_526/lpcxpresso/tools/bin/../lib/gcc/arm-none-eabi/4.9.3/../../../../arm-none-eabi/lib/armv7-m\libcr_c.a(__weak__main.o)
 .bss           0x00000000        0x0 c:/nxp/lpcxpresso_8.0.0_526/lpcxpresso/tools/bin/../lib/gcc/arm-none-eabi/4.9.3/../../../../arm-none-eabi/lib/armv7-m\libcr_c.a(__weak__main.o)
 .text          0x00000000        0x0 c:/nxp/lpcxpresso_8.0.0_526/lpcxpresso/tools/bin/../lib/gcc/arm-none-eabi/4.9.3/armv7-m\libcr_eabihelpers.a(division_64.o)
 .data          0x00000000        0x0 c:/nxp/lpcxpresso_8.0.0_526/lpcxpresso/tools/bin/../lib/gcc/arm-none-eabi/4.9.3/armv7-m\libcr_eabihelpers.a(division_64.o)
 .bss           0x00000000        0x0 c:/nxp/lpcxpresso_8.0.0_526/lpcxpresso/tools/bin/../lib/gcc/arm-none-eabi/4.9.3/armv7-m\libcr_eabihelpers.a(division_64.o)
 .text.__aeabi_division_ldivmod
                0x00000000       0x26 c:/nxp/lpcxpresso_8.0.0_526/lpcxpresso/tools/bin/../lib/gcc/arm-none-eabi/4.9.3/armv7-m\libcr_eabihelpers.a(division_64.o)
 .text          0x00000000        0x0 c:/nxp/lpcxpresso_8.0.0_526/lpcxpresso/tools/bin/../lib/gcc/arm-none-eabi/4.9.3/armv7-m\libcr_eabihelpers.a(division_idiv0.o)
 .data          0x00000000        0x0 c:/nxp/lpcxpresso_8.0.0_526/lpcxpresso/tools/bin/../lib/gcc/arm-none-eabi/4.9.3/armv7-m\libcr_eabihelpers.a(division_idiv0.o)
 .bss           0x00000000        0x0 c:/nxp/lpcxpresso_8.0.0_526/lpcxpresso/tools/bin/../lib/gcc/arm-none-eabi/4.9.3/armv7-m\libcr_eabihelpers.a(division_idiv0.o)

Memory Configuration

Name             Origin             Length             Attributes
MFlash512        0x00000000         0x00080000         xr
RamLoc32         0x10000000         0x00008000         xrw
RamAHB32         0x2007c000         0x00008000         xrw
*default*        0x00000000         0xffffffff

Linker script and memory map

LOAD ./src/cr_startup_lpc176x.o
LOAD ./src/main.o
LOAD C:\Users\Eugenia\Desktop\workspaceR4053\CMSISv1p30_LPC17xx\Debug\libCMSISv1p30_LPC17xx.a
LOAD C:\Users\Eugenia\Desktop\workspaceR4053\Lib_CMSIS\Debug\libLib_CMSIS.a
START GROUP
LOAD c:/nxp/lpcxpresso_8.0.0_526/lpcxpresso/tools/bin/../lib/gcc/arm-none-eabi/4.9.3/../../../../arm-none-eabi/lib/armv7-m\libcr_c.a
LOAD c:/nxp/lpcxpresso_8.0.0_526/lpcxpresso/tools/bin/../lib/gcc/arm-none-eabi/4.9.3/armv7-m\libcr_eabihelpers.a
END GROUP
                0x00000000                __base_MFlash512 = 0x0
                0x00000000                __base_Flash = 0x0
                0x00080000                __top_MFlash512 = 0x80000
                0x00080000                __top_Flash = 0x80000
                0x10000000                __base_RamLoc32 = 0x10000000
                0x10000000                __base_RAM = 0x10000000
                0x10008000                __top_RamLoc32 = 0x10008000
                0x10008000                __top_RAM = 0x10008000
                0x2007c000                __base_RamAHB32 = 0x2007c000
                0x2007c000                __base_RAM2 = 0x2007c000
                0x20084000                __top_RamAHB32 = 0x20084000
                0x20084000                __top_RAM2 = 0x20084000

.text           0x00000000     0x3bf8
 FILL mask 0xff
                0x00000000                __vectors_start__ = ABSOLUTE (.)
 *(.isr_vector)
 .isr_vector    0x00000000       0xcc ./src/cr_startup_lpc176x.o
                0x00000000                g_pfnVectors
                0x000000cc                . = ALIGN (0x4)
                0x000000cc                __section_table_start = .
                0x000000cc                __data_section_table = .
                0x000000cc        0x4 LONG 0x3bf8 LOADADDR (.data)
                0x000000d0        0x4 LONG 0x10000000 ADDR (.data)
                0x000000d4        0x4 LONG 0x4 SIZEOF (.data)
                0x000000d8        0x4 LONG 0x3bf8 LOADADDR (.data_RAM2)
                0x000000dc        0x4 LONG 0x2007c000 ADDR (.data_RAM2)
                0x000000e0        0x4 LONG 0x0 SIZEOF (.data_RAM2)
                0x000000e4                __data_section_table_end = .
                0x000000e4                __bss_section_table = .
                0x000000e4        0x4 LONG 0x10000004 ADDR (.bss)
                0x000000e8        0x4 LONG 0x18 SIZEOF (.bss)
                0x000000ec        0x4 LONG 0x2007c000 ADDR (.bss_RAM2)
                0x000000f0        0x4 LONG 0x0 SIZEOF (.bss_RAM2)
                0x000000f4                __bss_section_table_end = .
                0x000000f4                __section_table_end = .
 *(.after_vectors*)
 .after_vectors
                0x000000f4       0x8c ./src/cr_startup_lpc176x.o
                0x000000f4                data_init
                0x0000010c                bss_init
                0x0000011c                NMI_Handler
                0x00000120                HardFault_Handler
                0x00000124                MemManage_Handler
                0x00000128                BusFault_Handler
                0x0000012c                UsageFault_Handler
                0x00000130                SVCall_Handler
                0x00000134                DebugMon_Handler
                0x00000138                PendSV_Handler
                0x0000013c                SysTick_Handler
                0x00000140                EINT2_IRQHandler
                0x00000140                USBActivity_IRQHandler
                0x00000140                EINT3_IRQHandler
                0x00000140                CANActivity_IRQHandler
                0x00000140                TIMER3_IRQHandler
                0x00000140                UART0_IRQHandler
                0x00000140                UART1_IRQHandler
                0x00000140                I2C1_IRQHandler
                0x00000140                I2C0_IRQHandler
                0x00000140                IntDefaultHandler
                0x00000140                PLL0_IRQHandler
                0x00000140                RIT_IRQHandler
                0x00000140                PLL1_IRQHandler
                0x00000140                SSP0_IRQHandler
                0x00000140                I2S_IRQHandler
                0x00000140                I2C2_IRQHandler
                0x00000140                RTC_IRQHandler
                0x00000140                SPI_IRQHandler
                0x00000140                PWM1_IRQHandler
                0x00000140                EINT1_IRQHandler
                0x00000140                TIMER1_IRQHandler
                0x00000140                UART2_IRQHandler
                0x00000140                ADC_IRQHandler
                0x00000140                SSP1_IRQHandler
                0x00000140                USB_IRQHandler
                0x00000140                BOD_IRQHandler
                0x00000140                TIMER2_IRQHandler
                0x00000140                WDT_IRQHandler
                0x00000140                QEI_IRQHandler
                0x00000140                EINT0_IRQHandler
                0x00000140                MCPWM_IRQHandler
                0x00000140                DMA_IRQHandler
                0x00000140                CAN_IRQHandler
                0x00000140                UART3_IRQHandler
                0x00000140                ENET_IRQHandler
                0x00000144                ResetISR
 *(.text*)
 .text.NVIC_EnableIRQ
                0x00000180       0x30 ./src/main.o
 .text.NVIC_SetPriority
                0x000001b0       0x54 ./src/main.o
 .text.main     0x00000204       0xac ./src/main.o
                0x00000204                main
 .text.Set_TXD0_GPIO
                0x000002b0       0x34 ./src/main.o
                0x000002b0                Set_TXD0_GPIO
 .text.Set_TIM0
                0x000002e4       0x6c ./src/main.o
                0x000002e4                Set_TIM0
 .text.TIMER0_IRQHandler
                0x00000350       0x48 ./src/main.o
                0x00000350                TIMER0_IRQHandler
 .text.Set_UART_0
                0x00000398       0x68 ./src/main.o
                0x00000398                Set_UART_0
 .text.LIN_HardInit
                0x00000400       0x70 ./src/main.o
                0x00000400                LIN_HardInit
 .text.LIN_MakeFrame
                0x00000470       0x60 ./src/main.o
                0x00000470                LIN_MakeFrame
 .text.Make_CRC
                0x000004d0       0x3c ./src/main.o
                0x000004d0                Make_CRC
 .text.Make_ID  0x0000050c       0xd0 ./src/main.o
                0x0000050c                Make_ID
 .text.LIN_Send
                0x000005dc       0x84 ./src/main.o
                0x000005dc                LIN_Send
 .text.SystemCoreClockUpdate
                0x00000660      0x16c C:\Users\Eugenia\Desktop\workspaceR4053\CMSISv1p30_LPC17xx\Debug\libCMSISv1p30_LPC17xx.a(system_LPC17xx.o)
                0x00000660                SystemCoreClockUpdate
 .text          0x000007cc      0x904 C:\Users\Eugenia\Desktop\workspaceR4053\Lib_CMSIS\Debug\libLib_CMSIS.a(lpc17xx_gpio.o)
                0x00000934                GPIO_SetDir
                0x00000988                GPIO_SetValue
                0x000009b4                GPIO_ClearValue
                0x000009e0                GPIO_ReadValue
                0x00000a18                GPIO_IntCmd
                0x00000a9c                GPIO_GetIntStatus
                0x00000b64                GPIO_ClearInt
                0x00000ba4                FIO_SetDir
                0x00000bc8                FIO_SetValue
                0x00000be8                FIO_ClearValue
                0x00000c08                FIO_ReadValue
                0x00000c28                FIO_IntCmd
                0x00000c4c                FIO_GetIntStatus
                0x00000c74                FIO_ClearInt
                0x00000c94                FIO_SetMask
                0x00000ce8                FIO_HalfWordSetDir
                0x00000d90                FIO_HalfWordSetMask
                0x00000e38                FIO_HalfWordSetValue
                0x00000e78                FIO_HalfWordClearValue
                0x00000eb8                FIO_HalfWordReadValue
                0x00000f08                FIO_ByteSetDir
                0x00000f84                FIO_ByteSetMask
                0x00001010                FIO_ByteSetValue
                0x0000104c                FIO_ByteClearValue
                0x00001088                FIO_ByteReadValue
 .text          0x000010d0      0x2ac C:\Users\Eugenia\Desktop\workspaceR4053\Lib_CMSIS\Debug\libLib_CMSIS.a(lpc17xx_pinsel.o)
                0x0000129c                PINSEL_ConfigTraceFunc
                0x000012f0                PINSEL_SetI2C0Pins
                0x00001330                PINSEL_ConfigPin
 .text          0x0000137c      0xbec C:\Users\Eugenia\Desktop\workspaceR4053\Lib_CMSIS\Debug\libLib_CMSIS.a(lpc17xx_timer.o)
                0x000014c0                TIM_GetIntStatus
                0x00001580                TIM_GetIntCaptureStatus
                0x00001644                TIM_ClearIntPending
                0x000016ec                TIM_ClearIntCapturePending
                0x00001798                TIM_ConfigStructInit
                0x000017d8                TIM_Init
                0x000019ac                TIM_DeInit
                0x00001a7c                TIM_Cmd
                0x00001af8                TIM_ResetCounter
                0x00001b68                TIM_ConfigMatch
                0x00001d30                TIM_UpdateMatchValue
                0x00001dd0                TIM_ConfigCapture
                0x00001ed8                TIM_GetCaptureValue
 .text          0x00001f68     0x17fc C:\Users\Eugenia\Desktop\workspaceR4053\Lib_CMSIS\Debug\libLib_CMSIS.a(lpc17xx_uart.o)
                0x000021d4                UART_Init
                0x00002534                UART_DeInit
                0x00002600                UART_ConfigStructInit
                0x00002634                UART_SendByte
                0x000026ac                UART_ReceiveByte
                0x00002728                UART_Send
                0x00002828                UART_Receive
                0x000028f0                UART_ForceBreak
                0x00002978                UART_IntConfig
                0x00002b4c                UART_GetLineStatus
                0x00002bd0                UART_GetIntId
                0x00002c3c                UART_CheckBusy
                0x00002c70                UART_FIFOConfig
                0x00002dfc                UART_FIFOConfigStructInit
                0x00002e30                UART_ABCmd
                0x00002f90                UART_ABClearIntPending
                0x00003018                UART_TxCmd
                0x00003108                UART_IrDAInvtInputCmd
                0x0000318c                UART_IrDACmd
                0x00003208                UART_IrDAPulseDivConfig
                0x000032b0                UART_FullModemForcePinState
                0x00003380                UART_FullModemConfigMode
                0x0000345c                UART_FullModemGetStatus
                0x00003494                UART_RS485Config
                0x0000364c                UART_RS485ReceiverCmd
                0x00003690                UART_RS485Send
                0x00003714                UART_RS485SendSlvAddr
                0x0000373c                UART_RS485SendData
 .text          0x00003764      0x2bc C:\Users\Eugenia\Desktop\workspaceR4053\Lib_CMSIS\Debug\libLib_CMSIS.a(lpc17xx_clkpwr.o)
                0x00003764                CLKPWR_SetPCLKDiv
                0x00003834                CLKPWR_GetPCLKSEL
                0x00003888                CLKPWR_GetPCLK
                0x000038f8                CLKPWR_ConfigPPWR
                0x00003974                CLKPWR_Sleep
                0x0000399c                CLKPWR_DeepSleep
                0x000039c8                CLKPWR_PowerDown
                0x000039f4                CLKPWR_DeepPowerDown
 .text          0x00003a20        0xc C:\Users\Eugenia\Desktop\workspaceR4053\Lib_CMSIS\Debug\libLib_CMSIS.a(lpc17xx_libcfg_default.o)
                0x00003a20                check_failed
 .text.__weak_main
                0x00003a2c        0x4 c:/nxp/lpcxpresso_8.0.0_526/lpcxpresso/tools/bin/../lib/gcc/arm-none-eabi/4.9.3/../../../../arm-none-eabi/lib/armv7-m\libcr_c.a(__weak__main.o)
                0x00003a2c                __weak_main
                0x00003a2c                __main
 .text.__aeabi_division_uldivmod
                0x00003a30      0x174 c:/nxp/lpcxpresso_8.0.0_526/lpcxpresso/tools/bin/../lib/gcc/arm-none-eabi/4.9.3/armv7-m\libcr_eabihelpers.a(division_64.o)
                0x00003a30                __aeabi_uldivmod
                0x00003a34                __bhs_ldivmod1
 .text.__aeabi_division_idiv0
                0x00003ba4        0x2 c:/nxp/lpcxpresso_8.0.0_526/lpcxpresso/tools/bin/../lib/gcc/arm-none-eabi/4.9.3/armv7-m\libcr_eabihelpers.a(division_idiv0.o)
                0x00003ba4                __aeabi_idiv0
 *(.rodata .rodata.* .constdata .constdata.*)
 *fill*         0x00003ba6        0x2 
 .rodata        0x00003ba8        0x8 ./src/main.o
 .rodata        0x00003bb0       0x24 C:\Users\Eugenia\Desktop\workspaceR4053\Lib_CMSIS\Debug\libLib_CMSIS.a(lpc17xx_timer.o)
 .rodata        0x00003bd4       0x24 C:\Users\Eugenia\Desktop\workspaceR4053\Lib_CMSIS\Debug\libLib_CMSIS.a(lpc17xx_uart.o)
                0x00003bf8                . = ALIGN (0x4)

.glue_7         0x00003bf8        0x0
 .glue_7        0x00000000        0x0 linker stubs

.glue_7t        0x00003bf8        0x0
 .glue_7t       0x00000000        0x0 linker stubs

.vfp11_veneer   0x00003bf8        0x0
 .vfp11_veneer  0x00000000        0x0 linker stubs

.v4_bx          0x00003bf8        0x0
 .v4_bx         0x00000000        0x0 linker stubs

.iplt           0x00003bf8        0x0
 .iplt          0x00000000        0x0 ./src/cr_startup_lpc176x.o

.rel.dyn        0x00003bf8        0x0
 .rel.iplt      0x00000000        0x0 ./src/cr_startup_lpc176x.o

.ARM.extab
 *(.ARM.extab* .gnu.linkonce.armextab.*)
                0x00003bf8                __exidx_start = .

.ARM.exidx
 *(.ARM.exidx* .gnu.linkonce.armexidx.*)
                0x00003bf8                __exidx_end = .
                0x00003bf8                _etext = .

.data_RAM2      0x2007c000        0x0 load address 0x00003bf8
 FILL mask 0xff
                0x2007c000                PROVIDE (__start_data_RAM2, .)
 *(.ramfunc.$RAM2)
 *(.ramfunc.$RamAHB32)
 *(.data.$RAM2*)
 *(.data.$RamAHB32*)
                0x2007c000                . = ALIGN (0x4)
                0x2007c000                PROVIDE (__end_data_RAM2, .)

.uninit_RESERVED
                0x10000000        0x0
 *(.bss.$RESERVED*)
                0x10000000                . = ALIGN (0x4)
                0x10000000                _end_uninit_RESERVED = .

.data           0x10000000        0x4 load address 0x00003bf8
 FILL mask 0xff
                0x10000000                _data = .
 *(vtable)
 *(.ramfunc*)
 *(.data*)
 .data          0x10000000        0x4 C:\Users\Eugenia\Desktop\workspaceR4053\CMSISv1p30_LPC17xx\Debug\libCMSISv1p30_LPC17xx.a(system_LPC17xx.o)
                0x10000000                SystemCoreClock
                0x10000004                . = ALIGN (0x4)
                0x10000004                _edata = .

.igot.plt       0x10000004        0x0 load address 0x00003bfc
 .igot.plt      0x00000000        0x0 ./src/cr_startup_lpc176x.o

.bss_RAM2       0x2007c000        0x0
                0x2007c000                PROVIDE (__start_bss_RAM2, .)
 *(.bss.$RAM2*)
 *(.bss.$RamAHB32*)
                0x2007c000                . = ALIGN ((. != 0x0)?0x4:0x1)
                0x2007c000                PROVIDE (__end_bss_RAM2, .)

.bss            0x10000004       0x18
                0x10000004                _bss = .
 *(.bss*)
 .bss.Tick_Count
                0x10000004        0x4 ./src/main.o
                0x10000004                Tick_Count
 .bss.Breack_end
                0x10000008        0x4 ./src/main.o
                0x10000008                Breack_end
 *(COMMON)
 COMMON         0x1000000c        0xd ./src/main.o
                0x1000000c                PinCfg_UART0_TX
                0x10000014                PinCfg_UART0_RX
                0x1000001c                . = ALIGN (0x4)
 *fill*         0x10000019        0x3 
                0x1000001c                _ebss = .
                0x1000001c                PROVIDE (end, .)

.noinit_RAM2    0x2007c000        0x0
 *(.noinit.$RAM2*)
 *(.noinit.$RamAHB32*)
                0x2007c000                . = ALIGN (0x4)

.noinit         0x1000001c        0x0
                0x1000001c                _noinit = .
 *(.noinit*)
                0x1000001c                . = ALIGN (0x4)
                0x1000001c                _end_noinit = .
                0x1000001c                PROVIDE (_pvHeapStart, DEFINED (__user_heap_base)?__user_heap_base:.)
                0x10008000                PROVIDE (_vStackTop, DEFINED (__user_stack_top)?__user_stack_top:(__top_RamLoc32 - 0x0))
                0xefff7902                PROVIDE (__valid_user_code_checksum, (0x0 - ((((((_vStackTop + (ResetISR + 0x1)) + (NMI_Handler + 0x1)) + (HardFault_Handler + 0x1)) + (DEFINED (MemManage_Handler)?MemManage_Handler:0x0 + 0x1)) + (DEFINED (BusFault_Handler)?BusFault_Handler:0x0 + 0x1)) + (DEFINED (UsageFault_Handler)?UsageFault_Handler:0x0 + 0x1))))
OUTPUT(P2.1a.axf elf32-littlearm)

.debug_abbrev   0x00000000      0xd00
 .debug_abbrev  0x00000000      0x112 ./src/cr_startup_lpc176x.o
 .debug_abbrev  0x00000112      0x2b1 ./src/main.o
 .debug_abbrev  0x000003c3       0xce C:\Users\Eugenia\Desktop\workspaceR4053\CMSISv1p30_LPC17xx\Debug\libCMSISv1p30_LPC17xx.a(system_LPC17xx.o)
 .debug_abbrev  0x00000491      0x1d2 C:\Users\Eugenia\Desktop\workspaceR4053\Lib_CMSIS\Debug\libLib_CMSIS.a(lpc17xx_gpio.o)
 .debug_abbrev  0x00000663      0x126 C:\Users\Eugenia\Desktop\workspaceR4053\Lib_CMSIS\Debug\libLib_CMSIS.a(lpc17xx_pinsel.o)
 .debug_abbrev  0x00000789      0x1bd C:\Users\Eugenia\Desktop\workspaceR4053\Lib_CMSIS\Debug\libLib_CMSIS.a(lpc17xx_timer.o)
 .debug_abbrev  0x00000946      0x1d7 C:\Users\Eugenia\Desktop\workspaceR4053\Lib_CMSIS\Debug\libLib_CMSIS.a(lpc17xx_uart.o)
 .debug_abbrev  0x00000b1d      0x17b C:\Users\Eugenia\Desktop\workspaceR4053\Lib_CMSIS\Debug\libLib_CMSIS.a(lpc17xx_clkpwr.o)
 .debug_abbrev  0x00000c98       0x68 C:\Users\Eugenia\Desktop\workspaceR4053\Lib_CMSIS\Debug\libLib_CMSIS.a(lpc17xx_libcfg_default.o)

.debug_info     0x00000000     0x48c4
 .debug_info    0x00000000      0x261 ./src/cr_startup_lpc176x.o
 .debug_info    0x00000261     0x1031 ./src/main.o
 .debug_info    0x00001292      0x2e3 C:\Users\Eugenia\Desktop\workspaceR4053\CMSISv1p30_LPC17xx\Debug\libCMSISv1p30_LPC17xx.a(system_LPC17xx.o)
 .debug_info    0x00001575      0xe07 C:\Users\Eugenia\Desktop\workspaceR4053\Lib_CMSIS\Debug\libLib_CMSIS.a(lpc17xx_gpio.o)
 .debug_info    0x0000237c      0x494 C:\Users\Eugenia\Desktop\workspaceR4053\Lib_CMSIS\Debug\libLib_CMSIS.a(lpc17xx_pinsel.o)
 .debug_info    0x00002810      0x877 C:\Users\Eugenia\Desktop\workspaceR4053\Lib_CMSIS\Debug\libLib_CMSIS.a(lpc17xx_timer.o)
 .debug_info    0x00003087     0x1137 C:\Users\Eugenia\Desktop\workspaceR4053\Lib_CMSIS\Debug\libLib_CMSIS.a(lpc17xx_uart.o)
 .debug_info    0x000041be      0x63d C:\Users\Eugenia\Desktop\workspaceR4053\Lib_CMSIS\Debug\libLib_CMSIS.a(lpc17xx_clkpwr.o)
 .debug_info    0x000047fb       0xc9 C:\Users\Eugenia\Desktop\workspaceR4053\Lib_CMSIS\Debug\libLib_CMSIS.a(lpc17xx_libcfg_default.o)

.debug_line     0x00000000     0x206b
 .debug_line    0x00000000       0x84 ./src/cr_startup_lpc176x.o
 .debug_line    0x00000084      0x47d ./src/main.o
 .debug_line    0x00000501      0x1eb C:\Users\Eugenia\Desktop\workspaceR4053\CMSISv1p30_LPC17xx\Debug\libCMSISv1p30_LPC17xx.a(system_LPC17xx.o)
 .debug_line    0x000006ec      0x489 C:\Users\Eugenia\Desktop\workspaceR4053\Lib_CMSIS\Debug\libLib_CMSIS.a(lpc17xx_gpio.o)
 .debug_line    0x00000b75      0x3c6 C:\Users\Eugenia\Desktop\workspaceR4053\Lib_CMSIS\Debug\libLib_CMSIS.a(lpc17xx_pinsel.o)
 .debug_line    0x00000f3b      0x4bd C:\Users\Eugenia\Desktop\workspaceR4053\Lib_CMSIS\Debug\libLib_CMSIS.a(lpc17xx_timer.o)
 .debug_line    0x000013f8      0x5d3 C:\Users\Eugenia\Desktop\workspaceR4053\Lib_CMSIS\Debug\libLib_CMSIS.a(lpc17xx_uart.o)
 .debug_line    0x000019cb      0x3dd C:\Users\Eugenia\Desktop\workspaceR4053\Lib_CMSIS\Debug\libLib_CMSIS.a(lpc17xx_clkpwr.o)
 .debug_line    0x00001da8      0x2c3 C:\Users\Eugenia\Desktop\workspaceR4053\Lib_CMSIS\Debug\libLib_CMSIS.a(lpc17xx_libcfg_default.o)

.debug_macinfo  0x00000000    0x2c020
 .debug_macinfo
                0x00000000      0xc70 ./src/cr_startup_lpc176x.o
 .debug_macinfo
                0x00000c70     0x7079 C:\Users\Eugenia\Desktop\workspaceR4053\Lib_CMSIS\Debug\libLib_CMSIS.a(lpc17xx_gpio.o)
 .debug_macinfo
                0x00007ce9     0x718f C:\Users\Eugenia\Desktop\workspaceR4053\Lib_CMSIS\Debug\libLib_CMSIS.a(lpc17xx_pinsel.o)
 .debug_macinfo
                0x0000ee78     0x8e90 C:\Users\Eugenia\Desktop\workspaceR4053\Lib_CMSIS\Debug\libLib_CMSIS.a(lpc17xx_timer.o)
 .debug_macinfo
                0x00017d08     0x9a0d C:\Users\Eugenia\Desktop\workspaceR4053\Lib_CMSIS\Debug\libLib_CMSIS.a(lpc17xx_uart.o)
 .debug_macinfo
                0x00021715     0x7fb2 C:\Users\Eugenia\Desktop\workspaceR4053\Lib_CMSIS\Debug\libLib_CMSIS.a(lpc17xx_clkpwr.o)
 .debug_macinfo
                0x000296c7     0x2959 C:\Users\Eugenia\Desktop\workspaceR4053\Lib_CMSIS\Debug\libLib_CMSIS.a(lpc17xx_libcfg_default.o)

.debug_frame    0x00000000      0xec0
 .debug_frame   0x00000000       0xe8 ./src/cr_startup_lpc176x.o
 .debug_frame   0x000000e8      0x270 ./src/main.o
 .debug_frame   0x00000358       0x50 C:\Users\Eugenia\Desktop\workspaceR4053\CMSISv1p30_LPC17xx\Debug\libCMSISv1p30_LPC17xx.a(system_LPC17xx.o)
 .debug_frame   0x000003a8      0x378 C:\Users\Eugenia\Desktop\workspaceR4053\Lib_CMSIS\Debug\libLib_CMSIS.a(lpc17xx_gpio.o)
 .debug_frame   0x00000720       0xbc C:\Users\Eugenia\Desktop\workspaceR4053\Lib_CMSIS\Debug\libLib_CMSIS.a(lpc17xx_pinsel.o)
 .debug_frame   0x000007dc      0x20c C:\Users\Eugenia\Desktop\workspaceR4053\Lib_CMSIS\Debug\libLib_CMSIS.a(lpc17xx_timer.o)
 .debug_frame   0x000009e8      0x3a0 C:\Users\Eugenia\Desktop\workspaceR4053\Lib_CMSIS\Debug\libLib_CMSIS.a(lpc17xx_uart.o)
 .debug_frame   0x00000d88      0x10c C:\Users\Eugenia\Desktop\workspaceR4053\Lib_CMSIS\Debug\libLib_CMSIS.a(lpc17xx_clkpwr.o)
 .debug_frame   0x00000e94       0x2c C:\Users\Eugenia\Desktop\workspaceR4053\Lib_CMSIS\Debug\libLib_CMSIS.a(lpc17xx_libcfg_default.o)

.debug_loc      0x00000000     0x1353
 .debug_loc     0x00000000       0x6e ./src/cr_startup_lpc176x.o
 .debug_loc     0x0000006e      0x604 C:\Users\Eugenia\Desktop\workspaceR4053\Lib_CMSIS\Debug\libLib_CMSIS.a(lpc17xx_gpio.o)
 .debug_loc     0x00000672      0x14a C:\Users\Eugenia\Desktop\workspaceR4053\Lib_CMSIS\Debug\libLib_CMSIS.a(lpc17xx_pinsel.o)
 .debug_loc     0x000007bc      0x370 C:\Users\Eugenia\Desktop\workspaceR4053\Lib_CMSIS\Debug\libLib_CMSIS.a(lpc17xx_timer.o)
 .debug_loc     0x00000b2c      0x63d C:\Users\Eugenia\Desktop\workspaceR4053\Lib_CMSIS\Debug\libLib_CMSIS.a(lpc17xx_uart.o)
 .debug_loc     0x00001169      0x1b3 C:\Users\Eugenia\Desktop\workspaceR4053\Lib_CMSIS\Debug\libLib_CMSIS.a(lpc17xx_clkpwr.o)
 .debug_loc     0x0000131c       0x37 C:\Users\Eugenia\Desktop\workspaceR4053\Lib_CMSIS\Debug\libLib_CMSIS.a(lpc17xx_libcfg_default.o)

.debug_pubnames
                0x00000000      0x7ee
 .debug_pubnames
                0x00000000      0x118 ./src/cr_startup_lpc176x.o
 .debug_pubnames
                0x00000118      0x203 C:\Users\Eugenia\Desktop\workspaceR4053\Lib_CMSIS\Debug\libLib_CMSIS.a(lpc17xx_gpio.o)
 .debug_pubnames
                0x0000031b       0x59 C:\Users\Eugenia\Desktop\workspaceR4053\Lib_CMSIS\Debug\libLib_CMSIS.a(lpc17xx_pinsel.o)
 .debug_pubnames
                0x00000374      0x12b C:\Users\Eugenia\Desktop\workspaceR4053\Lib_CMSIS\Debug\libLib_CMSIS.a(lpc17xx_timer.o)
 .debug_pubnames
                0x0000049f      0x271 C:\Users\Eugenia\Desktop\workspaceR4053\Lib_CMSIS\Debug\libLib_CMSIS.a(lpc17xx_uart.o)
 .debug_pubnames
                0x00000710       0xbb C:\Users\Eugenia\Desktop\workspaceR4053\Lib_CMSIS\Debug\libLib_CMSIS.a(lpc17xx_clkpwr.o)
 .debug_pubnames
                0x000007cb       0x23 C:\Users\Eugenia\Desktop\workspaceR4053\Lib_CMSIS\Debug\libLib_CMSIS.a(lpc17xx_libcfg_default.o)

.debug_aranges  0x00000000      0x208
 .debug_aranges
                0x00000000       0x80 ./src/cr_startup_lpc176x.o
 .debug_aranges
                0x00000080       0xa0 ./src/main.o
 .debug_aranges
                0x00000120       0x28 C:\Users\Eugenia\Desktop\workspaceR4053\CMSISv1p30_LPC17xx\Debug\libCMSISv1p30_LPC17xx.a(system_LPC17xx.o)
 .debug_aranges
                0x00000148       0x20 C:\Users\Eugenia\Desktop\workspaceR4053\Lib_CMSIS\Debug\libLib_CMSIS.a(lpc17xx_gpio.o)
 .debug_aranges
                0x00000168       0x20 C:\Users\Eugenia\Desktop\workspaceR4053\Lib_CMSIS\Debug\libLib_CMSIS.a(lpc17xx_pinsel.o)
 .debug_aranges
                0x00000188       0x20 C:\Users\Eugenia\Desktop\workspaceR4053\Lib_CMSIS\Debug\libLib_CMSIS.a(lpc17xx_timer.o)
 .debug_aranges
                0x000001a8       0x20 C:\Users\Eugenia\Desktop\workspaceR4053\Lib_CMSIS\Debug\libLib_CMSIS.a(lpc17xx_uart.o)
 .debug_aranges
                0x000001c8       0x20 C:\Users\Eugenia\Desktop\workspaceR4053\Lib_CMSIS\Debug\libLib_CMSIS.a(lpc17xx_clkpwr.o)
 .debug_aranges
                0x000001e8       0x20 C:\Users\Eugenia\Desktop\workspaceR4053\Lib_CMSIS\Debug\libLib_CMSIS.a(lpc17xx_libcfg_default.o)

.debug_ranges   0x00000000      0x120
 .debug_ranges  0x00000000       0x78 ./src/cr_startup_lpc176x.o
 .debug_ranges  0x00000078       0x90 ./src/main.o
 .debug_ranges  0x00000108       0x18 C:\Users\Eugenia\Desktop\workspaceR4053\CMSISv1p30_LPC17xx\Debug\libCMSISv1p30_LPC17xx.a(system_LPC17xx.o)

.debug_str      0x00000000     0xc940
 .debug_str     0x00000000      0x1be ./src/cr_startup_lpc176x.o
                                0x1d1 (size before relaxing)
 .debug_str     0x000001be     0xb109 ./src/main.o
                               0xb1b8 (size before relaxing)
 .debug_str     0x0000b2c7      0x4b6 C:\Users\Eugenia\Desktop\workspaceR4053\CMSISv1p30_LPC17xx\Debug\libCMSISv1p30_LPC17xx.a(system_LPC17xx.o)
                               0x7f8f (size before relaxing)
 .debug_str     0x0000b77d      0x462 C:\Users\Eugenia\Desktop\workspaceR4053\Lib_CMSIS\Debug\libLib_CMSIS.a(lpc17xx_gpio.o)
                                0x53d (size before relaxing)
 .debug_str     0x0000bbdf      0x203 C:\Users\Eugenia\Desktop\workspaceR4053\Lib_CMSIS\Debug\libLib_CMSIS.a(lpc17xx_pinsel.o)
                                0x352 (size before relaxing)
 .debug_str     0x0000bde2      0x286 C:\Users\Eugenia\Desktop\workspaceR4053\Lib_CMSIS\Debug\libLib_CMSIS.a(lpc17xx_timer.o)
                                0x593 (size before relaxing)
 .debug_str     0x0000c068      0x7ac C:\Users\Eugenia\Desktop\workspaceR4053\Lib_CMSIS\Debug\libLib_CMSIS.a(lpc17xx_uart.o)
                                0xb3e (size before relaxing)
 .debug_str     0x0000c814       0xef C:\Users\Eugenia\Desktop\workspaceR4053\Lib_CMSIS\Debug\libLib_CMSIS.a(lpc17xx_clkpwr.o)
                                0x374 (size before relaxing)
 .debug_str     0x0000c903       0x3d C:\Users\Eugenia\Desktop\workspaceR4053\Lib_CMSIS\Debug\libLib_CMSIS.a(lpc17xx_libcfg_default.o)
                                0x11b (size before relaxing)

.comment        0x00000000      0x20d
 .comment       0x00000000       0x2b ./src/cr_startup_lpc176x.o
 .comment       0x0000002b       0x70 ./src/main.o
                                 0x71 (size before relaxing)
 .comment       0x00000000       0x71 C:\Users\Eugenia\Desktop\workspaceR4053\CMSISv1p30_LPC17xx\Debug\libCMSISv1p30_LPC17xx.a(system_LPC17xx.o)
 .comment       0x0000009b       0x2b C:\Users\Eugenia\Desktop\workspaceR4053\Lib_CMSIS\Debug\libLib_CMSIS.a(lpc17xx_gpio.o)
 .comment       0x000000c6       0x2b C:\Users\Eugenia\Desktop\workspaceR4053\Lib_CMSIS\Debug\libLib_CMSIS.a(lpc17xx_pinsel.o)
 .comment       0x000000f1       0x2b C:\Users\Eugenia\Desktop\workspaceR4053\Lib_CMSIS\Debug\libLib_CMSIS.a(lpc17xx_timer.o)
 .comment       0x0000011c       0x2b C:\Users\Eugenia\Desktop\workspaceR4053\Lib_CMSIS\Debug\libLib_CMSIS.a(lpc17xx_uart.o)
 .comment       0x00000147       0x2b C:\Users\Eugenia\Desktop\workspaceR4053\Lib_CMSIS\Debug\libLib_CMSIS.a(lpc17xx_clkpwr.o)
 .comment       0x00000172       0x2b C:\Users\Eugenia\Desktop\workspaceR4053\Lib_CMSIS\Debug\libLib_CMSIS.a(lpc17xx_libcfg_default.o)
 .comment       0x0000019d       0x70 c:/nxp/lpcxpresso_8.0.0_526/lpcxpresso/tools/bin/../lib/gcc/arm-none-eabi/4.9.3/../../../../arm-none-eabi/lib/armv7-m\libcr_c.a(__weak__main.o)
                                 0x71 (size before relaxing)

.ARM.attributes
                0x00000000       0x31
 .ARM.attributes
                0x00000000       0x31 ./src/cr_startup_lpc176x.o
 .ARM.attributes
                0x00000031       0x33 ./src/main.o
 .ARM.attributes
                0x00000064       0x33 C:\Users\Eugenia\Desktop\workspaceR4053\CMSISv1p30_LPC17xx\Debug\libCMSISv1p30_LPC17xx.a(system_LPC17xx.o)
 .ARM.attributes
                0x00000097       0x31 C:\Users\Eugenia\Desktop\workspaceR4053\Lib_CMSIS\Debug\libLib_CMSIS.a(lpc17xx_gpio.o)
 .ARM.attributes
                0x000000c8       0x31 C:\Users\Eugenia\Desktop\workspaceR4053\Lib_CMSIS\Debug\libLib_CMSIS.a(lpc17xx_pinsel.o)
 .ARM.attributes
                0x000000f9       0x31 C:\Users\Eugenia\Desktop\workspaceR4053\Lib_CMSIS\Debug\libLib_CMSIS.a(lpc17xx_timer.o)
 .ARM.attributes
                0x0000012a       0x31 C:\Users\Eugenia\Desktop\workspaceR4053\Lib_CMSIS\Debug\libLib_CMSIS.a(lpc17xx_uart.o)
 .ARM.attributes
                0x0000015b       0x31 C:\Users\Eugenia\Desktop\workspaceR4053\Lib_CMSIS\Debug\libLib_CMSIS.a(lpc17xx_clkpwr.o)
 .ARM.attributes
                0x0000018c       0x31 C:\Users\Eugenia\Desktop\workspaceR4053\Lib_CMSIS\Debug\libLib_CMSIS.a(lpc17xx_libcfg_default.o)
 .ARM.attributes
                0x000001bd       0x33 c:/nxp/lpcxpresso_8.0.0_526/lpcxpresso/tools/bin/../lib/gcc/arm-none-eabi/4.9.3/../../../../arm-none-eabi/lib/armv7-m\libcr_c.a(__weak__main.o)
 .ARM.attributes
                0x000001f0       0x21 c:/nxp/lpcxpresso_8.0.0_526/lpcxpresso/tools/bin/../lib/gcc/arm-none-eabi/4.9.3/armv7-m\libcr_eabihelpers.a(division_64.o)
 .ARM.attributes
                0x00000211       0x21 c:/nxp/lpcxpresso_8.0.0_526/lpcxpresso/tools/bin/../lib/gcc/arm-none-eabi/4.9.3/armv7-m\libcr_eabihelpers.a(division_idiv0.o)

.debug_macro    0x00000000     0x33e1
 .debug_macro   0x00000000      0x164 ./src/main.o
 .debug_macro   0x00000164      0x86e ./src/main.o
 .debug_macro   0x000009d2       0x1c ./src/main.o
 .debug_macro   0x000009ee       0x22 ./src/main.o
 .debug_macro   0x00000a10       0x10 ./src/main.o
 .debug_macro   0x00000a20      0x12d ./src/main.o
 .debug_macro   0x00000b4d      0x5b2 ./src/main.o
 .debug_macro   0x000010ff      0x7b7 ./src/main.o
 .debug_macro   0x000018b6      0x2c7 ./src/main.o
 .debug_macro   0x00001b7d       0x63 ./src/main.o
 .debug_macro   0x00001be0      0x334 ./src/main.o
 .debug_macro   0x00001f14      0x13f ./src/main.o
 .debug_macro   0x00002053       0xea ./src/main.o
 .debug_macro   0x0000213d       0x4c ./src/main.o
 .debug_macro   0x00002189       0x46 ./src/main.o
 .debug_macro   0x000021cf       0x9a ./src/main.o
 .debug_macro   0x00002269       0x22 ./src/main.o
 .debug_macro   0x0000228b      0x113 C:\Users\Eugenia\Desktop\workspaceR4053\CMSISv1p30_LPC17xx\Debug\libCMSISv1p30_LPC17xx.a(system_LPC17xx.o)
 .debug_macro   0x0000239e      0x86e C:\Users\Eugenia\Desktop\workspaceR4053\CMSISv1p30_LPC17xx\Debug\libCMSISv1p30_LPC17xx.a(system_LPC17xx.o)
 .debug_macro   0x00002c0c      0x7d5 C:\Users\Eugenia\Desktop\workspaceR4053\CMSISv1p30_LPC17xx\Debug\libCMSISv1p30_LPC17xx.a(system_LPC17xx.o)
