Archive member included because of file (symbol)

F:\Ruben\facu\TD II\2013\Ver\workspaceR4054\CMSISv1p30_LPC17xx\Debug\libCMSISv1p30_LPC17xx.a(system_LPC17xx.o)
                              ./src/cr_startup_lpc176x.o (SystemInit)
F:\Ruben\facu\TD II\2013\Ver\workspaceR4054\Lib_CMSIS\Debug\libLib_CMSIS.a(lpc17xx_gpio.o)
                              ./src/main.o (GPIO_SetDir)
F:\Ruben\facu\TD II\2013\Ver\workspaceR4054\Lib_CMSIS\Debug\libLib_CMSIS.a(lpc17xx_timer.o)
                              ./src/main.o (TIM_GetIntStatus)
F:\Ruben\facu\TD II\2013\Ver\workspaceR4054\Lib_CMSIS\Debug\libLib_CMSIS.a(lpc17xx_clkpwr.o)
                              F:\Ruben\facu\TD II\2013\Ver\workspaceR4054\Lib_CMSIS\Debug\libLib_CMSIS.a(lpc17xx_timer.o) (CLKPWR_SetPCLKDiv)
F:\Ruben\facu\TD II\2013\Ver\workspaceR4054\Lib_CMSIS\Debug\libLib_CMSIS.a(lpc17xx_libcfg_default.o)
                              F:\Ruben\facu\TD II\2013\Ver\workspaceR4054\Lib_CMSIS\Debug\libLib_CMSIS.a(lpc17xx_timer.o) (check_failed)
c:/nxp/lpcxpresso_3.6/tools/bin/../lib/gcc/arm-none-eabi/4.3.3/../../../../arm-none-eabi/lib/thumb2\libcr_c.a(__weak__main.o)
                              ./src/cr_startup_lpc176x.o (__main)
c:/nxp/lpcxpresso_3.6/tools/bin/../lib/gcc/arm-none-eabi/4.3.3/../../../../arm-none-eabi/lib/thumb2\libcr_c.a(ctype.o)
                              c:/nxp/lpcxpresso_3.6/tools/bin/../lib/gcc/arm-none-eabi/4.3.3/../../../../arm-none-eabi/lib/thumb2\libcr_c.a(__weak__main.o) (_ctype_init)
c:/nxp/lpcxpresso_3.6/tools/bin/../lib/gcc/arm-none-eabi/4.3.3/../../../../arm-none-eabi/lib/thumb2\libcr_c.a(__init_alloc.o)
                              c:/nxp/lpcxpresso_3.6/tools/bin/../lib/gcc/arm-none-eabi/4.3.3/../../../../arm-none-eabi/lib/thumb2\libcr_c.a(__weak__main.o) (_init_alloc)
c:/nxp/lpcxpresso_3.6/tools/bin/../lib/gcc/arm-none-eabi/4.3.3/thumb2\libcr_eabihelpers.a(helpers.o)
                              F:\Ruben\facu\TD II\2013\Ver\workspaceR4054\Lib_CMSIS\Debug\libLib_CMSIS.a(lpc17xx_timer.o) (__aeabi_uldivmod)
c:/nxp/lpcxpresso_3.6/tools/bin/../lib/gcc/arm-none-eabi/4.3.3/thumb2\libcr_eabihelpers.a(rtlib.o)
                              c:/nxp/lpcxpresso_3.6/tools/bin/../lib/gcc/arm-none-eabi/4.3.3/thumb2\libcr_eabihelpers.a(helpers.o) (__bhs_uidivmod)

Allocating common symbols
Common symbol       size              file

TIM_ConfigStruct    0x8               ./src/main.o
TIM_MatchConfigStruct
                    0xc               ./src/main.o
__heaps             0x4               c:/nxp/lpcxpresso_3.6/tools/bin/../lib/gcc/arm-none-eabi/4.3.3/../../../../arm-none-eabi/lib/thumb2\libcr_c.a(__init_alloc.o)
__end_of_heap       0x4               c:/nxp/lpcxpresso_3.6/tools/bin/../lib/gcc/arm-none-eabi/4.3.3/../../../../arm-none-eabi/lib/thumb2\libcr_c.a(__init_alloc.o)

Discarded input sections

 .text          0x00000000        0x0 ./src/cr_startup_lpc176x.o
 .data          0x00000000        0x0 ./src/cr_startup_lpc176x.o
 .bss           0x00000000        0x0 ./src/cr_startup_lpc176x.o
 .text          0x00000000        0x0 ./src/main.o
 .data          0x00000000        0x0 ./src/main.o
 .bss           0x00000000        0x0 ./src/main.o
 .text          0x00000000        0x0 F:\Ruben\facu\TD II\2013\Ver\workspaceR4054\CMSISv1p30_LPC17xx\Debug\libCMSISv1p30_LPC17xx.a(system_LPC17xx.o)
 .bss           0x00000000        0x0 F:\Ruben\facu\TD II\2013\Ver\workspaceR4054\CMSISv1p30_LPC17xx\Debug\libCMSISv1p30_LPC17xx.a(system_LPC17xx.o)
 .text.SystemCoreClockUpdate
                0x00000000        0x0 F:\Ruben\facu\TD II\2013\Ver\workspaceR4054\CMSISv1p30_LPC17xx\Debug\libCMSISv1p30_LPC17xx.a(system_LPC17xx.o)
 .data          0x00000000        0x0 F:\Ruben\facu\TD II\2013\Ver\workspaceR4054\Lib_CMSIS\Debug\libLib_CMSIS.a(lpc17xx_gpio.o)
 .bss           0x00000000        0x0 F:\Ruben\facu\TD II\2013\Ver\workspaceR4054\Lib_CMSIS\Debug\libLib_CMSIS.a(lpc17xx_gpio.o)
 .data          0x00000000        0x0 F:\Ruben\facu\TD II\2013\Ver\workspaceR4054\Lib_CMSIS\Debug\libLib_CMSIS.a(lpc17xx_timer.o)
 .bss           0x00000000        0x0 F:\Ruben\facu\TD II\2013\Ver\workspaceR4054\Lib_CMSIS\Debug\libLib_CMSIS.a(lpc17xx_timer.o)
 .data          0x00000000        0x0 F:\Ruben\facu\TD II\2013\Ver\workspaceR4054\Lib_CMSIS\Debug\libLib_CMSIS.a(lpc17xx_clkpwr.o)
 .bss           0x00000000        0x0 F:\Ruben\facu\TD II\2013\Ver\workspaceR4054\Lib_CMSIS\Debug\libLib_CMSIS.a(lpc17xx_clkpwr.o)
 .data          0x00000000        0x0 F:\Ruben\facu\TD II\2013\Ver\workspaceR4054\Lib_CMSIS\Debug\libLib_CMSIS.a(lpc17xx_libcfg_default.o)
 .bss           0x00000000        0x0 F:\Ruben\facu\TD II\2013\Ver\workspaceR4054\Lib_CMSIS\Debug\libLib_CMSIS.a(lpc17xx_libcfg_default.o)
 .text          0x00000000        0x0 c:/nxp/lpcxpresso_3.6/tools/bin/../lib/gcc/arm-none-eabi/4.3.3/../../../../arm-none-eabi/lib/thumb2\libcr_c.a(__weak__main.o)
 .data          0x00000000        0x0 c:/nxp/lpcxpresso_3.6/tools/bin/../lib/gcc/arm-none-eabi/4.3.3/../../../../arm-none-eabi/lib/thumb2\libcr_c.a(__weak__main.o)
 .bss           0x00000000        0x0 c:/nxp/lpcxpresso_3.6/tools/bin/../lib/gcc/arm-none-eabi/4.3.3/../../../../arm-none-eabi/lib/thumb2\libcr_c.a(__weak__main.o)
 .bss           0x00000000        0x0 c:/nxp/lpcxpresso_3.6/tools/bin/../lib/gcc/arm-none-eabi/4.3.3/../../../../arm-none-eabi/lib/thumb2\libcr_c.a(ctype.o)
 .text          0x00000000        0x0 c:/nxp/lpcxpresso_3.6/tools/bin/../lib/gcc/arm-none-eabi/4.3.3/../../../../arm-none-eabi/lib/thumb2\libcr_c.a(__init_alloc.o)
 .data          0x00000000        0x0 c:/nxp/lpcxpresso_3.6/tools/bin/../lib/gcc/arm-none-eabi/4.3.3/../../../../arm-none-eabi/lib/thumb2\libcr_c.a(__init_alloc.o)
 .bss           0x00000000        0x0 c:/nxp/lpcxpresso_3.6/tools/bin/../lib/gcc/arm-none-eabi/4.3.3/../../../../arm-none-eabi/lib/thumb2\libcr_c.a(__init_alloc.o)
 .text._start_module__init_alloc
                0x00000000        0x0 c:/nxp/lpcxpresso_3.6/tools/bin/../lib/gcc/arm-none-eabi/4.3.3/../../../../arm-none-eabi/lib/thumb2\libcr_c.a(__init_alloc.o)
 .text._end_module__init_alloc
                0x00000000        0x0 c:/nxp/lpcxpresso_3.6/tools/bin/../lib/gcc/arm-none-eabi/4.3.3/../../../../arm-none-eabi/lib/thumb2\libcr_c.a(__init_alloc.o)
 .data          0x00000000        0x0 c:/nxp/lpcxpresso_3.6/tools/bin/../lib/gcc/arm-none-eabi/4.3.3/thumb2\libcr_eabihelpers.a(helpers.o)
 .bss           0x00000000        0x0 c:/nxp/lpcxpresso_3.6/tools/bin/../lib/gcc/arm-none-eabi/4.3.3/thumb2\libcr_eabihelpers.a(helpers.o)
 .text          0x00000000        0x0 c:/nxp/lpcxpresso_3.6/tools/bin/../lib/gcc/arm-none-eabi/4.3.3/thumb2\libcr_eabihelpers.a(rtlib.o)
 .data          0x00000000        0x0 c:/nxp/lpcxpresso_3.6/tools/bin/../lib/gcc/arm-none-eabi/4.3.3/thumb2\libcr_eabihelpers.a(rtlib.o)
 .bss           0x00000000        0x0 c:/nxp/lpcxpresso_3.6/tools/bin/../lib/gcc/arm-none-eabi/4.3.3/thumb2\libcr_eabihelpers.a(rtlib.o)
 .text.__aeabi_lmul
                0x00000000        0x0 c:/nxp/lpcxpresso_3.6/tools/bin/../lib/gcc/arm-none-eabi/4.3.3/thumb2\libcr_eabihelpers.a(rtlib.o)
 .text.__aeabi_llsl
                0x00000000        0x0 c:/nxp/lpcxpresso_3.6/tools/bin/../lib/gcc/arm-none-eabi/4.3.3/thumb2\libcr_eabihelpers.a(rtlib.o)
 .text.__aeabi_llsr
                0x00000000        0x0 c:/nxp/lpcxpresso_3.6/tools/bin/../lib/gcc/arm-none-eabi/4.3.3/thumb2\libcr_eabihelpers.a(rtlib.o)
 .text.__aeabi_lasr
                0x00000000        0x0 c:/nxp/lpcxpresso_3.6/tools/bin/../lib/gcc/arm-none-eabi/4.3.3/thumb2\libcr_eabihelpers.a(rtlib.o)
 .text.__aeabi_lcmp
                0x00000000        0x0 c:/nxp/lpcxpresso_3.6/tools/bin/../lib/gcc/arm-none-eabi/4.3.3/thumb2\libcr_eabihelpers.a(rtlib.o)
 .text.__aeabi_ulcmp
                0x00000000        0x0 c:/nxp/lpcxpresso_3.6/tools/bin/../lib/gcc/arm-none-eabi/4.3.3/thumb2\libcr_eabihelpers.a(rtlib.o)
 .text.__aeabi_uread4
                0x00000000        0x0 c:/nxp/lpcxpresso_3.6/tools/bin/../lib/gcc/arm-none-eabi/4.3.3/thumb2\libcr_eabihelpers.a(rtlib.o)
 .text.__aeabi_uread8
                0x00000000        0x0 c:/nxp/lpcxpresso_3.6/tools/bin/../lib/gcc/arm-none-eabi/4.3.3/thumb2\libcr_eabihelpers.a(rtlib.o)
 .text.__aeabi_uwrite4
                0x00000000        0x0 c:/nxp/lpcxpresso_3.6/tools/bin/../lib/gcc/arm-none-eabi/4.3.3/thumb2\libcr_eabihelpers.a(rtlib.o)
 .text.__aeabi_uwrite8
                0x00000000        0x0 c:/nxp/lpcxpresso_3.6/tools/bin/../lib/gcc/arm-none-eabi/4.3.3/thumb2\libcr_eabihelpers.a(rtlib.o)
 .text.__aeabi_memcpy
                0x00000000        0x0 c:/nxp/lpcxpresso_3.6/tools/bin/../lib/gcc/arm-none-eabi/4.3.3/thumb2\libcr_eabihelpers.a(rtlib.o)
 .text.__aeabi_memcpy4
                0x00000000        0x0 c:/nxp/lpcxpresso_3.6/tools/bin/../lib/gcc/arm-none-eabi/4.3.3/thumb2\libcr_eabihelpers.a(rtlib.o)
 .text.__aeabi_memmove4
                0x00000000        0x0 c:/nxp/lpcxpresso_3.6/tools/bin/../lib/gcc/arm-none-eabi/4.3.3/thumb2\libcr_eabihelpers.a(rtlib.o)
 .text.__aeabi_memset
                0x00000000        0x0 c:/nxp/lpcxpresso_3.6/tools/bin/../lib/gcc/arm-none-eabi/4.3.3/thumb2\libcr_eabihelpers.a(rtlib.o)
 .text.__aeabi_memset4
                0x00000000        0x0 c:/nxp/lpcxpresso_3.6/tools/bin/../lib/gcc/arm-none-eabi/4.3.3/thumb2\libcr_eabihelpers.a(rtlib.o)
 .text.__aeabi_memclr
                0x00000000        0x0 c:/nxp/lpcxpresso_3.6/tools/bin/../lib/gcc/arm-none-eabi/4.3.3/thumb2\libcr_eabihelpers.a(rtlib.o)
 .text.__aeabi_memclr4
                0x00000000        0x0 c:/nxp/lpcxpresso_3.6/tools/bin/../lib/gcc/arm-none-eabi/4.3.3/thumb2\libcr_eabihelpers.a(rtlib.o)
 .text.__aeabi_memmove
                0x00000000        0x0 c:/nxp/lpcxpresso_3.6/tools/bin/../lib/gcc/arm-none-eabi/4.3.3/thumb2\libcr_eabihelpers.a(rtlib.o)
 .text.__aeabi_idiv
                0x00000000        0x0 c:/nxp/lpcxpresso_3.6/tools/bin/../lib/gcc/arm-none-eabi/4.3.3/thumb2\libcr_eabihelpers.a(rtlib.o)
 .text.__aeabi_uidiv
                0x00000000        0x0 c:/nxp/lpcxpresso_3.6/tools/bin/../lib/gcc/arm-none-eabi/4.3.3/thumb2\libcr_eabihelpers.a(rtlib.o)

Memory Configuration

Name             Origin             Length             Attributes
MFlash512        0x00000000         0x00020000         xr
RamLoc32         0x10000000         0x00008000         xrw
RamAHB32         0x2007c000         0x00008000         xrw
*default*        0x00000000         0xffffffff

Linker script and memory map

LOAD ./src/cr_startup_lpc176x.o
LOAD ./src/main.o
LOAD F:\Ruben\facu\TD II\2013\Ver\workspaceR4054\CMSISv1p30_LPC17xx\Debug\libCMSISv1p30_LPC17xx.a
LOAD F:\Ruben\facu\TD II\2013\Ver\workspaceR4054\Lib_CMSIS\Debug\libLib_CMSIS.a
START GROUP
LOAD c:/nxp/lpcxpresso_3.6/tools/bin/../lib/gcc/arm-none-eabi/4.3.3/../../../../arm-none-eabi/lib/thumb2\libcr_c.a
LOAD c:/nxp/lpcxpresso_3.6/tools/bin/../lib/gcc/arm-none-eabi/4.3.3/thumb2\libcr_eabihelpers.a
END GROUP
                0x00080000                __top_MFlash512 = 0x80000
                0x10008000                __top_RamLoc32 = 0x10008000
                0x20084000                __top_RamAHB32 = 0x20084000

.text           0x00000000     0x263c
 FILL mask 0xff
 *(.isr_vector)
 .isr_vector    0x00000000       0xcc ./src/cr_startup_lpc176x.o
                0x00000000                g_pfnVectors
                0x000000cc                . = ALIGN (0x4)
                0x000000cc                __section_table_start = .
                0x000000cc                __data_section_table = .
                0x000000cc        0x4 LONG 0x263c LOADADDR (.data)
                0x000000d0        0x4 LONG 0x10000000 ADDR (.data)
                0x000000d4        0x4 LONG 0x208 SIZEOF (.data)
                0x000000d8        0x4 LONG 0x263c LOADADDR (.data_RAM2)
                0x000000dc        0x4 LONG 0x2007c000 ADDR (.data_RAM2)
                0x000000e0        0x4 LONG 0x0 SIZEOF (.data_RAM2)
                0x000000e4                __data_section_table_end = .
                0x000000e4                __bss_section_table = .
                0x000000e4        0x4 LONG 0x10000208 ADDR (.bss)
                0x000000e8        0x4 LONG 0x20 SIZEOF (.bss)
                0x000000ec        0x4 LONG 0x2007c000 ADDR (.bss_RAM2)
                0x000000f0        0x4 LONG 0x0 SIZEOF (.bss_RAM2)
                0x000000f4                __bss_section_table_end = .
                0x000000f4                __section_table_end = .
 *(.after_vectors*)
 .after_vectors
                0x000000f4       0x90 ./src/cr_startup_lpc176x.o
                0x00000130                SVCall_Handler
                0x00000140                TIMER2_IRQHandler
                0x00000134                DebugMon_Handler
                0x00000140                RIT_IRQHandler
                0x00000140                I2C0_IRQHandler
                0x00000120                HardFault_Handler
                0x0000013c                SysTick_Handler
                0x00000140                USBActivity_IRQHandler
                0x00000140                PWM1_IRQHandler
                0x00000138                PendSV_Handler
                0x0000011c                NMI_Handler
                0x00000140                I2C1_IRQHandler
                0x00000140                EINT2_IRQHandler
                0x00000140                UART1_IRQHandler
                0x00000140                EINT3_IRQHandler
                0x00000140                CANActivity_IRQHandler
                0x00000140                TIMER3_IRQHandler
                0x00000140                UART0_IRQHandler
                0x0000010c                bss_init
                0x0000012c                UsageFault_Handler
                0x00000140                IntDefaultHandler
                0x00000140                PLL0_IRQHandler
                0x00000140                CAN_IRQHandler
                0x00000140                PLL1_IRQHandler
                0x00000140                SSP0_IRQHandler
                0x00000140                I2S_IRQHandler
                0x00000140                I2C2_IRQHandler
                0x00000140                RTC_IRQHandler
                0x00000140                SPI_IRQHandler
                0x000000f4                data_init
                0x00000140                EINT1_IRQHandler
                0x00000140                TIMER1_IRQHandler
                0x00000140                UART2_IRQHandler
                0x00000140                ADC_IRQHandler
                0x00000140                SSP1_IRQHandler
                0x00000140                USB_IRQHandler
                0x00000140                BOD_IRQHandler
                0x00000124                MemManage_Handler
                0x00000140                WDT_IRQHandler
                0x00000140                QEI_IRQHandler
                0x00000140                EINT0_IRQHandler
                0x00000144                ResetISR
                0x00000140                DMA_IRQHandler
                0x00000128                BusFault_Handler
                0x00000140                UART3_IRQHandler
                0x00000140                MCPWM_IRQHandler
                0x00000140                ENET_IRQHandler
 *(.text*)
 .text.TIMER0_IRQHandler
                0x00000184       0x80 ./src/main.o
                0x00000184                TIMER0_IRQHandler
 .text.main     0x00000204       0x1c ./src/main.o
                0x00000204                main
 .text.Set_TIMER_0
                0x00000220       0xc8 ./src/main.o
                0x00000220                Set_TIMER_0
 .text.NVIC_SetPriority
                0x000002e8       0x5c ./src/main.o
 .text.NVIC_EnableIRQ
                0x00000344       0x38 ./src/main.o
 .text.SystemInit
                0x0000037c      0x224 F:\Ruben\facu\TD II\2013\Ver\workspaceR4054\CMSISv1p30_LPC17xx\Debug\libCMSISv1p30_LPC17xx.a(system_LPC17xx.o)
                0x0000037c                SystemInit
 .text          0x000005a0      0x904 F:\Ruben\facu\TD II\2013\Ver\workspaceR4054\Lib_CMSIS\Debug\libLib_CMSIS.a(lpc17xx_gpio.o)
                0x0000075c                GPIO_SetValue
                0x00000b64                FIO_HalfWordSetMask
                0x00000788                GPIO_ClearValue
                0x00000708                GPIO_SetDir
                0x00000d58                FIO_ByteSetMask
                0x00000978                FIO_SetDir
                0x00000938                GPIO_ClearInt
                0x000009bc                FIO_ClearValue
                0x00000de4                FIO_ByteSetValue
                0x000007b4                GPIO_ReadValue
                0x00000e5c                FIO_ByteReadValue
                0x00000abc                FIO_HalfWordSetDir
                0x00000a68                FIO_SetMask
                0x00000c8c                FIO_HalfWordReadValue
                0x00000870                GPIO_GetIntStatus
                0x0000099c                FIO_SetValue
                0x00000e20                FIO_ByteClearValue
                0x000009fc                FIO_IntCmd
                0x00000a20                FIO_GetIntStatus
                0x00000c4c                FIO_HalfWordClearValue
                0x000007ec                GPIO_IntCmd
                0x00000c0c                FIO_HalfWordSetValue
                0x00000a48                FIO_ClearInt
                0x000009dc                FIO_ReadValue
                0x00000cdc                FIO_ByteSetDir
 .text          0x00000ea4      0xbec F:\Ruben\facu\TD II\2013\Ver\workspaceR4054\Lib_CMSIS\Debug\libLib_CMSIS.a(lpc17xx_timer.o)
                0x000018f8                TIM_ConfigCapture
                0x000015a4                TIM_Cmd
                0x0000116c                TIM_ClearIntPending
                0x00001620                TIM_ResetCounter
                0x000014d4                TIM_DeInit
                0x000010a8                TIM_GetIntCaptureStatus
                0x00000fe8                TIM_GetIntStatus
                0x00001690                TIM_ConfigMatch
                0x00001a00                TIM_GetCaptureValue
                0x00001858                TIM_UpdateMatchValue
                0x000012c0                TIM_ConfigStructInit
                0x00001214                TIM_ClearIntCapturePending
                0x00001300                TIM_Init
 .text          0x00001a90      0x2bc F:\Ruben\facu\TD II\2013\Ver\workspaceR4054\Lib_CMSIS\Debug\libLib_CMSIS.a(lpc17xx_clkpwr.o)
                0x00001c24                CLKPWR_ConfigPPWR
                0x00001a90                CLKPWR_SetPCLKDiv
                0x00001cc8                CLKPWR_DeepSleep
                0x00001cf4                CLKPWR_PowerDown
                0x00001b60                CLKPWR_GetPCLKSEL
                0x00001bb4                CLKPWR_GetPCLK
                0x00001ca0                CLKPWR_Sleep
                0x00001d20                CLKPWR_DeepPowerDown
 .text          0x00001d4c        0xc F:\Ruben\facu\TD II\2013\Ver\workspaceR4054\Lib_CMSIS\Debug\libLib_CMSIS.a(lpc17xx_libcfg_default.o)
                0x00001d4c                check_failed
 .text.__weak_main
                0x00001d58       0x10 c:/nxp/lpcxpresso_3.6/tools/bin/../lib/gcc/arm-none-eabi/4.3.3/../../../../arm-none-eabi/lib/thumb2\libcr_c.a(__weak__main.o)
                0x00001d58                __main
                0x00001d58                __weak_main
 .text          0x00001d68      0x36c c:/nxp/lpcxpresso_3.6/tools/bin/../lib/gcc/arm-none-eabi/4.3.3/../../../../arm-none-eabi/lib/thumb2\libcr_c.a(ctype.o)
                0x00001d68                _start_module_ctype
                0x00001e3c                islower
                0x00001f2c                tolower
                0x00001e8c                ispunct
                0x00001eb4                isspace
                0x000020c8                _end_module_ctype
                0x00001f04                isxdigit
                0x00002044                _ctype_init
                0x00001edc                isupper
                0x00001d9c                isalpha
                0x00001e14                isgraph
                0x00001d74                isalnum
                0x00001e64                isprint
                0x00001fa4                _set_ctype_8859
                0x00001dec                isdigit
                0x00001dc4                iscntrl
                0x00001f68                toupper
 .text._init_alloc
                0x000020d4       0x18 c:/nxp/lpcxpresso_3.6/tools/bin/../lib/gcc/arm-none-eabi/4.3.3/../../../../arm-none-eabi/lib/thumb2\libcr_c.a(__init_alloc.o)
                0x000020d4                _init_alloc
 .text          0x000020ec       0x54 c:/nxp/lpcxpresso_3.6/tools/bin/../lib/gcc/arm-none-eabi/4.3.3/thumb2\libcr_eabihelpers.a(helpers.o)
                0x00002128                __aeabi_uldivmod
                0x000020fe                __aeabi_uidivmod
                0x000020ec                __aeabi_idivmod
                0x00002110                __aeabi_ldivmod
 .text.__aeabi_idiv0
                0x00002140        0x4 c:/nxp/lpcxpresso_3.6/tools/bin/../lib/gcc/arm-none-eabi/4.3.3/thumb2\libcr_eabihelpers.a(rtlib.o)
                0x00002140                __aeabi_idiv0
 .text.__bhs_uidivmod
                0x00002144       0x74 c:/nxp/lpcxpresso_3.6/tools/bin/../lib/gcc/arm-none-eabi/4.3.3/thumb2\libcr_eabihelpers.a(rtlib.o)
                0x00002144                __bhs_uidivmod
 .text.__aeabi_ldiv0
                0x000021b8        0x4 c:/nxp/lpcxpresso_3.6/tools/bin/../lib/gcc/arm-none-eabi/4.3.3/thumb2\libcr_eabihelpers.a(rtlib.o)
                0x000021b8                __aeabi_ldiv0
 .text.__bhs_idivmod
                0x000021bc       0x98 c:/nxp/lpcxpresso_3.6/tools/bin/../lib/gcc/arm-none-eabi/4.3.3/thumb2\libcr_eabihelpers.a(rtlib.o)
                0x000021bc                __bhs_idivmod
 .text.__bhs_uldivmod
                0x00002254      0x1b8 c:/nxp/lpcxpresso_3.6/tools/bin/../lib/gcc/arm-none-eabi/4.3.3/thumb2\libcr_eabihelpers.a(rtlib.o)
                0x00002254                __bhs_uldivmod
 .text.__bhs_ldivmod
                0x0000240c      0x20c c:/nxp/lpcxpresso_3.6/tools/bin/../lib/gcc/arm-none-eabi/4.3.3/thumb2\libcr_eabihelpers.a(rtlib.o)
                0x0000240c                __bhs_ldivmod
 *(.rodata .rodata.*)
 .rodata        0x00002618       0x24 F:\Ruben\facu\TD II\2013\Ver\workspaceR4054\Lib_CMSIS\Debug\libLib_CMSIS.a(lpc17xx_timer.o)
                0x0000263c                . = ALIGN (0x4)

.glue_7         0x0000263c        0x0
 .glue_7        0x00000000        0x0 linker stubs

.glue_7t        0x0000263c        0x0
 .glue_7t       0x00000000        0x0 linker stubs

.vfp11_veneer   0x0000263c        0x0
 .vfp11_veneer  0x00000000        0x0 linker stubs

.v4_bx          0x0000263c        0x0
 .v4_bx         0x00000000        0x0 linker stubs

.ARM.extab
 *(.ARM.extab* .gnu.linkonce.armextab.*)
                0x0000263c                __exidx_start = .

.ARM.exidx
 *(.ARM.exidx* .gnu.linkonce.armexidx.*)
                0x0000263c                __exidx_end = .
                0x0000263c                _etext = .

.data_RAM2      0x2007c000        0x0 load address 0x0000263c
 FILL mask 0xff
 *(.data.$RAM2*)
 *(.data.$RamAHB32*)
                0x2007c000                . = ALIGN (0x4)

.uninit_RESERVED
 *(.bss.$RESERVED*)

.data           0x10000000      0x208 load address 0x0000263c
 FILL mask 0xff
                0x10000000                _data = .
 *(vtable)
 *(.data*)
 .data          0x10000000        0x4 F:\Ruben\facu\TD II\2013\Ver\workspaceR4054\CMSISv1p30_LPC17xx\Debug\libCMSISv1p30_LPC17xx.a(system_LPC17xx.o)
                0x10000000                SystemCoreClock
 .data          0x10000004      0x204 c:/nxp/lpcxpresso_3.6/tools/bin/../lib/gcc/arm-none-eabi/4.3.3/../../../../arm-none-eabi/lib/thumb2\libcr_c.a(ctype.o)
                0x10000004                __ctype
                0x10000208                . = ALIGN (0x4)
                0x10000208                _edata = .

.bss_RAM2       0x2007c000        0x0
 *(.bss.$RAM2*)
 *(.bss.$RamAHB32*)
                0x2007c000                . = ALIGN (0x4)

.bss            0x10000208       0x20
                0x10000208                _bss = .
 *(.bss*)
 .bss.X         0x10000208        0x1 ./src/main.o
                0x10000208                X
 *(COMMON)
 *fill*         0x10000209        0x3 00
 COMMON         0x1000020c       0x14 ./src/main.o
                0x1000020c                TIM_ConfigStruct
                0x10000214                TIM_MatchConfigStruct
 COMMON         0x10000220        0x8 c:/nxp/lpcxpresso_3.6/tools/bin/../lib/gcc/arm-none-eabi/4.3.3/../../../../arm-none-eabi/lib/thumb2\libcr_c.a(__init_alloc.o)
                0x10000220                __heaps
                0x10000224                __end_of_heap
                0x10000228                . = ALIGN (0x4)
                0x10000228                _ebss = .
                0x10000228                PROVIDE (end, .)
                0x10000228                PROVIDE (_pvHeapStart, .)
                0x10008000                PROVIDE (_vStackTop, (__top_RamLoc32 - 0x0))
OUTPUT(P2.5b.axf elf32-littlearm)

.debug_abbrev   0x00000000      0x8e3
 .debug_abbrev  0x00000000      0x11d ./src/cr_startup_lpc176x.o
 .debug_abbrev  0x0000011d      0x18e ./src/main.o
 .debug_abbrev  0x000002ab       0xc6 F:\Ruben\facu\TD II\2013\Ver\workspaceR4054\CMSISv1p30_LPC17xx\Debug\libCMSISv1p30_LPC17xx.a(system_LPC17xx.o)
 .debug_abbrev  0x00000371      0x1d2 F:\Ruben\facu\TD II\2013\Ver\workspaceR4054\Lib_CMSIS\Debug\libLib_CMSIS.a(lpc17xx_gpio.o)
 .debug_abbrev  0x00000543      0x1bd F:\Ruben\facu\TD II\2013\Ver\workspaceR4054\Lib_CMSIS\Debug\libLib_CMSIS.a(lpc17xx_timer.o)
 .debug_abbrev  0x00000700      0x17b F:\Ruben\facu\TD II\2013\Ver\workspaceR4054\Lib_CMSIS\Debug\libLib_CMSIS.a(lpc17xx_clkpwr.o)
 .debug_abbrev  0x0000087b       0x68 F:\Ruben\facu\TD II\2013\Ver\workspaceR4054\Lib_CMSIS\Debug\libLib_CMSIS.a(lpc17xx_libcfg_default.o)

.debug_info     0x00000000     0x2b44
 .debug_info    0x00000000      0x2a0 ./src/cr_startup_lpc176x.o
 .debug_info    0x000002a0      0x7ec ./src/main.o
 .debug_info    0x00000a8c      0x334 F:\Ruben\facu\TD II\2013\Ver\workspaceR4054\CMSISv1p30_LPC17xx\Debug\libCMSISv1p30_LPC17xx.a(system_LPC17xx.o)
 .debug_info    0x00000dc0      0xe07 F:\Ruben\facu\TD II\2013\Ver\workspaceR4054\Lib_CMSIS\Debug\libLib_CMSIS.a(lpc17xx_gpio.o)
 .debug_info    0x00001bc7      0x877 F:\Ruben\facu\TD II\2013\Ver\workspaceR4054\Lib_CMSIS\Debug\libLib_CMSIS.a(lpc17xx_timer.o)
 .debug_info    0x0000243e      0x63d F:\Ruben\facu\TD II\2013\Ver\workspaceR4054\Lib_CMSIS\Debug\libLib_CMSIS.a(lpc17xx_clkpwr.o)
 .debug_info    0x00002a7b       0xc9 F:\Ruben\facu\TD II\2013\Ver\workspaceR4054\Lib_CMSIS\Debug\libLib_CMSIS.a(lpc17xx_libcfg_default.o)

.debug_line     0x00000000     0x1930
 .debug_line    0x00000000      0x2d4 ./src/cr_startup_lpc176x.o
 .debug_line    0x000002d4      0x381 ./src/main.o
 .debug_line    0x00000655      0x2f5 F:\Ruben\facu\TD II\2013\Ver\workspaceR4054\CMSISv1p30_LPC17xx\Debug\libCMSISv1p30_LPC17xx.a(system_LPC17xx.o)
 .debug_line    0x0000094a      0x489 F:\Ruben\facu\TD II\2013\Ver\workspaceR4054\Lib_CMSIS\Debug\libLib_CMSIS.a(lpc17xx_gpio.o)
 .debug_line    0x00000dd3      0x4bd F:\Ruben\facu\TD II\2013\Ver\workspaceR4054\Lib_CMSIS\Debug\libLib_CMSIS.a(lpc17xx_timer.o)
 .debug_line    0x00001290      0x3dd F:\Ruben\facu\TD II\2013\Ver\workspaceR4054\Lib_CMSIS\Debug\libLib_CMSIS.a(lpc17xx_clkpwr.o)
 .debug_line    0x0000166d      0x2c3 F:\Ruben\facu\TD II\2013\Ver\workspaceR4054\Lib_CMSIS\Debug\libLib_CMSIS.a(lpc17xx_libcfg_default.o)

.debug_macinfo  0x00000000    0x2b2f5
 .debug_macinfo
                0x00000000     0x26a9 ./src/cr_startup_lpc176x.o
 .debug_macinfo
                0x000026a9     0x76df ./src/main.o
 .debug_macinfo
                0x00009d88     0x6d59 F:\Ruben\facu\TD II\2013\Ver\workspaceR4054\CMSISv1p30_LPC17xx\Debug\libCMSISv1p30_LPC17xx.a(system_LPC17xx.o)
 .debug_macinfo
                0x00010ae1     0x7079 F:\Ruben\facu\TD II\2013\Ver\workspaceR4054\Lib_CMSIS\Debug\libLib_CMSIS.a(lpc17xx_gpio.o)
 .debug_macinfo
                0x00017b5a     0x8e90 F:\Ruben\facu\TD II\2013\Ver\workspaceR4054\Lib_CMSIS\Debug\libLib_CMSIS.a(lpc17xx_timer.o)
 .debug_macinfo
                0x000209ea     0x7fb2 F:\Ruben\facu\TD II\2013\Ver\workspaceR4054\Lib_CMSIS\Debug\libLib_CMSIS.a(lpc17xx_clkpwr.o)
 .debug_macinfo
                0x0002899c     0x2959 F:\Ruben\facu\TD II\2013\Ver\workspaceR4054\Lib_CMSIS\Debug\libLib_CMSIS.a(lpc17xx_libcfg_default.o)

.debug_frame    0x00000000      0x880
 .debug_frame   0x00000000       0xe8 ./src/cr_startup_lpc176x.o
 .debug_frame   0x000000e8       0x9c ./src/main.o
 .debug_frame   0x00000184       0x40 F:\Ruben\facu\TD II\2013\Ver\workspaceR4054\CMSISv1p30_LPC17xx\Debug\libCMSISv1p30_LPC17xx.a(system_LPC17xx.o)
 .debug_frame   0x000001c4      0x378 F:\Ruben\facu\TD II\2013\Ver\workspaceR4054\Lib_CMSIS\Debug\libLib_CMSIS.a(lpc17xx_gpio.o)
 .debug_frame   0x0000053c      0x20c F:\Ruben\facu\TD II\2013\Ver\workspaceR4054\Lib_CMSIS\Debug\libLib_CMSIS.a(lpc17xx_timer.o)
 .debug_frame   0x00000748      0x10c F:\Ruben\facu\TD II\2013\Ver\workspaceR4054\Lib_CMSIS\Debug\libLib_CMSIS.a(lpc17xx_clkpwr.o)
 .debug_frame   0x00000854       0x2c F:\Ruben\facu\TD II\2013\Ver\workspaceR4054\Lib_CMSIS\Debug\libLib_CMSIS.a(lpc17xx_libcfg_default.o)

.debug_loc      0x00000000      0xd11
 .debug_loc     0x00000000       0x6e ./src/cr_startup_lpc176x.o
 .debug_loc     0x0000006e       0xef ./src/main.o
 .debug_loc     0x0000015d       0x56 F:\Ruben\facu\TD II\2013\Ver\workspaceR4054\CMSISv1p30_LPC17xx\Debug\libCMSISv1p30_LPC17xx.a(system_LPC17xx.o)
 .debug_loc     0x000001b3      0x604 F:\Ruben\facu\TD II\2013\Ver\workspaceR4054\Lib_CMSIS\Debug\libLib_CMSIS.a(lpc17xx_gpio.o)
 .debug_loc     0x000007b7      0x370 F:\Ruben\facu\TD II\2013\Ver\workspaceR4054\Lib_CMSIS\Debug\libLib_CMSIS.a(lpc17xx_timer.o)
 .debug_loc     0x00000b27      0x1b3 F:\Ruben\facu\TD II\2013\Ver\workspaceR4054\Lib_CMSIS\Debug\libLib_CMSIS.a(lpc17xx_clkpwr.o)
 .debug_loc     0x00000cda       0x37 F:\Ruben\facu\TD II\2013\Ver\workspaceR4054\Lib_CMSIS\Debug\libLib_CMSIS.a(lpc17xx_libcfg_default.o)

.debug_pubnames
                0x00000000      0x5e9
 .debug_pubnames
                0x00000000      0x118 ./src/cr_startup_lpc176x.o
 .debug_pubnames
                0x00000118       0x76 ./src/main.o
 .debug_pubnames
                0x0000018e       0x4f F:\Ruben\facu\TD II\2013\Ver\workspaceR4054\CMSISv1p30_LPC17xx\Debug\libCMSISv1p30_LPC17xx.a(system_LPC17xx.o)
 .debug_pubnames
                0x000001dd      0x203 F:\Ruben\facu\TD II\2013\Ver\workspaceR4054\Lib_CMSIS\Debug\libLib_CMSIS.a(lpc17xx_gpio.o)
 .debug_pubnames
                0x000003e0      0x12b F:\Ruben\facu\TD II\2013\Ver\workspaceR4054\Lib_CMSIS\Debug\libLib_CMSIS.a(lpc17xx_timer.o)
 .debug_pubnames
                0x0000050b       0xbb F:\Ruben\facu\TD II\2013\Ver\workspaceR4054\Lib_CMSIS\Debug\libLib_CMSIS.a(lpc17xx_clkpwr.o)
 .debug_pubnames
                0x000005c6       0x23 F:\Ruben\facu\TD II\2013\Ver\workspaceR4054\Lib_CMSIS\Debug\libLib_CMSIS.a(lpc17xx_libcfg_default.o)

.debug_aranges  0x00000000      0x168
 .debug_aranges
                0x00000000       0x80 ./src/cr_startup_lpc176x.o
 .debug_aranges
                0x00000080       0x40 ./src/main.o
 .debug_aranges
                0x000000c0       0x28 F:\Ruben\facu\TD II\2013\Ver\workspaceR4054\CMSISv1p30_LPC17xx\Debug\libCMSISv1p30_LPC17xx.a(system_LPC17xx.o)
 .debug_aranges
                0x000000e8       0x20 F:\Ruben\facu\TD II\2013\Ver\workspaceR4054\Lib_CMSIS\Debug\libLib_CMSIS.a(lpc17xx_gpio.o)
 .debug_aranges
                0x00000108       0x20 F:\Ruben\facu\TD II\2013\Ver\workspaceR4054\Lib_CMSIS\Debug\libLib_CMSIS.a(lpc17xx_timer.o)
 .debug_aranges
                0x00000128       0x20 F:\Ruben\facu\TD II\2013\Ver\workspaceR4054\Lib_CMSIS\Debug\libLib_CMSIS.a(lpc17xx_clkpwr.o)
 .debug_aranges
                0x00000148       0x20 F:\Ruben\facu\TD II\2013\Ver\workspaceR4054\Lib_CMSIS\Debug\libLib_CMSIS.a(lpc17xx_libcfg_default.o)

.debug_ranges   0x00000000       0xd0
 .debug_ranges  0x00000000       0x78 ./src/cr_startup_lpc176x.o
 .debug_ranges  0x00000078       0x38 ./src/main.o
 .debug_ranges  0x000000b0       0x20 F:\Ruben\facu\TD II\2013\Ver\workspaceR4054\CMSISv1p30_LPC17xx\Debug\libCMSISv1p30_LPC17xx.a(system_LPC17xx.o)

.debug_str      0x00000000     0x10ae
 .debug_str     0x00000000      0x215 ./src/cr_startup_lpc176x.o
                                0x23d (size before relaxing)
 .debug_str     0x00000215      0x4e4 ./src/main.o
                                0x5b6 (size before relaxing)
 .debug_str     0x000006f9      0x174 F:\Ruben\facu\TD II\2013\Ver\workspaceR4054\CMSISv1p30_LPC17xx\Debug\libCMSISv1p30_LPC17xx.a(system_LPC17xx.o)
                                0x24b (size before relaxing)
 .debug_str     0x0000086d      0x472 F:\Ruben\facu\TD II\2013\Ver\workspaceR4054\Lib_CMSIS\Debug\libLib_CMSIS.a(lpc17xx_gpio.o)
                                0x53d (size before relaxing)
 .debug_str     0x00000cdf      0x29e F:\Ruben\facu\TD II\2013\Ver\workspaceR4054\Lib_CMSIS\Debug\libLib_CMSIS.a(lpc17xx_timer.o)
                                0x593 (size before relaxing)
 .debug_str     0x00000f7d       0xef F:\Ruben\facu\TD II\2013\Ver\workspaceR4054\Lib_CMSIS\Debug\libLib_CMSIS.a(lpc17xx_clkpwr.o)
                                0x374 (size before relaxing)
 .debug_str     0x0000106c       0x42 F:\Ruben\facu\TD II\2013\Ver\workspaceR4054\Lib_CMSIS\Debug\libLib_CMSIS.a(lpc17xx_libcfg_default.o)
                                0x11b (size before relaxing)

.comment        0x00000000      0x1d9
 .comment       0x00000000       0x2b ./src/cr_startup_lpc176x.o
 .comment       0x0000002b       0x2b ./src/main.o
 .comment       0x00000056       0x2b F:\Ruben\facu\TD II\2013\Ver\workspaceR4054\CMSISv1p30_LPC17xx\Debug\libCMSISv1p30_LPC17xx.a(system_LPC17xx.o)
 .comment       0x00000081       0x2b F:\Ruben\facu\TD II\2013\Ver\workspaceR4054\Lib_CMSIS\Debug\libLib_CMSIS.a(lpc17xx_gpio.o)
 .comment       0x000000ac       0x2b F:\Ruben\facu\TD II\2013\Ver\workspaceR4054\Lib_CMSIS\Debug\libLib_CMSIS.a(lpc17xx_timer.o)
 .comment       0x000000d7       0x2b F:\Ruben\facu\TD II\2013\Ver\workspaceR4054\Lib_CMSIS\Debug\libLib_CMSIS.a(lpc17xx_clkpwr.o)
 .comment       0x00000102       0x2b F:\Ruben\facu\TD II\2013\Ver\workspaceR4054\Lib_CMSIS\Debug\libLib_CMSIS.a(lpc17xx_libcfg_default.o)
 .comment       0x0000012d       0x2b c:/nxp/lpcxpresso_3.6/tools/bin/../lib/gcc/arm-none-eabi/4.3.3/../../../../arm-none-eabi/lib/thumb2\libcr_c.a(__weak__main.o)
 .comment       0x00000158       0x2b c:/nxp/lpcxpresso_3.6/tools/bin/../lib/gcc/arm-none-eabi/4.3.3/../../../../arm-none-eabi/lib/thumb2\libcr_c.a(ctype.o)
 .comment       0x00000183       0x2b c:/nxp/lpcxpresso_3.6/tools/bin/../lib/gcc/arm-none-eabi/4.3.3/../../../../arm-none-eabi/lib/thumb2\libcr_c.a(__init_alloc.o)
 .comment       0x000001ae       0x2b c:/nxp/lpcxpresso_3.6/tools/bin/../lib/gcc/arm-none-eabi/4.3.3/thumb2\libcr_eabihelpers.a(rtlib.o)

.ARM.attributes
                0x00000000       0x2f
 .ARM.attributes
                0x00000000       0x31 ./src/cr_startup_lpc176x.o
 .ARM.attributes
                0x00000031       0x31 ./src/main.o
 .ARM.attributes
                0x00000062       0x31 F:\Ruben\facu\TD II\2013\Ver\workspaceR4054\CMSISv1p30_LPC17xx\Debug\libCMSISv1p30_LPC17xx.a(system_LPC17xx.o)
 .ARM.attributes
                0x00000093       0x31 F:\Ruben\facu\TD II\2013\Ver\workspaceR4054\Lib_CMSIS\Debug\libLib_CMSIS.a(lpc17xx_gpio.o)
 .ARM.attributes
                0x000000c4       0x31 F:\Ruben\facu\TD II\2013\Ver\workspaceR4054\Lib_CMSIS\Debug\libLib_CMSIS.a(lpc17xx_timer.o)
 .ARM.attributes
                0x000000f5       0x31 F:\Ruben\facu\TD II\2013\Ver\workspaceR4054\Lib_CMSIS\Debug\libLib_CMSIS.a(lpc17xx_clkpwr.o)
 .ARM.attributes
                0x00000126       0x31 F:\Ruben\facu\TD II\2013\Ver\workspaceR4054\Lib_CMSIS\Debug\libLib_CMSIS.a(lpc17xx_libcfg_default.o)
 .ARM.attributes
                0x00000157       0x31 c:/nxp/lpcxpresso_3.6/tools/bin/../lib/gcc/arm-none-eabi/4.3.3/../../../../arm-none-eabi/lib/thumb2\libcr_c.a(__weak__main.o)
 .ARM.attributes
                0x00000188       0x31 c:/nxp/lpcxpresso_3.6/tools/bin/../lib/gcc/arm-none-eabi/4.3.3/../../../../arm-none-eabi/lib/thumb2\libcr_c.a(ctype.o)
 .ARM.attributes
                0x000001b9       0x31 c:/nxp/lpcxpresso_3.6/tools/bin/../lib/gcc/arm-none-eabi/4.3.3/../../../../arm-none-eabi/lib/thumb2\libcr_c.a(__init_alloc.o)
 .ARM.attributes
                0x000001ea       0x21 c:/nxp/lpcxpresso_3.6/tools/bin/../lib/gcc/arm-none-eabi/4.3.3/thumb2\libcr_eabihelpers.a(helpers.o)
 .ARM.attributes
                0x0000020b       0x31 c:/nxp/lpcxpresso_3.6/tools/bin/../lib/gcc/arm-none-eabi/4.3.3/thumb2\libcr_eabihelpers.a(rtlib.o)
