13:07:36 **** Incremental Build of configuration Debug for project CMSISv1p30_LPC17xx ****
make -r all 
Building file: ../src/system_LPC17xx.c
Invoking: MCU C Compiler
arm-none-eabi-gcc -DDEBUG -D__CODE_RED -D__REDLIB__ -I"C:\Users\Eugenia\Desktop\workspaceR4053\CMSISv1p30_LPC17xx\inc" -O0 -g3 -Wall -c -fmessage-length=0 -fno-builtin -ffunction-sections -mcpu=cortex-m3 -mthumb -D__REDLIB__ -specs=redlib.specs -MMD -MP -MF"src/system_LPC17xx.d" -MT"src/system_LPC17xx.o" -MT"src/system_LPC17xx.d" -o "src/system_LPC17xx.o" "../src/system_LPC17xx.c"
Finished building: ../src/system_LPC17xx.c
 
Building target: libCMSISv1p30_LPC17xx.a
Invoking: MCU Archiver
arm-none-eabi-ar -r  "libCMSISv1p30_LPC17xx.a"  ./src/core_cm3.o ./src/system_LPC17xx.o   
Finished building target: libCMSISv1p30_LPC17xx.a
 
make --no-print-directory post-build
Performing post-build steps
arm-none-eabi-size libCMSISv1p30_LPC17xx.a ; # arm-none-eabi-objdump -h -S libCMSISv1p30_LPC17xx.a >libCMSISv1p30_LPC17xx.lss
   text	   data	    bss	    dec	    hex	filename
    652	      0	      0	    652	    28c	core_cm3.o (ex libCMSISv1p30_LPC17xx.a)
    684	      4	      0	    688	    2b0	system_LPC17xx.o (ex libCMSISv1p30_LPC17xx.a)
 
13:07:38 **** Incremental Build of configuration Debug for project P2.1a ****
make -r all 
Building file: ../src/main.c
Invoking: MCU C Compiler
arm-none-eabi-gcc -D__REDLIB__ -DDEBUG -D__CODE_RED -I"C:\Users\Eugenia\Desktop\workspaceR4053\CMSISv1p30_LPC17xx\inc" -I"C:\Users\Eugenia\Desktop\workspaceR4053\Lib_CMSIS\Drivers\include" -O0 -g3 -Wall -c -fmessage-length=0 -fno-builtin -ffunction-sections -fdata-sections -mcpu=cortex-m3 -mthumb -D__REDLIB__ -specs=redlib.specs -MMD -MP -MF"src/main.d" -MT"src/main.o" -MT"src/main.d" -o "src/main.o" "../src/main.c"
Finished building: ../src/main.c
 
Building target: P2.1a.axf
Invoking: MCU Linker
arm-none-eabi-gcc -nostdlib -L"C:\Users\Eugenia\Desktop\workspaceR4053\CMSISv1p30_LPC17xx\Debug" -L"C:\Users\Eugenia\Desktop\workspaceR4053\Lib_CMSIS\Debug" -Xlinker -Map=P2.1a.map -Xlinker --gc-sections -mcpu=cortex-m3 -mthumb -T "Blinky_Debug.ld" -o "P2.1a.axf"  ./src/cr_startup_lpc176x.o ./src/main.o   -lCMSISv1p30_LPC17xx -lLib_CMSIS
Finished building target: P2.1a.axf
 
make --no-print-directory post-build
Performing post-build steps
arm-none-eabi-size P2.1a.axf; # arm-none-eabi-objcopy -O binary P2.1a.axf P2.1a.bin ; checksum -p LPC1769 -d P2.1a.bin;
   text	   data	    bss	    dec	    hex	filename
   2800	      0	      4	   2804	    af4	P2.1a.axf
 
13:08:29 **** Incremental Build of configuration Debug for project CMSISv1p30_LPC17xx ****
make -r all 
make: Nothing to be done for `all'.
13:08:31 **** Incremental Build of configuration Debug for project P2.1a ****
make -r all 
Building file: ../src/main.c
Invoking: MCU C Compiler
arm-none-eabi-gcc -D__REDLIB__ -DDEBUG -D__CODE_RED -I"C:\Users\Eugenia\Desktop\workspaceR4053\CMSISv1p30_LPC17xx\inc" -I"C:\Users\Eugenia\Desktop\workspaceR4053\Lib_CMSIS\Drivers\include" -O0 -g3 -Wall -c -fmessage-length=0 -fno-builtin -ffunction-sections -fdata-sections -mcpu=cortex-m3 -mthumb -D__REDLIB__ -specs=redlib.specs -MMD -MP -MF"src/main.d" -MT"src/main.o" -MT"src/main.d" -o "src/main.o" "../src/main.c"
Finished building: ../src/main.c
 
Building target: P2.1a.axf
Invoking: MCU Linker
arm-none-eabi-gcc -nostdlib -L"C:\Users\Eugenia\Desktop\workspaceR4053\CMSISv1p30_LPC17xx\Debug" -L"C:\Users\Eugenia\Desktop\workspaceR4053\Lib_CMSIS\Debug" -Xlinker -Map=P2.1a.map -Xlinker --gc-sections -mcpu=cortex-m3 -mthumb -T "Blinky_Debug.ld" -o "P2.1a.axf"  ./src/cr_startup_lpc176x.o ./src/main.o   -lCMSISv1p30_LPC17xx -lLib_CMSIS
Finished building target: P2.1a.axf
 
make --no-print-directory post-build
Performing post-build steps
arm-none-eabi-size P2.1a.axf; # arm-none-eabi-objcopy -O binary P2.1a.axf P2.1a.bin ; checksum -p LPC1769 -d P2.1a.bin;
   text	   data	    bss	    dec	    hex	filename
  15280	      4	      8	  15292	   3bbc	P2.1a.axf
 
13:08:54 **** Incremental Build of configuration Debug for project CMSISv1p30_LPC17xx ****
make -r all 
make: Nothing to be done for `all'.
13:08:55 **** Incremental Build of configuration Debug for project P2.1a ****
make -r all 
Building file: ../src/main.c
Invoking: MCU C Compiler
arm-none-eabi-gcc -D__REDLIB__ -DDEBUG -D__CODE_RED -I"C:\Users\Eugenia\Desktop\workspaceR4053\CMSISv1p30_LPC17xx\inc" -I"C:\Users\Eugenia\Desktop\workspaceR4053\Lib_CMSIS\Drivers\include" -O0 -g3 -Wall -c -fmessage-length=0 -fno-builtin -ffunction-sections -fdata-sections -mcpu=cortex-m3 -mthumb -D__REDLIB__ -specs=redlib.specs -MMD -MP -MF"src/main.d" -MT"src/main.o" -MT"src/main.d" -o "src/main.o" "../src/main.c"
../src/main.c: In function 'main':
../src/main.c:87:21: warning: unused variable 'frame_rx' [-Wunused-variable]
  LIN_frame frame_tx,frame_rx;
                     ^
Finished building: ../src/main.c
 
Building target: P2.1a.axf
Invoking: MCU Linker
arm-none-eabi-gcc -nostdlib -L"C:\Users\Eugenia\Desktop\workspaceR4053\CMSISv1p30_LPC17xx\Debug" -L"C:\Users\Eugenia\Desktop\workspaceR4053\Lib_CMSIS\Debug" -Xlinker -Map=P2.1a.map -Xlinker --gc-sections -mcpu=cortex-m3 -mthumb -T "Blinky_Debug.ld" -o "P2.1a.axf"  ./src/cr_startup_lpc176x.o ./src/main.o   -lCMSISv1p30_LPC17xx -lLib_CMSIS
Finished building target: P2.1a.axf
 
make --no-print-directory post-build
Performing post-build steps
arm-none-eabi-size P2.1a.axf; # arm-none-eabi-objcopy -O binary P2.1a.axf P2.1a.bin ; checksum -p LPC1769 -d P2.1a.bin;
   text	   data	    bss	    dec	    hex	filename
  15228	      4	      8	  15240	   3b88	P2.1a.axf
 
13:14:51 **** Incremental Build of configuration Debug for project CMSISv1p30_LPC17xx ****
make -r all 
make: Nothing to be done for `all'.
13:14:52 **** Incremental Build of configuration Debug for project P2.1a ****
make -r all 
make: Nothing to be done for `all'.
13:14:55 **** Incremental Build of configuration Debug for project P2.1a ****
make -r all 
make: Nothing to be done for `all'.
13:19:39 **** Incremental Build of configuration Debug for project CMSISv1p30_LPC17xx ****
make -r all 
make: Nothing to be done for `all'.
13:19:40 **** Incremental Build of configuration Debug for project P2.1a ****
make -r all 
make: Nothing to be done for `all'.
13:19:43 **** Incremental Build of configuration Debug for project P2.1a ****
make -r all 
make: Nothing to be done for `all'.
13:20:28 **** Incremental Build of configuration Debug for project CMSISv1p30_LPC17xx ****
make -r all 
make: Nothing to be done for `all'.
13:20:30 **** Incremental Build of configuration Debug for project P2.1a ****
make -r all 
Building file: ../src/main.c
Invoking: MCU C Compiler
arm-none-eabi-gcc -D__REDLIB__ -DDEBUG -D__CODE_RED -I"C:\Users\Eugenia\Desktop\workspaceR4053\CMSISv1p30_LPC17xx\inc" -I"C:\Users\Eugenia\Desktop\workspaceR4053\Lib_CMSIS\Drivers\include" -O0 -g3 -Wall -c -fmessage-length=0 -fno-builtin -ffunction-sections -fdata-sections -mcpu=cortex-m3 -mthumb -D__REDLIB__ -specs=redlib.specs -MMD -MP -MF"src/main.d" -MT"src/main.o" -MT"src/main.d" -o "src/main.o" "../src/main.c"
../src/main.c: In function 'main':
../src/main.c:87:21: warning: unused variable 'frame_rx' [-Wunused-variable]
  LIN_frame frame_tx,frame_rx;
                     ^
Finished building: ../src/main.c
 
Building target: P2.1a.axf
Invoking: MCU Linker
arm-none-eabi-gcc -nostdlib -L"C:\Users\Eugenia\Desktop\workspaceR4053\CMSISv1p30_LPC17xx\Debug" -L"C:\Users\Eugenia\Desktop\workspaceR4053\Lib_CMSIS\Debug" -Xlinker -Map=P2.1a.map -Xlinker --gc-sections -mcpu=cortex-m3 -mthumb -T "Blinky_Debug.ld" -o "P2.1a.axf"  ./src/cr_startup_lpc176x.o ./src/main.o   -lCMSISv1p30_LPC17xx -lLib_CMSIS
Finished building target: P2.1a.axf
 
make --no-print-directory post-build
Performing post-build steps
arm-none-eabi-size P2.1a.axf; # arm-none-eabi-objcopy -O binary P2.1a.axf P2.1a.bin ; checksum -p LPC1769 -d P2.1a.bin;
   text	   data	    bss	    dec	    hex	filename
  15228	      4	      8	  15240	   3b88	P2.1a.axf
 
13:20:33 **** Incremental Build of configuration Debug for project P2.1a ****
make -r all 
make: Nothing to be done for `all'.
13:32:46 **** Incremental Build of configuration Debug for project CMSISv1p30_LPC17xx ****
make -r all 
make: Nothing to be done for `all'.
13:32:48 **** Incremental Build of configuration Debug for project P2.1a ****
make -r all 
Building file: ../src/main.c
Invoking: MCU C Compiler
arm-none-eabi-gcc -D__REDLIB__ -DDEBUG -D__CODE_RED -I"C:\Users\Eugenia\Desktop\workspaceR4053\CMSISv1p30_LPC17xx\inc" -I"C:\Users\Eugenia\Desktop\workspaceR4053\Lib_CMSIS\Drivers\include" -O0 -g3 -Wall -c -fmessage-length=0 -fno-builtin -ffunction-sections -fdata-sections -mcpu=cortex-m3 -mthumb -D__REDLIB__ -specs=redlib.specs -MMD -MP -MF"src/main.d" -MT"src/main.o" -MT"src/main.d" -o "src/main.o" "../src/main.c"
../src/main.c: In function 'main':
../src/main.c:87:21: warning: unused variable 'frame_rx' [-Wunused-variable]
  LIN_frame frame_tx,frame_rx;
                     ^
Finished building: ../src/main.c
 
Building target: P2.1a.axf
Invoking: MCU Linker
arm-none-eabi-gcc -nostdlib -L"C:\Users\Eugenia\Desktop\workspaceR4053\CMSISv1p30_LPC17xx\Debug" -L"C:\Users\Eugenia\Desktop\workspaceR4053\Lib_CMSIS\Debug" -Xlinker -Map=P2.1a.map -Xlinker --gc-sections -mcpu=cortex-m3 -mthumb -T "Blinky_Debug.ld" -o "P2.1a.axf"  ./src/cr_startup_lpc176x.o ./src/main.o   -lCMSISv1p30_LPC17xx -lLib_CMSIS
Finished building target: P2.1a.axf
 
make --no-print-directory post-build
Performing post-build steps
arm-none-eabi-size P2.1a.axf; # arm-none-eabi-objcopy -O binary P2.1a.axf P2.1a.bin ; checksum -p LPC1769 -d P2.1a.bin;
   text	   data	    bss	    dec	    hex	filename
  15228	      4	      8	  15240	   3b88	P2.1a.axf
 
13:32:50 **** Incremental Build of configuration Debug for project P2.1a ****
make -r all 
make: Nothing to be done for `all'.
13:34:28 **** Incremental Build of configuration Debug for project CMSISv1p30_LPC17xx ****
make -r all 
make: Nothing to be done for `all'.
13:34:30 **** Incremental Build of configuration Debug for project P2.1a ****
make -r all 
make: Nothing to be done for `all'.
13:34:32 **** Incremental Build of configuration Debug for project P2.1a ****
make -r all 
make: Nothing to be done for `all'.
13:35:10 **** Incremental Build of configuration Debug for project CMSISv1p30_LPC17xx ****
make -r all 
make: Nothing to be done for `all'.
13:35:12 **** Incremental Build of configuration Debug for project P2.1a ****
make -r all 
make: Nothing to be done for `all'.
13:35:14 **** Incremental Build of configuration Debug for project P2.1a ****
make -r all 
make: Nothing to be done for `all'.
14:19:22 **** Incremental Build of configuration Debug for project CMSISv1p30_LPC17xx ****
make -r all 
make: Nothing to be done for `all'.
14:19:23 **** Incremental Build of configuration Debug for project P2.1a ****
make -r all 
Building file: ../src/main.c
Invoking: MCU C Compiler
arm-none-eabi-gcc -D__REDLIB__ -DDEBUG -D__CODE_RED -I"C:\Users\Eugenia\Desktop\workspaceR4053\CMSISv1p30_LPC17xx\inc" -I"C:\Users\Eugenia\Desktop\workspaceR4053\Lib_CMSIS\Drivers\include" -O0 -g3 -Wall -c -fmessage-length=0 -fno-builtin -ffunction-sections -fdata-sections -mcpu=cortex-m3 -mthumb -D__REDLIB__ -specs=redlib.specs -MMD -MP -MF"src/main.d" -MT"src/main.o" -MT"src/main.d" -o "src/main.o" "../src/main.c"
../src/main.c: In function 'main':
../src/main.c:87:21: warning: unused variable 'frame_rx' [-Wunused-variable]
  LIN_frame frame_tx,frame_rx;
                     ^
Finished building: ../src/main.c
 
Building target: P2.1a.axf
Invoking: MCU Linker
arm-none-eabi-gcc -nostdlib -L"C:\Users\Eugenia\Desktop\workspaceR4053\CMSISv1p30_LPC17xx\Debug" -L"C:\Users\Eugenia\Desktop\workspaceR4053\Lib_CMSIS\Debug" -Xlinker -Map=P2.1a.map -Xlinker --gc-sections -mcpu=cortex-m3 -mthumb -T "Blinky_Debug.ld" -o "P2.1a.axf"  ./src/cr_startup_lpc176x.o ./src/main.o   -lCMSISv1p30_LPC17xx -lLib_CMSIS
Finished building target: P2.1a.axf
 
make --no-print-directory post-build
Performing post-build steps
arm-none-eabi-size P2.1a.axf; # arm-none-eabi-objcopy -O binary P2.1a.axf P2.1a.bin ; checksum -p LPC1769 -d P2.1a.bin;
   text	   data	    bss	    dec	    hex	filename
  15232	      4	      8	  15244	   3b8c	P2.1a.axf
 
14:19:30 **** Incremental Build of configuration Debug for project CMSISv1p30_LPC17xx ****
make -r all 
make: Nothing to be done for `all'.
14:19:32 **** Incremental Build of configuration Debug for project P2.1a ****
make -r all 
make: Nothing to be done for `all'.
14:19:34 **** Incremental Build of configuration Debug for project P2.1a ****
make -r all 
make: Nothing to be done for `all'.
14:20:40 **** Incremental Build of configuration Debug for project CMSISv1p30_LPC17xx ****
make -r all 
make: Nothing to be done for `all'.
14:20:42 **** Incremental Build of configuration Debug for project P2.1a ****
make -r all 
Building file: ../src/main.c
Invoking: MCU C Compiler
arm-none-eabi-gcc -D__REDLIB__ -DDEBUG -D__CODE_RED -I"C:\Users\Eugenia\Desktop\workspaceR4053\CMSISv1p30_LPC17xx\inc" -I"C:\Users\Eugenia\Desktop\workspaceR4053\Lib_CMSIS\Drivers\include" -O0 -g3 -Wall -c -fmessage-length=0 -fno-builtin -ffunction-sections -fdata-sections -mcpu=cortex-m3 -mthumb -D__REDLIB__ -specs=redlib.specs -MMD -MP -MF"src/main.d" -MT"src/main.o" -MT"src/main.d" -o "src/main.o" "../src/main.c"
../src/main.c: In function 'main':
../src/main.c:88:21: warning: unused variable 'frame_rx' [-Wunused-variable]
  LIN_frame frame_tx,frame_rx;
                     ^
Finished building: ../src/main.c
 
Building target: P2.1a.axf
Invoking: MCU Linker
arm-none-eabi-gcc -nostdlib -L"C:\Users\Eugenia\Desktop\workspaceR4053\CMSISv1p30_LPC17xx\Debug" -L"C:\Users\Eugenia\Desktop\workspaceR4053\Lib_CMSIS\Debug" -Xlinker -Map=P2.1a.map -Xlinker --gc-sections -mcpu=cortex-m3 -mthumb -T "Blinky_Debug.ld" -o "P2.1a.axf"  ./src/cr_startup_lpc176x.o ./src/main.o   -lCMSISv1p30_LPC17xx -lLib_CMSIS
Finished building target: P2.1a.axf
 
make --no-print-directory post-build
Performing post-build steps
arm-none-eabi-size P2.1a.axf; # arm-none-eabi-objcopy -O binary P2.1a.axf P2.1a.bin ; checksum -p LPC1769 -d P2.1a.bin;
   text	   data	    bss	    dec	    hex	filename
  15252	      4	      8	  15264	   3ba0	P2.1a.axf
 
14:20:47 **** Incremental Build of configuration Debug for project CMSISv1p30_LPC17xx ****
make -r all 
make: Nothing to be done for `all'.
14:20:48 **** Incremental Build of configuration Debug for project P2.1a ****
make -r all 
make: Nothing to be done for `all'.
14:20:50 **** Incremental Build of configuration Debug for project P2.1a ****
make -r all 
make: Nothing to be done for `all'.
14:21:26 **** Incremental Build of configuration Debug for project CMSISv1p30_LPC17xx ****
make -r all 
make: Nothing to be done for `all'.
14:21:27 **** Incremental Build of configuration Debug for project P2.1a ****
make -r all 
Building file: ../src/main.c
Invoking: MCU C Compiler
arm-none-eabi-gcc -D__REDLIB__ -DDEBUG -D__CODE_RED -I"C:\Users\Eugenia\Desktop\workspaceR4053\CMSISv1p30_LPC17xx\inc" -I"C:\Users\Eugenia\Desktop\workspaceR4053\Lib_CMSIS\Drivers\include" -O0 -g3 -Wall -c -fmessage-length=0 -fno-builtin -ffunction-sections -fdata-sections -mcpu=cortex-m3 -mthumb -D__REDLIB__ -specs=redlib.specs -MMD -MP -MF"src/main.d" -MT"src/main.o" -MT"src/main.d" -o "src/main.o" "../src/main.c"
../src/main.c: In function 'main':
../src/main.c:88:21: warning: unused variable 'frame_rx' [-Wunused-variable]
  LIN_frame frame_tx,frame_rx;
                     ^
Finished building: ../src/main.c
 
Building target: P2.1a.axf
Invoking: MCU Linker
arm-none-eabi-gcc -nostdlib -L"C:\Users\Eugenia\Desktop\workspaceR4053\CMSISv1p30_LPC17xx\Debug" -L"C:\Users\Eugenia\Desktop\workspaceR4053\Lib_CMSIS\Debug" -Xlinker -Map=P2.1a.map -Xlinker --gc-sections -mcpu=cortex-m3 -mthumb -T "Blinky_Debug.ld" -o "P2.1a.axf"  ./src/cr_startup_lpc176x.o ./src/main.o   -lCMSISv1p30_LPC17xx -lLib_CMSIS
Finished building target: P2.1a.axf
 
make --no-print-directory post-build
Performing post-build steps
arm-none-eabi-size P2.1a.axf; # arm-none-eabi-objcopy -O binary P2.1a.axf P2.1a.bin ; checksum -p LPC1769 -d P2.1a.bin;
   text	   data	    bss	    dec	    hex	filename
  15256	      4	      8	  15268	   3ba4	P2.1a.axf
 
14:21:30 **** Incremental Build of configuration Debug for project P2.1a ****
make -r all 
make: Nothing to be done for `all'.
14:29:18 **** Incremental Build of configuration Debug for project CMSISv1p30_LPC17xx ****
make -r all 
make: Nothing to be done for `all'.
14:29:19 **** Incremental Build of configuration Debug for project P2.1a ****
make -r all 
Building file: ../src/main.c
Invoking: MCU C Compiler
arm-none-eabi-gcc -D__REDLIB__ -DDEBUG -D__CODE_RED -I"C:\Users\Eugenia\Desktop\workspaceR4053\CMSISv1p30_LPC17xx\inc" -I"C:\Users\Eugenia\Desktop\workspaceR4053\Lib_CMSIS\Drivers\include" -O0 -g3 -Wall -c -fmessage-length=0 -fno-builtin -ffunction-sections -fdata-sections -mcpu=cortex-m3 -mthumb -D__REDLIB__ -specs=redlib.specs -MMD -MP -MF"src/main.d" -MT"src/main.o" -MT"src/main.d" -o "src/main.o" "../src/main.c"
../src/main.c: In function 'main':
../src/main.c:88:21: warning: unused variable 'frame_rx' [-Wunused-variable]
  LIN_frame frame_tx,frame_rx;
                     ^
Finished building: ../src/main.c
 
Building target: P2.1a.axf
Invoking: MCU Linker
arm-none-eabi-gcc -nostdlib -L"C:\Users\Eugenia\Desktop\workspaceR4053\CMSISv1p30_LPC17xx\Debug" -L"C:\Users\Eugenia\Desktop\workspaceR4053\Lib_CMSIS\Debug" -Xlinker -Map=P2.1a.map -Xlinker --gc-sections -mcpu=cortex-m3 -mthumb -T "Blinky_Debug.ld" -o "P2.1a.axf"  ./src/cr_startup_lpc176x.o ./src/main.o   -lCMSISv1p30_LPC17xx -lLib_CMSIS
Finished building target: P2.1a.axf
 
make --no-print-directory post-build
Performing post-build steps
arm-none-eabi-size P2.1a.axf; # arm-none-eabi-objcopy -O binary P2.1a.axf P2.1a.bin ; checksum -p LPC1769 -d P2.1a.bin;
   text	   data	    bss	    dec	    hex	filename
  15224	      4	      8	  15236	   3b84	P2.1a.axf
 
14:29:22 **** Incremental Build of configuration Debug for project P2.1a ****
make -r all 
make: Nothing to be done for `all'.
14:30:54 **** Incremental Build of configuration Debug for project CMSISv1p30_LPC17xx ****
make -r all 
make: Nothing to be done for `all'.
14:30:56 **** Incremental Build of configuration Debug for project P2.1a ****
make -r all 
Building file: ../src/main.c
Invoking: MCU C Compiler
arm-none-eabi-gcc -D__REDLIB__ -DDEBUG -D__CODE_RED -I"C:\Users\Eugenia\Desktop\workspaceR4053\CMSISv1p30_LPC17xx\inc" -I"C:\Users\Eugenia\Desktop\workspaceR4053\Lib_CMSIS\Drivers\include" -O0 -g3 -Wall -c -fmessage-length=0 -fno-builtin -ffunction-sections -fdata-sections -mcpu=cortex-m3 -mthumb -D__REDLIB__ -specs=redlib.specs -MMD -MP -MF"src/main.d" -MT"src/main.o" -MT"src/main.d" -o "src/main.o" "../src/main.c"
../src/main.c: In function 'main':
../src/main.c:88:21: warning: unused variable 'frame_rx' [-Wunused-variable]
  LIN_frame frame_tx,frame_rx;
                     ^
Finished building: ../src/main.c
 
Building target: P2.1a.axf
Invoking: MCU Linker
arm-none-eabi-gcc -nostdlib -L"C:\Users\Eugenia\Desktop\workspaceR4053\CMSISv1p30_LPC17xx\Debug" -L"C:\Users\Eugenia\Desktop\workspaceR4053\Lib_CMSIS\Debug" -Xlinker -Map=P2.1a.map -Xlinker --gc-sections -mcpu=cortex-m3 -mthumb -T "Blinky_Debug.ld" -o "P2.1a.axf"  ./src/cr_startup_lpc176x.o ./src/main.o   -lCMSISv1p30_LPC17xx -lLib_CMSIS
Finished building target: P2.1a.axf
 
make --no-print-directory post-build
Performing post-build steps
arm-none-eabi-size P2.1a.axf; # arm-none-eabi-objcopy -O binary P2.1a.axf P2.1a.bin ; checksum -p LPC1769 -d P2.1a.bin;
   text	   data	    bss	    dec	    hex	filename
  15252	      4	      8	  15264	   3ba0	P2.1a.axf
 
14:30:58 **** Incremental Build of configuration Debug for project P2.1a ****
make -r all 
make: Nothing to be done for `all'.
14:31:52 **** Incremental Build of configuration Debug for project CMSISv1p30_LPC17xx ****
make -r all 
make: Nothing to be done for `all'.
14:31:53 **** Incremental Build of configuration Debug for project P2.1a ****
make -r all 
Building file: ../src/main.c
Invoking: MCU C Compiler
arm-none-eabi-gcc -D__REDLIB__ -DDEBUG -D__CODE_RED -I"C:\Users\Eugenia\Desktop\workspaceR4053\CMSISv1p30_LPC17xx\inc" -I"C:\Users\Eugenia\Desktop\workspaceR4053\Lib_CMSIS\Drivers\include" -O0 -g3 -Wall -c -fmessage-length=0 -fno-builtin -ffunction-sections -fdata-sections -mcpu=cortex-m3 -mthumb -D__REDLIB__ -specs=redlib.specs -MMD -MP -MF"src/main.d" -MT"src/main.o" -MT"src/main.d" -o "src/main.o" "../src/main.c"
../src/main.c: In function 'main':
../src/main.c:88:21: warning: unused variable 'frame_rx' [-Wunused-variable]
  LIN_frame frame_tx,frame_rx;
                     ^
Finished building: ../src/main.c
 
Building target: P2.1a.axf
Invoking: MCU Linker
arm-none-eabi-gcc -nostdlib -L"C:\Users\Eugenia\Desktop\workspaceR4053\CMSISv1p30_LPC17xx\Debug" -L"C:\Users\Eugenia\Desktop\workspaceR4053\Lib_CMSIS\Debug" -Xlinker -Map=P2.1a.map -Xlinker --gc-sections -mcpu=cortex-m3 -mthumb -T "Blinky_Debug.ld" -o "P2.1a.axf"  ./src/cr_startup_lpc176x.o ./src/main.o   -lCMSISv1p30_LPC17xx -lLib_CMSIS
Finished building target: P2.1a.axf
 
make --no-print-directory post-build
Performing post-build steps
arm-none-eabi-size P2.1a.axf; # arm-none-eabi-objcopy -O binary P2.1a.axf P2.1a.bin ; checksum -p LPC1769 -d P2.1a.bin;
   text	   data	    bss	    dec	    hex	filename
  15256	      4	      8	  15268	   3ba4	P2.1a.axf
 
14:31:55 **** Incremental Build of configuration Debug for project P2.1a ****
make -r all 
make: Nothing to be done for `all'.
14:32:38 **** Incremental Build of configuration Debug for project CMSISv1p30_LPC17xx ****
make -r all 
make: Nothing to be done for `all'.
14:32:40 **** Incremental Build of configuration Debug for project P2.1a ****
make -r all 
Building file: ../src/main.c
Invoking: MCU C Compiler
arm-none-eabi-gcc -D__REDLIB__ -DDEBUG -D__CODE_RED -I"C:\Users\Eugenia\Desktop\workspaceR4053\CMSISv1p30_LPC17xx\inc" -I"C:\Users\Eugenia\Desktop\workspaceR4053\Lib_CMSIS\Drivers\include" -O0 -g3 -Wall -c -fmessage-length=0 -fno-builtin -ffunction-sections -fdata-sections -mcpu=cortex-m3 -mthumb -D__REDLIB__ -specs=redlib.specs -MMD -MP -MF"src/main.d" -MT"src/main.o" -MT"src/main.d" -o "src/main.o" "../src/main.c"
../src/main.c: In function 'main':
../src/main.c:88:21: warning: unused variable 'frame_rx' [-Wunused-variable]
  LIN_frame frame_tx,frame_rx;
                     ^
Finished building: ../src/main.c
 
Building target: P2.1a.axf
Invoking: MCU Linker
arm-none-eabi-gcc -nostdlib -L"C:\Users\Eugenia\Desktop\workspaceR4053\CMSISv1p30_LPC17xx\Debug" -L"C:\Users\Eugenia\Desktop\workspaceR4053\Lib_CMSIS\Debug" -Xlinker -Map=P2.1a.map -Xlinker --gc-sections -mcpu=cortex-m3 -mthumb -T "Blinky_Debug.ld" -o "P2.1a.axf"  ./src/cr_startup_lpc176x.o ./src/main.o   -lCMSISv1p30_LPC17xx -lLib_CMSIS
Finished building target: P2.1a.axf
 
make --no-print-directory post-build
Performing post-build steps
arm-none-eabi-size P2.1a.axf; # arm-none-eabi-objcopy -O binary P2.1a.axf P2.1a.bin ; checksum -p LPC1769 -d P2.1a.bin;
   text	   data	    bss	    dec	    hex	filename
  15228	      4	      8	  15240	   3b88	P2.1a.axf
 
14:32:42 **** Incremental Build of configuration Debug for project P2.1a ****
make -r all 
make: Nothing to be done for `all'.
14:34:52 **** Incremental Build of configuration Debug for project CMSISv1p30_LPC17xx ****
make -r all 
make: Nothing to be done for `all'.
14:34:53 **** Incremental Build of configuration Debug for project P2.1a ****
make -r all 
Building file: ../src/main.c
Invoking: MCU C Compiler
arm-none-eabi-gcc -D__REDLIB__ -DDEBUG -D__CODE_RED -I"C:\Users\Eugenia\Desktop\workspaceR4053\CMSISv1p30_LPC17xx\inc" -I"C:\Users\Eugenia\Desktop\workspaceR4053\Lib_CMSIS\Drivers\include" -O0 -g3 -Wall -c -fmessage-length=0 -fno-builtin -ffunction-sections -fdata-sections -mcpu=cortex-m3 -mthumb -D__REDLIB__ -specs=redlib.specs -MMD -MP -MF"src/main.d" -MT"src/main.o" -MT"src/main.d" -o "src/main.o" "../src/main.c"
../src/main.c: In function 'main':
../src/main.c:88:21: warning: unused variable 'frame_rx' [-Wunused-variable]
  LIN_frame frame_tx,frame_rx;
                     ^
Finished building: ../src/main.c
 
Building target: P2.1a.axf
Invoking: MCU Linker
arm-none-eabi-gcc -nostdlib -L"C:\Users\Eugenia\Desktop\workspaceR4053\CMSISv1p30_LPC17xx\Debug" -L"C:\Users\Eugenia\Desktop\workspaceR4053\Lib_CMSIS\Debug" -Xlinker -Map=P2.1a.map -Xlinker --gc-sections -mcpu=cortex-m3 -mthumb -T "Blinky_Debug.ld" -o "P2.1a.axf"  ./src/cr_startup_lpc176x.o ./src/main.o   -lCMSISv1p30_LPC17xx -lLib_CMSIS
Finished building target: P2.1a.axf
 
make --no-print-directory post-build
Performing post-build steps
arm-none-eabi-size P2.1a.axf; # arm-none-eabi-objcopy -O binary P2.1a.axf P2.1a.bin ; checksum -p LPC1769 -d P2.1a.bin;
   text	   data	    bss	    dec	    hex	filename
  15228	      4	      8	  15240	   3b88	P2.1a.axf
 
14:34:56 **** Incremental Build of configuration Debug for project P2.1a ****
make -r all 
make: Nothing to be done for `all'.
14:45:57 **** Incremental Build of configuration Debug for project CMSISv1p30_LPC17xx ****
make -r all 
make: Nothing to be done for `all'.
14:45:59 **** Incremental Build of configuration Debug for project P2.1a ****
make -r all 
Building file: ../src/main.c
Invoking: MCU C Compiler
arm-none-eabi-gcc -D__REDLIB__ -DDEBUG -D__CODE_RED -I"C:\Users\Eugenia\Desktop\workspaceR4053\CMSISv1p30_LPC17xx\inc" -I"C:\Users\Eugenia\Desktop\workspaceR4053\Lib_CMSIS\Drivers\include" -O0 -g3 -Wall -c -fmessage-length=0 -fno-builtin -ffunction-sections -fdata-sections -mcpu=cortex-m3 -mthumb -D__REDLIB__ -specs=redlib.specs -MMD -MP -MF"src/main.d" -MT"src/main.o" -MT"src/main.d" -o "src/main.o" "../src/main.c"
../src/main.c: In function 'main':
../src/main.c:88:21: warning: unused variable 'frame_rx' [-Wunused-variable]
  LIN_frame frame_tx,frame_rx;
                     ^
../src/main.c: In function 'LIN_Send':
../src/main.c:436:18: warning: unused variable 'PinCfg' [-Wunused-variable]
  PINSEL_CFG_Type PinCfg; // defino variable tipo estructura PINSEL_CFG_Type
                  ^
Finished building: ../src/main.c
 
Building target: P2.1a.axf
Invoking: MCU Linker
arm-none-eabi-gcc -nostdlib -L"C:\Users\Eugenia\Desktop\workspaceR4053\CMSISv1p30_LPC17xx\Debug" -L"C:\Users\Eugenia\Desktop\workspaceR4053\Lib_CMSIS\Debug" -Xlinker -Map=P2.1a.map -Xlinker --gc-sections -mcpu=cortex-m3 -mthumb -T "Blinky_Debug.ld" -o "P2.1a.axf"  ./src/cr_startup_lpc176x.o ./src/main.o   -lCMSISv1p30_LPC17xx -lLib_CMSIS
Finished building target: P2.1a.axf
 
make --no-print-directory post-build
Performing post-build steps
arm-none-eabi-size P2.1a.axf; # arm-none-eabi-objcopy -O binary P2.1a.axf P2.1a.bin ; checksum -p LPC1769 -d P2.1a.bin;
   text	   data	    bss	    dec	    hex	filename
  15240	      4	     16	  15260	   3b9c	P2.1a.axf
 
14:46:02 **** Incremental Build of configuration Debug for project P2.1a ****
make -r all 
make: Nothing to be done for `all'.
14:48:35 **** Incremental Build of configuration Debug for project CMSISv1p30_LPC17xx ****
make -r all 
make: Nothing to be done for `all'.
14:48:36 **** Incremental Build of configuration Debug for project P2.1a ****
make -r all 
Building file: ../src/main.c
Invoking: MCU C Compiler
arm-none-eabi-gcc -D__REDLIB__ -DDEBUG -D__CODE_RED -I"C:\Users\Eugenia\Desktop\workspaceR4053\CMSISv1p30_LPC17xx\inc" -I"C:\Users\Eugenia\Desktop\workspaceR4053\Lib_CMSIS\Drivers\include" -O0 -g3 -Wall -c -fmessage-length=0 -fno-builtin -ffunction-sections -fdata-sections -mcpu=cortex-m3 -mthumb -D__REDLIB__ -specs=redlib.specs -MMD -MP -MF"src/main.d" -MT"src/main.o" -MT"src/main.d" -o "src/main.o" "../src/main.c"
../src/main.c: In function 'main':
../src/main.c:88:21: warning: unused variable 'frame_rx' [-Wunused-variable]
  LIN_frame frame_tx,frame_rx;
                     ^
../src/main.c: In function 'LIN_Send':
../src/main.c:436:18: warning: unused variable 'PinCfg' [-Wunused-variable]
  PINSEL_CFG_Type PinCfg; // defino variable tipo estructura PINSEL_CFG_Type
                  ^
Finished building: ../src/main.c
 
Building target: P2.1a.axf
Invoking: MCU Linker
arm-none-eabi-gcc -nostdlib -L"C:\Users\Eugenia\Desktop\workspaceR4053\CMSISv1p30_LPC17xx\Debug" -L"C:\Users\Eugenia\Desktop\workspaceR4053\Lib_CMSIS\Debug" -Xlinker -Map=P2.1a.map -Xlinker --gc-sections -mcpu=cortex-m3 -mthumb -T "Blinky_Debug.ld" -o "P2.1a.axf"  ./src/cr_startup_lpc176x.o ./src/main.o   -lCMSISv1p30_LPC17xx -lLib_CMSIS
Finished building target: P2.1a.axf
 
make --no-print-directory post-build
Performing post-build steps
arm-none-eabi-size P2.1a.axf; # arm-none-eabi-objcopy -O binary P2.1a.axf P2.1a.bin ; checksum -p LPC1769 -d P2.1a.bin;
   text	   data	    bss	    dec	    hex	filename
  15224	      4	     16	  15244	   3b8c	P2.1a.axf
 
14:48:39 **** Incremental Build of configuration Debug for project P2.1a ****
make -r all 
make: Nothing to be done for `all'.
14:50:40 **** Incremental Build of configuration Debug for project CMSISv1p30_LPC17xx ****
make -r all 
make: Nothing to be done for `all'.
14:50:42 **** Incremental Build of configuration Debug for project P2.1a ****
make -r all 
Building file: ../src/main.c
Invoking: MCU C Compiler
arm-none-eabi-gcc -D__REDLIB__ -DDEBUG -D__CODE_RED -I"C:\Users\Eugenia\Desktop\workspaceR4053\CMSISv1p30_LPC17xx\inc" -I"C:\Users\Eugenia\Desktop\workspaceR4053\Lib_CMSIS\Drivers\include" -O0 -g3 -Wall -c -fmessage-length=0 -fno-builtin -ffunction-sections -fdata-sections -mcpu=cortex-m3 -mthumb -D__REDLIB__ -specs=redlib.specs -MMD -MP -MF"src/main.d" -MT"src/main.o" -MT"src/main.d" -o "src/main.o" "../src/main.c"
../src/main.c: In function 'main':
../src/main.c:88:21: warning: unused variable 'frame_rx' [-Wunused-variable]
  LIN_frame frame_tx,frame_rx;
                     ^
../src/main.c: In function 'LIN_Send':
../src/main.c:436:18: warning: unused variable 'PinCfg' [-Wunused-variable]
  PINSEL_CFG_Type PinCfg; // defino variable tipo estructura PINSEL_CFG_Type
                  ^
Finished building: ../src/main.c
 
Building target: P2.1a.axf
Invoking: MCU Linker
arm-none-eabi-gcc -nostdlib -L"C:\Users\Eugenia\Desktop\workspaceR4053\CMSISv1p30_LPC17xx\Debug" -L"C:\Users\Eugenia\Desktop\workspaceR4053\Lib_CMSIS\Debug" -Xlinker -Map=P2.1a.map -Xlinker --gc-sections -mcpu=cortex-m3 -mthumb -T "Blinky_Debug.ld" -o "P2.1a.axf"  ./src/cr_startup_lpc176x.o ./src/main.o   -lCMSISv1p30_LPC17xx -lLib_CMSIS
Finished building target: P2.1a.axf
 
make --no-print-directory post-build
Performing post-build steps
arm-none-eabi-size P2.1a.axf; # arm-none-eabi-objcopy -O binary P2.1a.axf P2.1a.bin ; checksum -p LPC1769 -d P2.1a.bin;
   text	   data	    bss	    dec	    hex	filename
  15212	      4	     16	  15232	   3b80	P2.1a.axf
 
14:50:47 **** Incremental Build of configuration Debug for project CMSISv1p30_LPC17xx ****
make -r all 
make: Nothing to be done for `all'.
14:50:48 **** Incremental Build of configuration Debug for project P2.1a ****
make -r all 
make: Nothing to be done for `all'.
14:50:50 **** Incremental Build of configuration Debug for project P2.1a ****
make -r all 
make: Nothing to be done for `all'.
14:53:24 **** Incremental Build of configuration Debug for project CMSISv1p30_LPC17xx ****
make -r all 
make: Nothing to be done for `all'.
14:53:25 **** Incremental Build of configuration Debug for project P2.1a ****
make -r all 
Building file: ../src/main.c
Invoking: MCU C Compiler
arm-none-eabi-gcc -D__REDLIB__ -DDEBUG -D__CODE_RED -I"C:\Users\Eugenia\Desktop\workspaceR4053\CMSISv1p30_LPC17xx\inc" -I"C:\Users\Eugenia\Desktop\workspaceR4053\Lib_CMSIS\Drivers\include" -O0 -g3 -Wall -c -fmessage-length=0 -fno-builtin -ffunction-sections -fdata-sections -mcpu=cortex-m3 -mthumb -D__REDLIB__ -specs=redlib.specs -MMD -MP -MF"src/main.d" -MT"src/main.o" -MT"src/main.d" -o "src/main.o" "../src/main.c"
../src/main.c: In function 'main':
../src/main.c:89:21: warning: unused variable 'frame_rx' [-Wunused-variable]
  LIN_frame frame_tx,frame_rx;
                     ^
../src/main.c: In function 'LIN_Send':
../src/main.c:437:18: warning: unused variable 'PinCfg' [-Wunused-variable]
  PINSEL_CFG_Type PinCfg; // defino variable tipo estructura PINSEL_CFG_Type
                  ^
Finished building: ../src/main.c
 
Building target: P2.1a.axf
Invoking: MCU Linker
arm-none-eabi-gcc -nostdlib -L"C:\Users\Eugenia\Desktop\workspaceR4053\CMSISv1p30_LPC17xx\Debug" -L"C:\Users\Eugenia\Desktop\workspaceR4053\Lib_CMSIS\Debug" -Xlinker -Map=P2.1a.map -Xlinker --gc-sections -mcpu=cortex-m3 -mthumb -T "Blinky_Debug.ld" -o "P2.1a.axf"  ./src/cr_startup_lpc176x.o ./src/main.o   -lCMSISv1p30_LPC17xx -lLib_CMSIS
Finished building target: P2.1a.axf
 
make --no-print-directory post-build
Performing post-build steps
arm-none-eabi-size P2.1a.axf; # arm-none-eabi-objcopy -O binary P2.1a.axf P2.1a.bin ; checksum -p LPC1769 -d P2.1a.bin;
   text	   data	    bss	    dec	    hex	filename
  15212	      4	     16	  15232	   3b80	P2.1a.axf
 
14:53:28 **** Incremental Build of configuration Debug for project P2.1a ****
make -r all 
make: Nothing to be done for `all'.
14:56:15 **** Incremental Build of configuration Debug for project CMSISv1p30_LPC17xx ****
make -r all 
make: Nothing to be done for `all'.
14:56:16 **** Incremental Build of configuration Debug for project P2.1a ****
make -r all 
Building file: ../src/main.c
Invoking: MCU C Compiler
arm-none-eabi-gcc -D__REDLIB__ -DDEBUG -D__CODE_RED -I"C:\Users\Eugenia\Desktop\workspaceR4053\CMSISv1p30_LPC17xx\inc" -I"C:\Users\Eugenia\Desktop\workspaceR4053\Lib_CMSIS\Drivers\include" -O0 -g3 -Wall -c -fmessage-length=0 -fno-builtin -ffunction-sections -fdata-sections -mcpu=cortex-m3 -mthumb -D__REDLIB__ -specs=redlib.specs -MMD -MP -MF"src/main.d" -MT"src/main.o" -MT"src/main.d" -o "src/main.o" "../src/main.c"
../src/main.c: In function 'main':
../src/main.c:89:21: warning: unused variable 'frame_rx' [-Wunused-variable]
  LIN_frame frame_tx,frame_rx;
                     ^
../src/main.c: In function 'LIN_Send':
../src/main.c:437:18: warning: unused variable 'PinCfg' [-Wunused-variable]
  PINSEL_CFG_Type PinCfg; // defino variable tipo estructura PINSEL_CFG_Type
                  ^
Finished building: ../src/main.c
 
Building target: P2.1a.axf
Invoking: MCU Linker
arm-none-eabi-gcc -nostdlib -L"C:\Users\Eugenia\Desktop\workspaceR4053\CMSISv1p30_LPC17xx\Debug" -L"C:\Users\Eugenia\Desktop\workspaceR4053\Lib_CMSIS\Debug" -Xlinker -Map=P2.1a.map -Xlinker --gc-sections -mcpu=cortex-m3 -mthumb -T "Blinky_Debug.ld" -o "P2.1a.axf"  ./src/cr_startup_lpc176x.o ./src/main.o   -lCMSISv1p30_LPC17xx -lLib_CMSIS
Finished building target: P2.1a.axf
 
make --no-print-directory post-build
Performing post-build steps
arm-none-eabi-size P2.1a.axf; # arm-none-eabi-objcopy -O binary P2.1a.axf P2.1a.bin ; checksum -p LPC1769 -d P2.1a.bin;
   text	   data	    bss	    dec	    hex	filename
  15212	      4	     16	  15232	   3b80	P2.1a.axf
 
14:56:19 **** Incremental Build of configuration Debug for project P2.1a ****
make -r all 
make: Nothing to be done for `all'.
14:57:48 **** Incremental Build of configuration Debug for project CMSISv1p30_LPC17xx ****
make -r all 
make: Nothing to be done for `all'.
14:57:50 **** Incremental Build of configuration Debug for project P2.1a ****
make -r all 
Building file: ../src/main.c
Invoking: MCU C Compiler
arm-none-eabi-gcc -D__REDLIB__ -DDEBUG -D__CODE_RED -I"C:\Users\Eugenia\Desktop\workspaceR4053\CMSISv1p30_LPC17xx\inc" -I"C:\Users\Eugenia\Desktop\workspaceR4053\Lib_CMSIS\Drivers\include" -O0 -g3 -Wall -c -fmessage-length=0 -fno-builtin -ffunction-sections -fdata-sections -mcpu=cortex-m3 -mthumb -D__REDLIB__ -specs=redlib.specs -MMD -MP -MF"src/main.d" -MT"src/main.o" -MT"src/main.d" -o "src/main.o" "../src/main.c"
../src/main.c: In function 'main':
../src/main.c:89:21: warning: unused variable 'frame_rx' [-Wunused-variable]
  LIN_frame frame_tx,frame_rx;
                     ^
../src/main.c: In function 'LIN_Send':
../src/main.c:437:18: warning: unused variable 'PinCfg' [-Wunused-variable]
  PINSEL_CFG_Type PinCfg; // defino variable tipo estructura PINSEL_CFG_Type
                  ^
Finished building: ../src/main.c
 
Building target: P2.1a.axf
Invoking: MCU Linker
arm-none-eabi-gcc -nostdlib -L"C:\Users\Eugenia\Desktop\workspaceR4053\CMSISv1p30_LPC17xx\Debug" -L"C:\Users\Eugenia\Desktop\workspaceR4053\Lib_CMSIS\Debug" -Xlinker -Map=P2.1a.map -Xlinker --gc-sections -mcpu=cortex-m3 -mthumb -T "Blinky_Debug.ld" -o "P2.1a.axf"  ./src/cr_startup_lpc176x.o ./src/main.o   -lCMSISv1p30_LPC17xx -lLib_CMSIS
Finished building target: P2.1a.axf
 
make --no-print-directory post-build
Performing post-build steps
arm-none-eabi-size P2.1a.axf; # arm-none-eabi-objcopy -O binary P2.1a.axf P2.1a.bin ; checksum -p LPC1769 -d P2.1a.bin;
   text	   data	    bss	    dec	    hex	filename
  15212	      4	     16	  15232	   3b80	P2.1a.axf
 
14:57:52 **** Incremental Build of configuration Debug for project P2.1a ****
make -r all 
make: Nothing to be done for `all'.
14:58:39 **** Incremental Build of configuration Debug for project CMSISv1p30_LPC17xx ****
make -r all 
make: Nothing to be done for `all'.
14:58:41 **** Incremental Build of configuration Debug for project P2.1a ****
make -r all 
Building file: ../src/main.c
Invoking: MCU C Compiler
arm-none-eabi-gcc -D__REDLIB__ -DDEBUG -D__CODE_RED -I"C:\Users\Eugenia\Desktop\workspaceR4053\CMSISv1p30_LPC17xx\inc" -I"C:\Users\Eugenia\Desktop\workspaceR4053\Lib_CMSIS\Drivers\include" -O0 -g3 -Wall -c -fmessage-length=0 -fno-builtin -ffunction-sections -fdata-sections -mcpu=cortex-m3 -mthumb -D__REDLIB__ -specs=redlib.specs -MMD -MP -MF"src/main.d" -MT"src/main.o" -MT"src/main.d" -o "src/main.o" "../src/main.c"
../src/main.c: In function 'main':
../src/main.c:89:21: warning: unused variable 'frame_rx' [-Wunused-variable]
  LIN_frame frame_tx,frame_rx;
                     ^
../src/main.c: In function 'LIN_Send':
../src/main.c:437:18: warning: unused variable 'PinCfg' [-Wunused-variable]
  PINSEL_CFG_Type PinCfg; // defino variable tipo estructura PINSEL_CFG_Type
                  ^
Finished building: ../src/main.c
 
Building target: P2.1a.axf
Invoking: MCU Linker
arm-none-eabi-gcc -nostdlib -L"C:\Users\Eugenia\Desktop\workspaceR4053\CMSISv1p30_LPC17xx\Debug" -L"C:\Users\Eugenia\Desktop\workspaceR4053\Lib_CMSIS\Debug" -Xlinker -Map=P2.1a.map -Xlinker --gc-sections -mcpu=cortex-m3 -mthumb -T "Blinky_Debug.ld" -o "P2.1a.axf"  ./src/cr_startup_lpc176x.o ./src/main.o   -lCMSISv1p30_LPC17xx -lLib_CMSIS
Finished building target: P2.1a.axf
 
make --no-print-directory post-build
Performing post-build steps
arm-none-eabi-size P2.1a.axf; # arm-none-eabi-objcopy -O binary P2.1a.axf P2.1a.bin ; checksum -p LPC1769 -d P2.1a.bin;
   text	   data	    bss	    dec	    hex	filename
  15212	      4	     16	  15232	   3b80	P2.1a.axf
 
14:58:43 **** Incremental Build of configuration Debug for project P2.1a ****
make -r all 
make: Nothing to be done for `all'.
14:59:18 **** Incremental Build of configuration Debug for project CMSISv1p30_LPC17xx ****
make -r all 
make: Nothing to be done for `all'.
14:59:20 **** Incremental Build of configuration Debug for project P2.1a ****
make -r all 
Building file: ../src/main.c
Invoking: MCU C Compiler
arm-none-eabi-gcc -D__REDLIB__ -DDEBUG -D__CODE_RED -I"C:\Users\Eugenia\Desktop\workspaceR4053\CMSISv1p30_LPC17xx\inc" -I"C:\Users\Eugenia\Desktop\workspaceR4053\Lib_CMSIS\Drivers\include" -O0 -g3 -Wall -c -fmessage-length=0 -fno-builtin -ffunction-sections -fdata-sections -mcpu=cortex-m3 -mthumb -D__REDLIB__ -specs=redlib.specs -MMD -MP -MF"src/main.d" -MT"src/main.o" -MT"src/main.d" -o "src/main.o" "../src/main.c"
../src/main.c: In function 'main':
../src/main.c:89:21: warning: unused variable 'frame_rx' [-Wunused-variable]
  LIN_frame frame_tx,frame_rx;
                     ^
../src/main.c: In function 'LIN_Send':
../src/main.c:437:18: warning: unused variable 'PinCfg' [-Wunused-variable]
  PINSEL_CFG_Type PinCfg; // defino variable tipo estructura PINSEL_CFG_Type
                  ^
Finished building: ../src/main.c
 
Building target: P2.1a.axf
Invoking: MCU Linker
arm-none-eabi-gcc -nostdlib -L"C:\Users\Eugenia\Desktop\workspaceR4053\CMSISv1p30_LPC17xx\Debug" -L"C:\Users\Eugenia\Desktop\workspaceR4053\Lib_CMSIS\Debug" -Xlinker -Map=P2.1a.map -Xlinker --gc-sections -mcpu=cortex-m3 -mthumb -T "Blinky_Debug.ld" -o "P2.1a.axf"  ./src/cr_startup_lpc176x.o ./src/main.o   -lCMSISv1p30_LPC17xx -lLib_CMSIS
Finished building target: P2.1a.axf
 
make --no-print-directory post-build
Performing post-build steps
arm-none-eabi-size P2.1a.axf; # arm-none-eabi-objcopy -O binary P2.1a.axf P2.1a.bin ; checksum -p LPC1769 -d P2.1a.bin;
   text	   data	    bss	    dec	    hex	filename
  15212	      4	     16	  15232	   3b80	P2.1a.axf
 
14:59:22 **** Incremental Build of configuration Debug for project P2.1a ****
make -r all 
make: Nothing to be done for `all'.
15:21:30 **** Incremental Build of configuration Debug for project CMSISv1p30_LPC17xx ****
make -r all 
make: Nothing to be done for `all'.
15:21:31 **** Incremental Build of configuration Debug for project P2.1a ****
make -r all 
Building file: ../src/main.c
Invoking: MCU C Compiler
arm-none-eabi-gcc -D__REDLIB__ -DDEBUG -D__CODE_RED -I"C:\Users\Eugenia\Desktop\workspaceR4053\CMSISv1p30_LPC17xx\inc" -I"C:\Users\Eugenia\Desktop\workspaceR4053\Lib_CMSIS\Drivers\include" -O0 -g3 -Wall -c -fmessage-length=0 -fno-builtin -ffunction-sections -fdata-sections -mcpu=cortex-m3 -mthumb -D__REDLIB__ -specs=redlib.specs -MMD -MP -MF"src/main.d" -MT"src/main.o" -MT"src/main.d" -o "src/main.o" "../src/main.c"
../src/main.c: In function 'main':
../src/main.c:87:6: warning: unused variable 'i' [-Wunused-variable]
  int i;
      ^
../src/main.c: In function 'LIN_Send':
../src/main.c:440:18: warning: unused variable 'PinCfg' [-Wunused-variable]
  PINSEL_CFG_Type PinCfg; // defino variable tipo estructura PINSEL_CFG_Type
                  ^
Finished building: ../src/main.c
 
Building target: P2.1a.axf
Invoking: MCU Linker
arm-none-eabi-gcc -nostdlib -L"C:\Users\Eugenia\Desktop\workspaceR4053\CMSISv1p30_LPC17xx\Debug" -L"C:\Users\Eugenia\Desktop\workspaceR4053\Lib_CMSIS\Debug" -Xlinker -Map=P2.1a.map -Xlinker --gc-sections -mcpu=cortex-m3 -mthumb -T "Blinky_Debug.ld" -o "P2.1a.axf"  ./src/cr_startup_lpc176x.o ./src/main.o   -lCMSISv1p30_LPC17xx -lLib_CMSIS
Finished building target: P2.1a.axf
 
make --no-print-directory post-build
Performing post-build steps
arm-none-eabi-size P2.1a.axf; # arm-none-eabi-objcopy -O binary P2.1a.axf P2.1a.bin ; checksum -p LPC1769 -d P2.1a.bin;
   text	   data	    bss	    dec	    hex	filename
  15320	      4	     16	  15340	   3bec	P2.1a.axf
 
15:38:30 **** Incremental Build of configuration Debug for project CMSISv1p30_LPC17xx ****
make -r all 
make: Nothing to be done for `all'.
15:38:31 **** Incremental Build of configuration Debug for project P2.1a ****
make -r all 
Building file: ../src/main.c
Invoking: MCU C Compiler
arm-none-eabi-gcc -D__REDLIB__ -DDEBUG -D__CODE_RED -I"C:\Users\Eugenia\Desktop\workspaceR4053\CMSISv1p30_LPC17xx\inc" -I"C:\Users\Eugenia\Desktop\workspaceR4053\Lib_CMSIS\Drivers\include" -O0 -g3 -Wall -c -fmessage-length=0 -fno-builtin -ffunction-sections -fdata-sections -mcpu=cortex-m3 -mthumb -D__REDLIB__ -specs=redlib.specs -MMD -MP -MF"src/main.d" -MT"src/main.o" -MT"src/main.d" -o "src/main.o" "../src/main.c"
../src/main.c: In function 'main':
../src/main.c:89:21: warning: unused variable 'frame_rx' [-Wunused-variable]
  LIN_frame frame_tx,frame_rx;
                     ^
../src/main.c: In function 'LIN_Send':
../src/main.c:440:18: warning: unused variable 'PinCfg' [-Wunused-variable]
  PINSEL_CFG_Type PinCfg; // defino variable tipo estructura PINSEL_CFG_Type
                  ^
Finished building: ../src/main.c
 
Building target: P2.1a.axf
Invoking: MCU Linker
arm-none-eabi-gcc -nostdlib -L"C:\Users\Eugenia\Desktop\workspaceR4053\CMSISv1p30_LPC17xx\Debug" -L"C:\Users\Eugenia\Desktop\workspaceR4053\Lib_CMSIS\Debug" -Xlinker -Map=P2.1a.map -Xlinker --gc-sections -mcpu=cortex-m3 -mthumb -T "Blinky_Debug.ld" -o "P2.1a.axf"  ./src/cr_startup_lpc176x.o ./src/main.o   -lCMSISv1p30_LPC17xx -lLib_CMSIS
Finished building target: P2.1a.axf
 
make --no-print-directory post-build
Performing post-build steps
arm-none-eabi-size P2.1a.axf; # arm-none-eabi-objcopy -O binary P2.1a.axf P2.1a.bin ; checksum -p LPC1769 -d P2.1a.bin;
   text	   data	    bss	    dec	    hex	filename
  15212	      4	     16	  15232	   3b80	P2.1a.axf
 
15:38:34 **** Incremental Build of configuration Debug for project P2.1a ****
make -r all 
make: Nothing to be done for `all'.
15:40:21 **** Incremental Build of configuration Debug for project CMSISv1p30_LPC17xx ****
make -r all 
make: Nothing to be done for `all'.
15:40:23 **** Incremental Build of configuration Debug for project P2.1a ****
make -r all 
make: Nothing to be done for `all'.
15:40:25 **** Incremental Build of configuration Debug for project P2.1a ****
make -r all 
make: Nothing to be done for `all'.
15:40:53 **** Incremental Build of configuration Debug for project CMSISv1p30_LPC17xx ****
make -r all 
make: Nothing to be done for `all'.
15:40:54 **** Incremental Build of configuration Debug for project P2.1a ****
make -r all 
make: Nothing to be done for `all'.
15:40:56 **** Incremental Build of configuration Debug for project P2.1a ****
make -r all 
make: Nothing to be done for `all'.
15:41:59 **** Incremental Build of configuration Debug for project CMSISv1p30_LPC17xx ****
make -r all 
make: Nothing to be done for `all'.
15:42:00 **** Incremental Build of configuration Debug for project P2.1a ****
make -r all 
make: Nothing to be done for `all'.
15:42:02 **** Incremental Build of configuration Debug for project P2.1a ****
make -r all 
make: Nothing to be done for `all'.
15:43:38 **** Incremental Build of configuration Debug for project CMSISv1p30_LPC17xx ****
make -r all 
make: Nothing to be done for `all'.
15:43:39 **** Incremental Build of configuration Debug for project P2.1a ****
make -r all 
make: Nothing to be done for `all'.
15:43:41 **** Incremental Build of configuration Debug for project P2.1a ****
make -r all 
make: Nothing to be done for `all'.
15:47:08 **** Incremental Build of configuration Debug for project CMSISv1p30_LPC17xx ****
make -r all 
make: Nothing to be done for `all'.
15:47:09 **** Incremental Build of configuration Debug for project P2.1a ****
make -r all 
make: Nothing to be done for `all'.
15:47:11 **** Incremental Build of configuration Debug for project P2.1a ****
make -r all 
make: Nothing to be done for `all'.
15:48:30 **** Incremental Build of configuration Debug for project CMSISv1p30_LPC17xx ****
make -r all 
make: Nothing to be done for `all'.
15:48:31 **** Incremental Build of configuration Debug for project P2.1a ****
make -r all 
make: Nothing to be done for `all'.
15:48:33 **** Incremental Build of configuration Debug for project P2.1a ****
make -r all 
make: Nothing to be done for `all'.
15:56:00 **** Incremental Build of configuration Debug for project CMSISv1p30_LPC17xx ****
make -r all 
make: Nothing to be done for `all'.
15:56:02 **** Incremental Build of configuration Debug for project P2.1a ****
make -r all 
Building file: ../src/main.c
Invoking: MCU C Compiler
arm-none-eabi-gcc -D__REDLIB__ -DDEBUG -D__CODE_RED -I"C:\Users\Eugenia\Desktop\workspaceR4053\CMSISv1p30_LPC17xx\inc" -I"C:\Users\Eugenia\Desktop\workspaceR4053\Lib_CMSIS\Drivers\include" -O0 -g3 -Wall -c -fmessage-length=0 -fno-builtin -ffunction-sections -fdata-sections -mcpu=cortex-m3 -mthumb -D__REDLIB__ -specs=redlib.specs -MMD -MP -MF"src/main.d" -MT"src/main.o" -MT"src/main.d" -o "src/main.o" "../src/main.c"
../src/main.c: In function 'main':
../src/main.c:89:21: warning: unused variable 'frame_rx' [-Wunused-variable]
  LIN_frame frame_tx,frame_rx;
                     ^
../src/main.c: In function 'LIN_Send':
../src/main.c:440:18: warning: unused variable 'PinCfg' [-Wunused-variable]
  PINSEL_CFG_Type PinCfg; // defino variable tipo estructura PINSEL_CFG_Type
                  ^
Finished building: ../src/main.c
 
Building target: P2.1a.axf
Invoking: MCU Linker
arm-none-eabi-gcc -nostdlib -L"C:\Users\Eugenia\Desktop\workspaceR4053\CMSISv1p30_LPC17xx\Debug" -L"C:\Users\Eugenia\Desktop\workspaceR4053\Lib_CMSIS\Debug" -Xlinker -Map=P2.1a.map -Xlinker --gc-sections -mcpu=cortex-m3 -mthumb -T "Blinky_Debug.ld" -o "P2.1a.axf"  ./src/cr_startup_lpc176x.o ./src/main.o   -lCMSISv1p30_LPC17xx -lLib_CMSIS
Finished building target: P2.1a.axf
 
make --no-print-directory post-build
Performing post-build steps
arm-none-eabi-size P2.1a.axf; # arm-none-eabi-objcopy -O binary P2.1a.axf P2.1a.bin ; checksum -p LPC1769 -d P2.1a.bin;
   text	   data	    bss	    dec	    hex	filename
  15212	      4	     16	  15232	   3b80	P2.1a.axf
 
15:56:04 **** Incremental Build of configuration Debug for project P2.1a ****
make -r all 
make: Nothing to be done for `all'.
16:00:53 **** Incremental Build of configuration Debug for project CMSISv1p30_LPC17xx ****
make -r all 
make: Nothing to be done for `all'.
16:00:55 **** Incremental Build of configuration Debug for project P2.1a ****
make -r all 
Building file: ../src/main.c
Invoking: MCU C Compiler
arm-none-eabi-gcc -D__REDLIB__ -DDEBUG -D__CODE_RED -I"C:\Users\Eugenia\Desktop\workspaceR4053\CMSISv1p30_LPC17xx\inc" -I"C:\Users\Eugenia\Desktop\workspaceR4053\Lib_CMSIS\Drivers\include" -O0 -g3 -Wall -c -fmessage-length=0 -fno-builtin -ffunction-sections -fdata-sections -mcpu=cortex-m3 -mthumb -D__REDLIB__ -specs=redlib.specs -MMD -MP -MF"src/main.d" -MT"src/main.o" -MT"src/main.d" -o "src/main.o" "../src/main.c"
../src/main.c: In function 'main':
../src/main.c:89:21: warning: unused variable 'frame_rx' [-Wunused-variable]
  LIN_frame frame_tx,frame_rx;
                     ^
../src/main.c: In function 'LIN_Send':
../src/main.c:440:18: warning: unused variable 'PinCfg' [-Wunused-variable]
  PINSEL_CFG_Type PinCfg; // defino variable tipo estructura PINSEL_CFG_Type
                  ^
Finished building: ../src/main.c
 
Building target: P2.1a.axf
Invoking: MCU Linker
arm-none-eabi-gcc -nostdlib -L"C:\Users\Eugenia\Desktop\workspaceR4053\CMSISv1p30_LPC17xx\Debug" -L"C:\Users\Eugenia\Desktop\workspaceR4053\Lib_CMSIS\Debug" -Xlinker -Map=P2.1a.map -Xlinker --gc-sections -mcpu=cortex-m3 -mthumb -T "Blinky_Debug.ld" -o "P2.1a.axf"  ./src/cr_startup_lpc176x.o ./src/main.o   -lCMSISv1p30_LPC17xx -lLib_CMSIS
Finished building target: P2.1a.axf
 
make --no-print-directory post-build
Performing post-build steps
arm-none-eabi-size P2.1a.axf; # arm-none-eabi-objcopy -O binary P2.1a.axf P2.1a.bin ; checksum -p LPC1769 -d P2.1a.bin;
   text	   data	    bss	    dec	    hex	filename
  15212	      4	     16	  15232	   3b80	P2.1a.axf
 
16:00:57 **** Incremental Build of configuration Debug for project P2.1a ****
make -r all 
make: Nothing to be done for `all'.
16:02:14 **** Incremental Build of configuration Debug for project CMSISv1p30_LPC17xx ****
make -r all 
make: Nothing to be done for `all'.
16:02:15 **** Incremental Build of configuration Debug for project P2.1a ****
make -r all 
make: Nothing to be done for `all'.
16:02:17 **** Incremental Build of configuration Debug for project P2.1a ****
make -r all 
make: Nothing to be done for `all'.
16:03:45 **** Incremental Build of configuration Debug for project CMSISv1p30_LPC17xx ****
make -r all 
make: Nothing to be done for `all'.
16:03:46 **** Incremental Build of configuration Debug for project P2.1a ****
make -r all 
make: Nothing to be done for `all'.
16:03:48 **** Incremental Build of configuration Debug for project P2.1a ****
make -r all 
make: Nothing to be done for `all'.
16:10:49 **** Incremental Build of configuration Debug for project CMSISv1p30_LPC17xx ****
make -r all 
make: Nothing to be done for `all'.
16:10:51 **** Incremental Build of configuration Debug for project P2.1a ****
make -r all 
make: Nothing to be done for `all'.
16:10:53 **** Incremental Build of configuration Debug for project P2.1a ****
make -r all 
make: Nothing to be done for `all'.
16:16:16 **** Incremental Build of configuration Debug for project CMSISv1p30_LPC17xx ****
make -r all 
make: Nothing to be done for `all'.
16:16:17 **** Incremental Build of configuration Debug for project P2.1a ****
make -r all 
make: Nothing to be done for `all'.
16:16:19 **** Incremental Build of configuration Debug for project P2.1a ****
make -r all 
make: Nothing to be done for `all'.
