Archive member included because of file (symbol)

C:\Users\Eugenia\Desktop\CAN\lpc_board_nxp_lpcxpresso_1769\Debug\liblpc_board_nxp_lpcxpresso_1769.a(board.o)
                              ./example/src/can.o (Board_Init)
C:\Users\Eugenia\Desktop\CAN\lpc_board_nxp_lpcxpresso_1769\Debug\liblpc_board_nxp_lpcxpresso_1769.a(board_sysinit.o)
                              ./example/src/sysinit.o (Board_SystemInit)
C:\Users\Eugenia\Desktop\CAN\lpc_chip_175x_6x\Debug\liblpc_chip_175x_6x.a(can_17xx_40xx.o)
                              ./example/src/can.o (Chip_CAN_Init)
C:\Users\Eugenia\Desktop\CAN\lpc_chip_175x_6x\Debug\liblpc_chip_175x_6x.a(chip_17xx_40xx.o)
                              ./example/src/can.o (SystemCoreClock)
C:\Users\Eugenia\Desktop\CAN\lpc_chip_175x_6x\Debug\liblpc_chip_175x_6x.a(clock_17xx_40xx.o)
                              C:\Users\Eugenia\Desktop\CAN\lpc_chip_175x_6x\Debug\liblpc_chip_175x_6x.a(chip_17xx_40xx.o) (Chip_Clock_EnablePLL)
C:\Users\Eugenia\Desktop\CAN\lpc_chip_175x_6x\Debug\liblpc_chip_175x_6x.a(i2s_17xx_40xx.o)
                              C:\Users\Eugenia\Desktop\CAN\lpc_board_nxp_lpcxpresso_1769\Debug\liblpc_board_nxp_lpcxpresso_1769.a(board.o) (Chip_I2S_Init)
C:\Users\Eugenia\Desktop\CAN\lpc_chip_175x_6x\Debug\liblpc_chip_175x_6x.a(iocon_17xx_40xx.o)
                              ./example/src/can.o (Chip_IOCON_PinMuxSet)
C:\Users\Eugenia\Desktop\CAN\lpc_chip_175x_6x\Debug\liblpc_chip_175x_6x.a(sysinit_17xx_40xx.o)
                              C:\Users\Eugenia\Desktop\CAN\lpc_board_nxp_lpcxpresso_1769\Debug\liblpc_board_nxp_lpcxpresso_1769.a(board_sysinit.o) (Chip_SetupXtalClocking)
C:\Users\Eugenia\Desktop\CAN\lpc_chip_175x_6x\Debug\liblpc_chip_175x_6x.a(uart_17xx_40xx.o)
                              C:\Users\Eugenia\Desktop\CAN\lpc_board_nxp_lpcxpresso_1769\Debug\liblpc_board_nxp_lpcxpresso_1769.a(board.o) (Chip_UART_Init)
C:\Users\Eugenia\Desktop\CAN\lpc_chip_175x_6x\Debug\liblpc_chip_175x_6x.a(ring_buffer.o)
                              C:\Users\Eugenia\Desktop\CAN\lpc_chip_175x_6x\Debug\liblpc_chip_175x_6x.a(uart_17xx_40xx.o) (RingBuffer_Insert)
c:/nxp/lpcxpresso_8.0.0_526/lpcxpresso/tools/bin/../lib/gcc/arm-none-eabi/4.9.3/../../../../arm-none-eabi/lib/armv7-m\libcr_nohost.a(_cr__main.o)
                              ./example/src/cr_startup_lpc175x_6x.o (__main)
c:/nxp/lpcxpresso_8.0.0_526/lpcxpresso/tools/bin/../lib/gcc/arm-none-eabi/4.9.3/../../../../arm-none-eabi/lib/armv7-m\libcr_c.a(memcpy.o)
                              C:\Users\Eugenia\Desktop\CAN\lpc_board_nxp_lpcxpresso_1769\Debug\liblpc_board_nxp_lpcxpresso_1769.a(board.o) (memcpy)
c:/nxp/lpcxpresso_8.0.0_526/lpcxpresso/tools/bin/../lib/gcc/arm-none-eabi/4.9.3/../../../../arm-none-eabi/lib/armv7-m\libcr_c.a(fpprintf.o)
                              ./example/src/can.o (printf)
c:/nxp/lpcxpresso_8.0.0_526/lpcxpresso/tools/bin/../lib/gcc/arm-none-eabi/4.9.3/../../../../arm-none-eabi/lib/armv7-m\libcr_c.a(initio.o)
                              c:/nxp/lpcxpresso_8.0.0_526/lpcxpresso/tools/bin/../lib/gcc/arm-none-eabi/4.9.3/../../../../arm-none-eabi/lib/armv7-m\libcr_nohost.a(_cr__main.o) (_initio)
c:/nxp/lpcxpresso_8.0.0_526/lpcxpresso/tools/bin/../lib/gcc/arm-none-eabi/4.9.3/../../../../arm-none-eabi/lib/armv7-m\libcr_c.a(printf.o)
                              c:/nxp/lpcxpresso_8.0.0_526/lpcxpresso/tools/bin/../lib/gcc/arm-none-eabi/4.9.3/../../../../arm-none-eabi/lib/armv7-m\libcr_c.a(fpprintf.o) (__vfprintf)
c:/nxp/lpcxpresso_8.0.0_526/lpcxpresso/tools/bin/../lib/gcc/arm-none-eabi/4.9.3/../../../../arm-none-eabi/lib/armv7-m\libcr_c.a(setvbuf.o)
                              c:/nxp/lpcxpresso_8.0.0_526/lpcxpresso/tools/bin/../lib/gcc/arm-none-eabi/4.9.3/../../../../arm-none-eabi/lib/armv7-m\libcr_c.a(initio.o) (setvbuf)
c:/nxp/lpcxpresso_8.0.0_526/lpcxpresso/tools/bin/../lib/gcc/arm-none-eabi/4.9.3/../../../../arm-none-eabi/lib/armv7-m\libcr_c.a(stdio.o)
                              c:/nxp/lpcxpresso_8.0.0_526/lpcxpresso/tools/bin/../lib/gcc/arm-none-eabi/4.9.3/../../../../arm-none-eabi/lib/armv7-m\libcr_c.a(fpprintf.o) (__Ciob)
c:/nxp/lpcxpresso_8.0.0_526/lpcxpresso/tools/bin/../lib/gcc/arm-none-eabi/4.9.3/../../../../arm-none-eabi/lib/armv7-m\libcr_c.a(strlen.o)
                              c:/nxp/lpcxpresso_8.0.0_526/lpcxpresso/tools/bin/../lib/gcc/arm-none-eabi/4.9.3/../../../../arm-none-eabi/lib/armv7-m\libcr_c.a(printf.o) (strlen)
c:/nxp/lpcxpresso_8.0.0_526/lpcxpresso/tools/bin/../lib/gcc/arm-none-eabi/4.9.3/../../../../arm-none-eabi/lib/armv7-m\libcr_c.a(memset.o)
                              c:/nxp/lpcxpresso_8.0.0_526/lpcxpresso/tools/bin/../lib/gcc/arm-none-eabi/4.9.3/../../../../arm-none-eabi/lib/armv7-m\libcr_c.a(fpprintf.o) (memset)
c:/nxp/lpcxpresso_8.0.0_526/lpcxpresso/tools/bin/../lib/gcc/arm-none-eabi/4.9.3/../../../../arm-none-eabi/lib/armv7-m\libcr_c.a(__fillbuf.o)
[...]
Memory Configuration

Name             Origin             Length             Attributes
MFlash512        0x00000000         0x00080000         xr
RamLoc32         0x10000000         0x00008000         xrw
RamAHB32         0x2007c000         0x00008000         xrw
*default*        0x00000000         0xffffffff

Linker script and memory map

LOAD ./example/src/can.o
LOAD ./example/src/cr_startup_lpc175x_6x.o
LOAD ./example/src/sysinit.o
LOAD C:\Users\Eugenia\Desktop\CAN\lpc_board_nxp_lpcxpresso_1769\Debug\liblpc_board_nxp_lpcxpresso_1769.a
LOAD C:\Users\Eugenia\Desktop\CAN\lpc_chip_175x_6x\Debug\liblpc_chip_175x_6x.a
START GROUP
LOAD c:/nxp/lpcxpresso_8.0.0_526/lpcxpresso/tools/bin/../lib/gcc/arm-none-eabi/4.9.3/../../../../arm-none-eabi/lib/armv7-m\libcr_nohost.a
LOAD c:/nxp/lpcxpresso_8.0.0_526/lpcxpresso/tools/bin/../lib/gcc/arm-none-eabi/4.9.3/../../../../arm-none-eabi/lib/armv7-m\libcr_c.a
LOAD c:/nxp/lpcxpresso_8.0.0_526/lpcxpresso/tools/bin/../lib/gcc/arm-none-eabi/4.9.3/armv7-m\libcr_eabihelpers.a
END GROUP
                0x00000000                __base_MFlash512 = 0x0
                0x00000000                __base_Flash = 0x0
                0x00080000                __top_MFlash512 = 0x80000
                0x00080000                __top_Flash = 0x80000
                0x10000000                __base_RamLoc32 = 0x10000000
                0x10000000                __base_RAM = 0x10000000
                0x10008000                __top_RamLoc32 = 0x10008000
                0x10008000                __top_RAM = 0x10008000
                0x2007c000                __base_RamAHB32 = 0x2007c000
                0x2007c000                __base_RAM2 = 0x2007c000
                0x20084000                __top_RamAHB32 = 0x20084000
                0x20084000                __top_RAM2 = 0x20084000

.text           0x00000000     0x4730
 FILL mask 0xff
                0x00000000                __vectors_start__ = ABSOLUTE (.)
 *(.isr_vector)
 .isr_vector    0x00000000       0xcc ./example/src/cr_startup_lpc175x_6x.o
                0x00000000                g_pfnVectors
                0x000000cc                . = ALIGN (0x4)
                0x000000cc                __section_table_start = .
                0x000000cc                __data_section_table = .
                0x000000cc        0x4 LONG 0x4730 LOADADDR (.data)
                0x000000d0        0x4 LONG 0x10000000 ADDR (.data)
                0x000000d4        0x4 LONG 0xb8 SIZEOF (.data)
                0x000000d8        0x4 LONG 0x4730 LOADADDR (.data_RAM2)
                0x000000dc        0x4 LONG 0x2007c000 ADDR (.data_RAM2)
                0x000000e0        0x4 LONG 0x0 SIZEOF (.data_RAM2)
                0x000000e4                __data_section_table_end = .
                0x000000e4                __bss_section_table = .
                0x000000e4        0x4 LONG 0x100000b8 ADDR (.bss)
                0x000000e8        0x4 LONG 0x158 SIZEOF (.bss)
                0x000000ec        0x4 LONG 0x2007c000 ADDR (.bss_RAM2)
                0x000000f0        0x4 LONG 0x0 SIZEOF (.bss_RAM2)
                0x000000f4                __bss_section_table_end = .
                0x000000f4                __section_table_end = .
 *(.after_vectors*)
 .after_vectors
                0x000000f4      0x144 ./example/src/cr_startup_lpc175x_6x.o
                0x000000f4                data_init
                0x00000138                bss_init
                0x00000170                ResetISR
                0x000001e8                NMI_Handler
                0x000001f0                HardFault_Handler
                0x000001f8                MemManage_Handler
                0x00000200                BusFault_Handler
                0x00000208                UsageFault_Handler
                0x00000210                SVC_Handler
                0x00000218                DebugMon_Handler
                0x00000220                PendSV_Handler
                0x00000230                UART1_IRQHandler
                0x00000230                EINT3_IRQHandler
                0x00000230                CANActivity_IRQHandler
                0x00000230                TIMER3_IRQHandler
                0x00000230                UART0_IRQHandler
                0x00000230                USBActivity_IRQHandler
                0x00000230                EINT2_IRQHandler
                0x00000230                IntDefaultHandler
                0x00000230                PLL0_IRQHandler
                0x00000230                PLL1_IRQHandler
                0x00000230                I2C0_IRQHandler
                0x00000230                I2C1_IRQHandler
                0x00000230                I2C2_IRQHandler
                0x00000230                RTC_IRQHandler
                0x00000230                TIMER0_IRQHandler
                0x00000230                SPI_IRQHandler
                0x00000230                RIT_IRQHandler
                0x00000230                EINT1_IRQHandler
                0x00000230                TIMER1_IRQHandler
                0x00000230                UART2_IRQHandler
                0x00000230                ADC_IRQHandler
                0x00000230                SSP1_IRQHandler
                0x00000230                USB_IRQHandler
                0x00000230                BOD_IRQHandler
                0x00000230                PWM1_IRQHandler
                0x00000230                WDT_IRQHandler
                0x00000230                I2S_IRQHandler
                0x00000230                QEI_IRQHandler
                0x00000230                EINT0_IRQHandler
                0x00000230                ETH_IRQHandler
                0x00000230                SSP0_IRQHandler
                0x00000230                DMA_IRQHandler
                0x00000230                TIMER2_IRQHandler
                0x00000230                UART3_IRQHandler
                0x00000230                MCPWM_IRQHandler
 *(.text*)
 .text.NVIC_EnableIRQ
                0x00000238       0x30 ./example/src/can.o
 .text.NVIC_SetPriority
                0x00000268       0x54 ./example/src/can.o
 .text.SysTick_Config
                0x000002bc       0x44 ./example/src/can.o
 .text.Chip_CAN_GetStatus
                0x00000300       0x18 ./example/src/can.o
 .text.Chip_CAN_EnableInt
                0x00000318       0x20 ./example/src/can.o
 .text.Chip_CAN_GetIntStatus
                0x00000338       0x18 ./example/src/can.o
 .text.Chip_CAN_SetAFMode
                0x00000350       0x1c ./example/src/can.o
 .text.Chip_GPIO_SetPinDIROutput
                0x0000036c       0x38 ./example/src/can.o
 .text.Chip_GPIO_SetPinDIRInput
                0x000003a4       0x3c ./example/src/can.o
 .text.PrintCANErrorInfo
                0x000003e0       0xc0 ./example/src/can.o
 .text.ReplyNormalMessage
                0x000004a0       0x4c ./example/src/can.o
 .text.SetupAFLUT
                0x000004ec       0x1c ./example/src/can.o
 .text.CAN_IRQHandler
                0x00000508       0x50 ./example/src/can.o
                0x00000508                CAN_IRQHandler
 .text.SysTick_Handler
                0x00000558       0x28 ./example/src/can.o
                0x00000558                SysTick_Handler
 .text.main     0x00000580      0x140 ./example/src/can.o
                0x00000580                main
 .text.SystemInit
                0x000006c0       0x24 ./example/src/sysinit.o
                0x000006c0                SystemInit
 .text.Chip_IOCON_Init
                0x000006e4       0x14 C:\Users\Eugenia\Desktop\CAN\lpc_board_nxp_lpcxpresso_1769\Debug\liblpc_board_nxp_lpcxpresso_1769.a(board.o)
 .text.Chip_GPIO_Init
                0x000006f8       0x14 C:\Users\Eugenia\Desktop\CAN\lpc_board_nxp_lpcxpresso_1769\Debug\liblpc_board_nxp_lpcxpresso_1769.a(board.o)
 .text.Chip_GPIO_SetPinDIROutput
                0x0000070c       0x38 C:\Users\Eugenia\Desktop\CAN\lpc_board_nxp_lpcxpresso_1769\Debug\liblpc_board_nxp_lpcxpresso_1769.a(board.o)
 .text.Chip_GPIO_SetPinDIRInput
                0x00000744       0x3c C:\Users\Eugenia\Desktop\CAN\lpc_board_nxp_lpcxpresso_1769\Debug\liblpc_board_nxp_lpcxpresso_1769.a(board.o)
 .text.Chip_GPIO_SetPinDIR
                0x00000780       0x44 C:\Users\Eugenia\Desktop\CAN\lpc_board_nxp_lpcxpresso_1769\Debug\liblpc_board_nxp_lpcxpresso_1769.a(board.o)
 .text.Chip_GPIO_WriteDirBit
                0x000007c4       0x2c C:\Users\Eugenia\Desktop\CAN\lpc_board_nxp_lpcxpresso_1769\Debug\liblpc_board_nxp_lpcxpresso_1769.a(board.o)
 .text.Chip_UART_SendByte
                0x000007f0       0x1c C:\Users\Eugenia\Desktop\CAN\lpc_board_nxp_lpcxpresso_1769\Debug\liblpc_board_nxp_lpcxpresso_1769.a(board.o)
 .text.Chip_UART_ConfigData
                0x0000080c       0x1c C:\Users\Eugenia\Desktop\CAN\lpc_board_nxp_lpcxpresso_1769\Debug\liblpc_board_nxp_lpcxpresso_1769.a(board.o)
 .text.Chip_UART_ReadLineStatus
                0x00000828       0x18 C:\Users\Eugenia\Desktop\CAN\lpc_board_nxp_lpcxpresso_1769\Debug\liblpc_board_nxp_lpcxpresso_1769.a(board.o)
 .text.__sys_write
                0x00000840       0x38 C:\Users\Eugenia\Desktop\CAN\lpc_board_nxp_lpcxpresso_1769\Debug\liblpc_board_nxp_lpcxpresso_1769.a(board.o)
                0x00000840                __sys_write
 .text.Board_LED_Init
                0x00000878       0x18 C:\Users\Eugenia\Desktop\CAN\lpc_board_nxp_lpcxpresso_1769\Debug\liblpc_board_nxp_lpcxpresso_1769.a(board.o)
 .text.Board_UART_Init
                0x00000890       0x14 C:\Users\Eugenia\Desktop\CAN\lpc_board_nxp_lpcxpresso_1769\Debug\liblpc_board_nxp_lpcxpresso_1769.a(board.o)
                0x00000890                Board_UART_Init
 .text.Board_Debug_Init
                0x000008a4       0x30 C:\Users\Eugenia\Desktop\CAN\lpc_board_nxp_lpcxpresso_1769\Debug\liblpc_board_nxp_lpcxpresso_1769.a(board.o)
                0x000008a4                Board_Debug_Init
 .text.Board_UARTPutChar
                0x000008d4       0x30 C:\Users\Eugenia\Desktop\CAN\lpc_board_nxp_lpcxpresso_1769\Debug\liblpc_board_nxp_lpcxpresso_1769.a(board.o)
                0x000008d4                Board_UARTPutChar
 .text.Board_Init
                0x00000904       0x24 C:\Users\Eugenia\Desktop\CAN\lpc_board_nxp_lpcxpresso_1769\Debug\liblpc_board_nxp_lpcxpresso_1769.a(board.o)
                0x00000904                Board_Init
 .text.Chip_SYSCTL_SetFLASHAccess
                0x00000928       0x30 C:\Users\Eugenia\Desktop\CAN\lpc_board_nxp_lpcxpresso_1769\Debug\liblpc_board_nxp_lpcxpresso_1769.a(board_sysinit.o)
 .text.Board_SetupMuxing
                0x00000958       0x18 C:\Users\Eugenia\Desktop\CAN\lpc_board_nxp_lpcxpresso_1769\Debug\liblpc_board_nxp_lpcxpresso_1769.a(board_sysinit.o)
                0x00000958                Board_SetupMuxing
 .text.Board_SetupClocking
                0x00000970       0x10 C:\Users\Eugenia\Desktop\CAN\lpc_board_nxp_lpcxpresso_1769\Debug\liblpc_board_nxp_lpcxpresso_1769.a(board_sysinit.o)
                0x00000970                Board_SetupClocking
 .text.Board_SystemInit
                0x00000980       0x10 C:\Users\Eugenia\Desktop\CAN\lpc_board_nxp_lpcxpresso_1769\Debug\liblpc_board_nxp_lpcxpresso_1769.a(board_sysinit.o)
                0x00000980                Board_SystemInit
 .text.Chip_CAN_SetCmd
                0x00000990       0x1c C:\Users\Eugenia\Desktop\CAN\lpc_chip_175x_6x\Debug\liblpc_chip_175x_6x.a(can_17xx_40xx.o)
 .text.Chip_CAN_GetStatus
                0x000009ac       0x18 C:\Users\Eugenia\Desktop\CAN\lpc_chip_175x_6x\Debug\liblpc_chip_175x_6x.a(can_17xx_40xx.o)
 .text.Chip_CAN_GetMode
                0x000009c4       0x20 C:\Users\Eugenia\Desktop\CAN\lpc_chip_175x_6x\Debug\liblpc_chip_175x_6x.a(can_17xx_40xx.o)
 .text.Chip_CAN_SetAFMode
                0x000009e4       0x1c C:\Users\Eugenia\Desktop\CAN\lpc_chip_175x_6x\Debug\liblpc_chip_175x_6x.a(can_17xx_40xx.o)
 .text.Chip_CAN_GetAFMode
                0x00000a00       0x1c C:\Users\Eugenia\Desktop\CAN\lpc_chip_175x_6x\Debug\liblpc_chip_175x_6x.a(can_17xx_40xx.o)
 .text.setBusTiming
                0x00000a1c       0x68 C:\Users\Eugenia\Desktop\CAN\lpc_chip_175x_6x\Debug\liblpc_chip_175x_6x.a(can_17xx_40xx.o)
 .text.setSectionEndAddress
                0x00000a84       0x30 C:\Users\Eugenia\Desktop\CAN\lpc_chip_175x_6x\Debug\liblpc_chip_175x_6x.a(can_17xx_40xx.o)
 .text.getReceiveFrameInfo
                0x00000ab4       0x34 C:\Users\Eugenia\Desktop\CAN\lpc_chip_175x_6x\Debug\liblpc_chip_175x_6x.a(can_17xx_40xx.o)
 .text.setSendFrameInfo
                0x00000ae8       0x2c C:\Users\Eugenia\Desktop\CAN\lpc_chip_175x_6x\Debug\liblpc_chip_175x_6x.a(can_17xx_40xx.o)
 .text.createStdIDEntry
                0x00000b14       0x5c C:\Users\Eugenia\Desktop\CAN\lpc_chip_175x_6x\Debug\liblpc_chip_175x_6x.a(can_17xx_40xx.o)
 .text.createUnUsedSTDEntry
                0x00000b70       0x24 C:\Users\Eugenia\Desktop\CAN\lpc_chip_175x_6x\Debug\liblpc_chip_175x_6x.a(can_17xx_40xx.o)
 .text.setupSTDSection
                0x00000b94      0x10c C:\Users\Eugenia\Desktop\CAN\lpc_chip_175x_6x\Debug\liblpc_chip_175x_6x.a(can_17xx_40xx.o)
 .text.setupSTDRangeSection
                0x00000ca0       0x2c C:\Users\Eugenia\Desktop\CAN\lpc_chip_175x_6x\Debug\liblpc_chip_175x_6x.a(can_17xx_40xx.o)
 .text.createExtIDEntry
                0x00000ccc       0x30 C:\Users\Eugenia\Desktop\CAN\lpc_chip_175x_6x\Debug\liblpc_chip_175x_6x.a(can_17xx_40xx.o)
 .text.setupEXTSection
                0x00000cfc       0x78 C:\Users\Eugenia\Desktop\CAN\lpc_chip_175x_6x\Debug\liblpc_chip_175x_6x.a(can_17xx_40xx.o)
 .text.setupEXTRangeSection
                0x00000d74       0x28 C:\Users\Eugenia\Desktop\CAN\lpc_chip_175x_6x\Debug\liblpc_chip_175x_6x.a(can_17xx_40xx.o)
 .text.clearAFLUT
                0x00000d9c       0x80 C:\Users\Eugenia\Desktop\CAN\lpc_chip_175x_6x\Debug\liblpc_chip_175x_6x.a(can_17xx_40xx.o)
                0x00000d9c                clearAFLUT
 .text.Chip_CAN_GetClockIndex
                0x00000e1c       0x2c C:\Users\Eugenia\Desktop\CAN\lpc_chip_175x_6x\Debug\liblpc_chip_175x_6x.a(can_17xx_40xx.o)
 .text.Chip_CAN_GetClkIndex
                0x00000e48       0x2c C:\Users\Eugenia\Desktop\CAN\lpc_chip_175x_6x\Debug\liblpc_chip_175x_6x.a(can_17xx_40xx.o)
 .text.Chip_CAN_Init
                0x00000e74       0x5c C:\Users\Eugenia\Desktop\CAN\lpc_chip_175x_6x\Debug\liblpc_chip_175x_6x.a(can_17xx_40xx.o)
                0x00000e74                Chip_CAN_Init
 .text.Chip_CAN_SetBitRate
                0x00000ed0       0xd0 C:\Users\Eugenia\Desktop\CAN\lpc_chip_175x_6x\Debug\liblpc_chip_175x_6x.a(can_17xx_40xx.o)
                0x00000ed0                Chip_CAN_SetBitRate
 .text.Chip_CAN_SetMode
                0x00000fa0       0x94 C:\Users\Eugenia\Desktop\CAN\lpc_chip_175x_6x\Debug\liblpc_chip_175x_6x.a(can_17xx_40xx.o)
                0x00000fa0                Chip_CAN_SetMode
 .text.Chip_CAN_GetFreeTxBuf
                0x00001034       0x44 C:\Users\Eugenia\Desktop\CAN\lpc_chip_175x_6x\Debug\liblpc_chip_175x_6x.a(can_17xx_40xx.o)
                0x00001034                Chip_CAN_GetFreeTxBuf
 .text.Chip_CAN_SetAFLUT
                0x00001078      0x1d8 C:\Users\Eugenia\Desktop\CAN\lpc_chip_175x_6x\Debug\liblpc_chip_175x_6x.a(can_17xx_40xx.o)
                0x00001078                Chip_CAN_SetAFLUT
 .text.Chip_CAN_Send
                0x00001250      0x130 C:\Users\Eugenia\Desktop\CAN\lpc_chip_175x_6x\Debug\liblpc_chip_175x_6x.a(can_17xx_40xx.o)
                0x00001250                Chip_CAN_Send
 .text.Chip_CAN_Receive
                0x00001380       0xe4 C:\Users\Eugenia\Desktop\CAN\lpc_chip_175x_6x\Debug\liblpc_chip_175x_6x.a(can_17xx_40xx.o)
                0x00001380                Chip_CAN_Receive
 .text.Chip_CAN_ConfigFullCANInt
                0x00001464       0x4c C:\Users\Eugenia\Desktop\CAN\lpc_chip_175x_6x\Debug\liblpc_chip_175x_6x.a(can_17xx_40xx.o)
                0x00001464                Chip_CAN_ConfigFullCANInt
 .text.SystemCoreClockUpdate
                0x000014b0       0x14 C:\Users\Eugenia\Desktop\CAN\lpc_chip_175x_6x\Debug\liblpc_chip_175x_6x.a(chip_17xx_40xx.o)
                0x000014b0                SystemCoreClockUpdate
 .text.Chip_Clock_IsMainPLLEnabled
                0x000014c4       0x28 C:\Users\Eugenia\Desktop\CAN\lpc_chip_175x_6x\Debug\liblpc_chip_175x_6x.a(clock_17xx_40xx.o)
 .text.Chip_Clock_IsMainPLLConnected
                0x000014ec       0x28 C:\Users\Eugenia\Desktop\CAN\lpc_chip_175x_6x\Debug\liblpc_chip_175x_6x.a(clock_17xx_40xx.o)
 .text.Chip_Clock_FeedPLL
                0x00001514       0x34 C:\Users\Eugenia\Desktop\CAN\lpc_chip_175x_6x\Debug\liblpc_chip_175x_6x.a(clock_17xx_40xx.o)
 .text.Chip_Clock_GetMainPLLSource
                0x00001548       0x20 C:\Users\Eugenia\Desktop\CAN\lpc_chip_175x_6x\Debug\liblpc_chip_175x_6x.a(clock_17xx_40xx.o)
 .text.Chip_Clock_GetMainOscRate
                0x00001568       0x18 C:\Users\Eugenia\Desktop\CAN\lpc_chip_175x_6x\Debug\liblpc_chip_175x_6x.a(clock_17xx_40xx.o)
 .text.Chip_Clock_GetIntOscRate
                0x00001580       0x14 C:\Users\Eugenia\Desktop\CAN\lpc_chip_175x_6x\Debug\liblpc_chip_175x_6x.a(clock_17xx_40xx.o)
 .text.Chip_Clock_GetRTCOscRate
                0x00001594       0x18 C:\Users\Eugenia\Desktop\CAN\lpc_chip_175x_6x\Debug\liblpc_chip_175x_6x.a(clock_17xx_40xx.o)
 .text.Chip_Clock_GetMainPLLInClockRate
                0x000015ac       0x10 C:\Users\Eugenia\Desktop\CAN\lpc_chip_175x_6x\Debug\liblpc_chip_175x_6x.a(clock_17xx_40xx.o)
 .text.Chip_Clock_EnablePLL
                0x000015bc       0x44 C:\Users\Eugenia\Desktop\CAN\lpc_chip_175x_6x\Debug\liblpc_chip_175x_6x.a(clock_17xx_40xx.o)
                0x000015bc                Chip_Clock_EnablePLL
 .text.Chip_Clock_DisablePLL
                0x00001600       0x44 C:\Users\Eugenia\Desktop\CAN\lpc_chip_175x_6x\Debug\liblpc_chip_175x_6x.a(clock_17xx_40xx.o)
                0x00001600                Chip_Clock_DisablePLL
 .text.Chip_Clock_SetupPLL
                0x00001644       0x58 C:\Users\Eugenia\Desktop\CAN\lpc_chip_175x_6x\Debug\liblpc_chip_175x_6x.a(clock_17xx_40xx.o)
                0x00001644                Chip_Clock_SetupPLL
 .text.Chip_Clock_EnablePeriphClock
                0x0000169c       0x34 C:\Users\Eugenia\Desktop\CAN\lpc_chip_175x_6x\Debug\liblpc_chip_175x_6x.a(clock_17xx_40xx.o)
                0x0000169c                Chip_Clock_EnablePeriphClock
 .text.Chip_Clock_GetCPUClockSource
                0x000016d0       0x24 C:\Users\Eugenia\Desktop\CAN\lpc_chip_175x_6x\Debug\liblpc_chip_175x_6x.a(clock_17xx_40xx.o)
                0x000016d0                Chip_Clock_GetCPUClockSource
 .text.Chip_Clock_SetCPUClockDiv
                0x000016f4       0x20 C:\Users\Eugenia\Desktop\CAN\lpc_chip_175x_6x\Debug\liblpc_chip_175x_6x.a(clock_17xx_40xx.o)
                0x000016f4                Chip_Clock_SetCPUClockDiv
 .text.Chip_Clock_GetCPUClockDiv
                0x00001714       0x1c C:\Users\Eugenia\Desktop\CAN\lpc_chip_175x_6x\Debug\liblpc_chip_175x_6x.a(clock_17xx_40xx.o)
                0x00001714                Chip_Clock_GetCPUClockDiv
 .text.Chip_Clock_GetPCLKDiv
                0x00001730       0x90 C:\Users\Eugenia\Desktop\CAN\lpc_chip_175x_6x\Debug\liblpc_chip_175x_6x.a(clock_17xx_40xx.o)
                0x00001730                Chip_Clock_GetPCLKDiv
 .text.Chip_Clock_GetSYSCLKRate
                0x000017c0       0x34 C:\Users\Eugenia\Desktop\CAN\lpc_chip_175x_6x\Debug\liblpc_chip_175x_6x.a(clock_17xx_40xx.o)
                0x000017c0                Chip_Clock_GetSYSCLKRate
 .text.Chip_Clock_GetMainPLLOutClockRate
                0x000017f4       0x54 C:\Users\Eugenia\Desktop\CAN\lpc_chip_175x_6x\Debug\liblpc_chip_175x_6x.a(clock_17xx_40xx.o)
                0x000017f4                Chip_Clock_GetMainPLLOutClockRate
 .text.Chip_Clock_GetMainClockRate
                0x00001848       0x28 C:\Users\Eugenia\Desktop\CAN\lpc_chip_175x_6x\Debug\liblpc_chip_175x_6x.a(clock_17xx_40xx.o)
                0x00001848                Chip_Clock_GetMainClockRate
 .text.Chip_Clock_GetSystemClockRate
                0x00001870       0x18 C:\Users\Eugenia\Desktop\CAN\lpc_chip_175x_6x\Debug\liblpc_chip_175x_6x.a(clock_17xx_40xx.o)
                0x00001870                Chip_Clock_GetSystemClockRate
 .text.Chip_Clock_GetPeripheralClockRate
                0x00001888       0x28 C:\Users\Eugenia\Desktop\CAN\lpc_chip_175x_6x\Debug\liblpc_chip_175x_6x.a(clock_17xx_40xx.o)
                0x00001888                Chip_Clock_GetPeripheralClockRate
 .text.Chip_IOCON_PinMuxSet
                0x000018b0       0x34 C:\Users\Eugenia\Desktop\CAN\lpc_chip_175x_6x\Debug\liblpc_chip_175x_6x.a(iocon_17xx_40xx.o)
                0x000018b0                Chip_IOCON_PinMuxSet
 .text.Chip_IOCON_PinMux
                0x000018e4       0x94 C:\Users\Eugenia\Desktop\CAN\lpc_chip_175x_6x\Debug\liblpc_chip_175x_6x.a(iocon_17xx_40xx.o)
                0x000018e4                Chip_IOCON_PinMux
 .text.Chip_IOCON_SetPinMuxing
                0x00001978       0x60 C:\Users\Eugenia\Desktop\CAN\lpc_chip_175x_6x\Debug\liblpc_chip_175x_6x.a(iocon_17xx_40xx.o)
                0x00001978                Chip_IOCON_SetPinMuxing
 .text.Chip_Clock_IsMainPLLEnabled
                0x000019d8       0x28 C:\Users\Eugenia\Desktop\CAN\lpc_chip_175x_6x\Debug\liblpc_chip_175x_6x.a(sysinit_17xx_40xx.o)
 .text.Chip_Clock_IsMainPLLLocked
                0x00001a00       0x28 C:\Users\Eugenia\Desktop\CAN\lpc_chip_175x_6x\Debug\liblpc_chip_175x_6x.a(sysinit_17xx_40xx.o)
 .text.Chip_Clock_IsMainPLLConnected
                0x00001a28       0x28 C:\Users\Eugenia\Desktop\CAN\lpc_chip_175x_6x\Debug\liblpc_chip_175x_6x.a(sysinit_17xx_40xx.o)
 .text.Chip_Clock_EnableCrystal
                0x00001a50       0x20 C:\Users\Eugenia\Desktop\CAN\lpc_chip_175x_6x\Debug\liblpc_chip_175x_6x.a(sysinit_17xx_40xx.o)
 .text.Chip_Clock_IsCrystalEnabled
                0x00001a70       0x28 C:\Users\Eugenia\Desktop\CAN\lpc_chip_175x_6x\Debug\liblpc_chip_175x_6x.a(sysinit_17xx_40xx.o)
 .text.Chip_Clock_SetMainPLLSource
                0x00001a98       0x20 C:\Users\Eugenia\Desktop\CAN\lpc_chip_175x_6x\Debug\liblpc_chip_175x_6x.a(sysinit_17xx_40xx.o)
 .text.Chip_SetupXtalClocking
                0x00001ab8       0x90 C:\Users\Eugenia\Desktop\CAN\lpc_chip_175x_6x\Debug\liblpc_chip_175x_6x.a(sysinit_17xx_40xx.o)
                0x00001ab8                Chip_SetupXtalClocking
 .text.Chip_UART_SetupFIFOS
                0x00001b48       0x1c C:\Users\Eugenia\Desktop\CAN\lpc_chip_175x_6x\Debug\liblpc_chip_175x_6x.a(uart_17xx_40xx.o)
 .text.Chip_UART_ConfigData
                0x00001b64       0x1c C:\Users\Eugenia\Desktop\CAN\lpc_chip_175x_6x\Debug\liblpc_chip_175x_6x.a(uart_17xx_40xx.o)
 .text.Chip_UART_EnableDivisorAccess
                0x00001b80       0x20 C:\Users\Eugenia\Desktop\CAN\lpc_chip_175x_6x\Debug\liblpc_chip_175x_6x.a(uart_17xx_40xx.o)
 .text.Chip_UART_DisableDivisorAccess
                0x00001ba0       0x20 C:\Users\Eugenia\Desktop\CAN\lpc_chip_175x_6x\Debug\liblpc_chip_175x_6x.a(uart_17xx_40xx.o)
 .text.Chip_UART_SetDivisorLatches
                0x00001bc0       0x28 C:\Users\Eugenia\Desktop\CAN\lpc_chip_175x_6x\Debug\liblpc_chip_175x_6x.a(uart_17xx_40xx.o)
 .text.Chip_UART_GetClockIndex
                0x00001be8       0x50 C:\Users\Eugenia\Desktop\CAN\lpc_chip_175x_6x\Debug\liblpc_chip_175x_6x.a(uart_17xx_40xx.o)
 .text.Chip_UART_GetClkIndex
                0x00001c38       0x50 C:\Users\Eugenia\Desktop\CAN\lpc_chip_175x_6x\Debug\liblpc_chip_175x_6x.a(uart_17xx_40xx.o)
 .text.Chip_UART_Init
                0x00001c88       0x74 C:\Users\Eugenia\Desktop\CAN\lpc_chip_175x_6x\Debug\liblpc_chip_175x_6x.a(uart_17xx_40xx.o)
                0x00001c88                Chip_UART_Init
 .text.Chip_UART_TXEnable
                0x00001cfc       0x18 C:\Users\Eugenia\Desktop\CAN\lpc_chip_175x_6x\Debug\liblpc_chip_175x_6x.a(uart_17xx_40xx.o)
                0x00001cfc                Chip_UART_TXEnable
 .text.Chip_UART_TXDisable
                0x00001d14       0x18 C:\Users\Eugenia\Desktop\CAN\lpc_chip_175x_6x\Debug\liblpc_chip_175x_6x.a(uart_17xx_40xx.o)
                0x00001d14                Chip_UART_TXDisable
 .text.Chip_UART_SetBaud
                0x00001d2c       0x64 C:\Users\Eugenia\Desktop\CAN\lpc_chip_175x_6x\Debug\liblpc_chip_175x_6x.a(uart_17xx_40xx.o)
                0x00001d2c                Chip_UART_SetBaud
 .text.__main   0x00001d90       0x14 c:/nxp/lpcxpresso_8.0.0_526/lpcxpresso/tools/bin/../lib/gcc/arm-none-eabi/4.9.3/../../../../arm-none-eabi/lib/armv7-m\libcr_nohost.a(_cr__main.o)
                0x00001d90                __main
 .text.fp_round
                0x00001da4       0x4a c:/nxp/lpcxpresso_8.0.0_526/lpcxpresso/tools/bin/../lib/gcc/arm-none-eabi/4.9.3/../../../../arm-none-eabi/lib/armv7-m\libcr_c.a(fpprintf.o)
 .text.pr_dec.constprop.1
                0x00001dee       0x26 c:/nxp/lpcxpresso_8.0.0_526/lpcxpresso/tools/bin/../lib/gcc/arm-none-eabi/4.9.3/../../../../arm-none-eabi/lib/armv7-m\libcr_c.a(fpprintf.o)
 .text.sprintf  0x00001e14       0x6c c:/nxp/lpcxpresso_8.0.0_526/lpcxpresso/tools/bin/../lib/gcc/arm-none-eabi/4.9.3/../../../../arm-none-eabi/lib/armv7-m\libcr_c.a(fpprintf.o)
                0x00001e14                sprintf
 .text.fp_display
                0x00001e80      0x900 c:/nxp/lpcxpresso_8.0.0_526/lpcxpresso/tools/bin/../lib/gcc/arm-none-eabi/4.9.3/../../../../arm-none-eabi/lib/armv7-m\libcr_c.a(fpprintf.o)
 .text.vsnprintf
                0x00002780       0x5c c:/nxp/lpcxpresso_8.0.0_526/lpcxpresso/tools/bin/../lib/gcc/arm-none-eabi/4.9.3/../../../../arm-none-eabi/lib/armv7-m\libcr_c.a(fpprintf.o)
                0x00002780                vsnprintf
 .text.printf   0x000027dc       0x54 c:/nxp/lpcxpresso_8.0.0_526/lpcxpresso/tools/bin/../lib/gcc/arm-none-eabi/4.9.3/../../../../arm-none-eabi/lib/armv7-m\libcr_c.a(fpprintf.o)
                0x000027dc                printf
 .text._initio  0x00002830       0xa4 c:/nxp/lpcxpresso_8.0.0_526/lpcxpresso/tools/bin/../lib/gcc/arm-none-eabi/4.9.3/../../../../arm-none-eabi/lib/armv7-m\libcr_c.a(initio.o)
                0x00002830                _initio
 .text.__vfprintf
                0x000028d4      0xcc0 c:/nxp/lpcxpresso_8.0.0_526/lpcxpresso/tools/bin/../lib/gcc/arm-none-eabi/4.9.3/../../../../arm-none-eabi/lib/armv7-m\libcr_c.a(printf.o)
                0x000028d4                __vfprintf
 .text.setvbuf  0x00003594       0x40 c:/nxp/lpcxpresso_8.0.0_526/lpcxpresso/tools/bin/../lib/gcc/arm-none-eabi/4.9.3/../../../../arm-none-eabi/lib/armv7-m\libcr_c.a(setvbuf.o)
                0x00003594                setvbuf
 .text.strlen   0x000035d4       0x4a c:/nxp/lpcxpresso_8.0.0_526/lpcxpresso/tools/bin/../lib/gcc/arm-none-eabi/4.9.3/../../../../arm-none-eabi/lib/armv7-m\libcr_c.a(strlen.o)
                0x000035d4                strlen
 .text.memset   0x0000361e        0x4 c:/nxp/lpcxpresso_8.0.0_526/lpcxpresso/tools/bin/../lib/gcc/arm-none-eabi/4.9.3/../../../../arm-none-eabi/lib/armv7-m\libcr_c.a(memset.o)
                0x0000361e                memset
 .text._deferredlazyseek
                0x00003622       0x44 c:/nxp/lpcxpresso_8.0.0_526/lpcxpresso/tools/bin/../lib/gcc/arm-none-eabi/4.9.3/../../../../arm-none-eabi/lib/armv7-m\libcr_c.a(_deferredlazyseek.o)
                0x00003622                _deferredlazyseek
 .text.__flsbuf
                0x00003666      0x142 c:/nxp/lpcxpresso_8.0.0_526/lpcxpresso/tools/bin/../lib/gcc/arm-none-eabi/4.9.3/../../../../arm-none-eabi/lib/armv7-m\libcr_c.a(_deferredlazyseek.o)
                0x00003666                __flsbuf
 .text._fdopen  0x000037a8       0x6a c:/nxp/lpcxpresso_8.0.0_526/lpcxpresso/tools/bin/../lib/gcc/arm-none-eabi/4.9.3/../../../../arm-none-eabi/lib/armv7-m\libcr_c.a(_fdopen.o)
                0x000037a8                _fdopen
 .text._fflush  0x00003812       0x58 c:/nxp/lpcxpresso_8.0.0_526/lpcxpresso/tools/bin/../lib/gcc/arm-none-eabi/4.9.3/../../../../arm-none-eabi/lib/armv7-m\libcr_c.a(_fflush.o)
                0x00003812                _fflush
 .text._frexpl  0x0000386a       0x5a c:/nxp/lpcxpresso_8.0.0_526/lpcxpresso/tools/bin/../lib/gcc/arm-none-eabi/4.9.3/../../../../arm-none-eabi/lib/armv7-m\libcr_c.a(_frexpl.o)
                0x0000386a                _frexpl
 .text._ldexpl  0x000038c4       0x4c c:/nxp/lpcxpresso_8.0.0_526/lpcxpresso/tools/bin/../lib/gcc/arm-none-eabi/4.9.3/../../../../arm-none-eabi/lib/armv7-m\libcr_c.a(_ldexpl.o)
                0x000038c4                _ldexpl
 .text._Cwritebuf
                0x00003910       0x68 c:/nxp/lpcxpresso_8.0.0_526/lpcxpresso/tools/bin/../lib/gcc/arm-none-eabi/4.9.3/../../../../arm-none-eabi/lib/armv7-m\libcr_c.a(_writebuf.o)
                0x00003910                _Cwritebuf
 .text.malloc   0x00003978       0xcc c:/nxp/lpcxpresso_8.0.0_526/lpcxpresso/tools/bin/../lib/gcc/arm-none-eabi/4.9.3/../../../../arm-none-eabi/lib/armv7-m\libcr_c.a(alloc.o)
                0x00003978                malloc
 .text.free     0x00003a44       0x30 c:/nxp/lpcxpresso_8.0.0_526/lpcxpresso/tools/bin/../lib/gcc/arm-none-eabi/4.9.3/../../../../arm-none-eabi/lib/armv7-m\libcr_c.a(alloc.o)
                0x00003a44                free
 .text._Csys_alloc
                0x00003a74       0x20 c:/nxp/lpcxpresso_8.0.0_526/lpcxpresso/tools/bin/../lib/gcc/arm-none-eabi/4.9.3/../../../../arm-none-eabi/lib/armv7-m\libcr_c.a(alloc.o)
                0x00003a74                _Csys_alloc
 .text.fclose   0x00003a94       0x6c c:/nxp/lpcxpresso_8.0.0_526/lpcxpresso/tools/bin/../lib/gcc/arm-none-eabi/4.9.3/../../../../arm-none-eabi/lib/armv7-m\libcr_c.a(fclose.o)
                0x00003a94                fclose
 .text.fflush   0x00003b00       0x30 c:/nxp/lpcxpresso_8.0.0_526/lpcxpresso/tools/bin/../lib/gcc/arm-none-eabi/4.9.3/../../../../arm-none-eabi/lib/armv7-m\libcr_c.a(fflush.o)
                0x00003b00                fflush
 .text.fseek    0x00003b30      0x110 c:/nxp/lpcxpresso_8.0.0_526/lpcxpresso/tools/bin/../lib/gcc/arm-none-eabi/4.9.3/../../../../arm-none-eabi/lib/armv7-m\libcr_c.a(fseek.o)
                0x00003b30                fseek
 .text.ftell    0x00003c40       0x4c c:/nxp/lpcxpresso_8.0.0_526/lpcxpresso/tools/bin/../lib/gcc/arm-none-eabi/4.9.3/../../../../arm-none-eabi/lib/armv7-m\libcr_c.a(ftell.o)
                0x00003c40                ftell
 .text.remove   0x00003c8c       0x14 c:/nxp/lpcxpresso_8.0.0_526/lpcxpresso/tools/bin/../lib/gcc/arm-none-eabi/4.9.3/../../../../arm-none-eabi/lib/armv7-m\libcr_c.a(remove.o)
                0x00003c8c                remove
 .text._sbrk    0x00003ca0       0x40 c:/nxp/lpcxpresso_8.0.0_526/lpcxpresso/tools/bin/../lib/gcc/arm-none-eabi/4.9.3/../../../../arm-none-eabi/lib/armv7-m\libcr_c.a(_cr_sbrk.o)
                0x00003ca0                _sbrk
 .text._do_fflush
                0x00003ce0       0x44 c:/nxp/lpcxpresso_8.0.0_526/lpcxpresso/tools/bin/../lib/gcc/arm-none-eabi/4.9.3/../../../../arm-none-eabi/lib/armv7-m\libcr_c.a(_do_fflush.o)
                0x00003ce0                _do_fflush
 .text.__check_heap_overflow
                0x00003d24       0x18 c:/nxp/lpcxpresso_8.0.0_526/lpcxpresso/tools/bin/../lib/gcc/arm-none-eabi/4.9.3/../../../../arm-none-eabi/lib/armv7-m\libcr_c.a(_cr_check_heap.o)
                0x00003d24                __check_heap_overflow
 .text.__aeabi_dmul
                0x00003d3c      0x120 c:/nxp/lpcxpresso_8.0.0_526/lpcxpresso/tools/bin/../lib/gcc/arm-none-eabi/4.9.3/armv7-m\libcr_eabihelpers.a(double.o)
                0x00003d3c                __aeabi_dmul
 .text.__aeabi_ddiv
                0x00003e5c      0x150 c:/nxp/lpcxpresso_8.0.0_526/lpcxpresso/tools/bin/../lib/gcc/arm-none-eabi/4.9.3/armv7-m\libcr_eabihelpers.a(double.o)
                0x00003e5c                __aeabi_ddiv
 .text.__aeabi_dsub
                0x00003fac      0x1d8 c:/nxp/lpcxpresso_8.0.0_526/lpcxpresso/tools/bin/../lib/gcc/arm-none-eabi/4.9.3/armv7-m\libcr_eabihelpers.a(double.o)
                0x00003fac                __aeabi_dsub
 .text.__aeabi_dadd
                0x00004184      0x134 c:/nxp/lpcxpresso_8.0.0_526/lpcxpresso/tools/bin/../lib/gcc/arm-none-eabi/4.9.3/armv7-m\libcr_eabihelpers.a(double.o)
                0x00004184                __aeabi_dadd
 .text.__aeabi_d2iz
                0x000042b8       0x40 c:/nxp/lpcxpresso_8.0.0_526/lpcxpresso/tools/bin/../lib/gcc/arm-none-eabi/4.9.3/armv7-m\libcr_eabihelpers.a(double.o)
                0x000042b8                __aeabi_d2iz
 .text.__aeabi_d2uiz
                0x000042f8       0x34 c:/nxp/lpcxpresso_8.0.0_526/lpcxpresso/tools/bin/../lib/gcc/arm-none-eabi/4.9.3/armv7-m\libcr_eabihelpers.a(double.o)
                0x000042f8                __aeabi_d2uiz
 .text.__bhs_ui2d
                0x0000432c       0x48 c:/nxp/lpcxpresso_8.0.0_526/lpcxpresso/tools/bin/../lib/gcc/arm-none-eabi/4.9.3/armv7-m\libcr_eabihelpers.a(double.o)
                0x0000432c                __bhs_ui2d
 .text.__aeabi_i2d
                0x00004374       0x14 c:/nxp/lpcxpresso_8.0.0_526/lpcxpresso/tools/bin/../lib/gcc/arm-none-eabi/4.9.3/armv7-m\libcr_eabihelpers.a(double.o)
                0x00004374                __aeabi_i2d
 .text.__aeabi_ui2d
                0x00004388        0x8 c:/nxp/lpcxpresso_8.0.0_526/lpcxpresso/tools/bin/../lib/gcc/arm-none-eabi/4.9.3/armv7-m\libcr_eabihelpers.a(double.o)
                0x00004388                __aeabi_ui2d
 .text.__aeabi_dcmpeq
                0x00004390       0x2c c:/nxp/lpcxpresso_8.0.0_526/lpcxpresso/tools/bin/../lib/gcc/arm-none-eabi/4.9.3/armv7-m\libcr_eabihelpers.a(double.o)
                0x00004390                __aeabi_dcmpeq
 .text.__aeabi_dcmplt
                0x000043bc       0x5c c:/nxp/lpcxpresso_8.0.0_526/lpcxpresso/tools/bin/../lib/gcc/arm-none-eabi/4.9.3/armv7-m\libcr_eabihelpers.a(double.o)
                0x000043bc                __aeabi_dcmplt
 .text.__aeabi_dcmple
                0x00004418       0x5c c:/nxp/lpcxpresso_8.0.0_526/lpcxpresso/tools/bin/../lib/gcc/arm-none-eabi/4.9.3/armv7-m\libcr_eabihelpers.a(double.o)
                0x00004418                __aeabi_dcmple
 .text.__aeabi_dcmpge
                0x00004474       0x5c c:/nxp/lpcxpresso_8.0.0_526/lpcxpresso/tools/bin/../lib/gcc/arm-none-eabi/4.9.3/armv7-m\libcr_eabihelpers.a(double.o)
                0x00004474                __aeabi_dcmpge
 .text.__aeabi_memset_lowlevel
                0x000044d0       0x32 c:/nxp/lpcxpresso_8.0.0_526/lpcxpresso/tools/bin/../lib/gcc/arm-none-eabi/4.9.3/armv7-m\libcr_eabihelpers.a(memcpy.o)
                0x000044d0                __aeabi_lowlevel_memset
 .text.__sys_appexit
                0x00004502        0x2 c:/nxp/lpcxpresso_8.0.0_526/lpcxpresso/tools/bin/../lib/gcc/arm-none-eabi/4.9.3/../../../../arm-none-eabi/lib/armv7-m\libcr_nohost.a(__sys_appexit.o)
                0x00004502                __sys_appexit
                0x00004502                __exit
 .text.__sys_close
                0x00004504        0x6 c:/nxp/lpcxpresso_8.0.0_526/lpcxpresso/tools/bin/../lib/gcc/arm-none-eabi/4.9.3/../../../../arm-none-eabi/lib/armv7-m\libcr_nohost.a(__sys_close.o)
                0x00004504                __sys_close
 .text.__sys_flen
                0x0000450a        0x6 c:/nxp/lpcxpresso_8.0.0_526/lpcxpresso/tools/bin/../lib/gcc/arm-none-eabi/4.9.3/../../../../arm-none-eabi/lib/armv7-m\libcr_nohost.a(__sys_flen.o)
                0x0000450a                __sys_flen
 .text.__sys_istty
                0x00004510        0x6 c:/nxp/lpcxpresso_8.0.0_526/lpcxpresso/tools/bin/../lib/gcc/arm-none-eabi/4.9.3/../../../../arm-none-eabi/lib/armv7-m\libcr_nohost.a(__sys_istty.o)
                0x00004510                __sys_istty
 .text.__sys_remove
                0x00004516        0x6 c:/nxp/lpcxpresso_8.0.0_526/lpcxpresso/tools/bin/../lib/gcc/arm-none-eabi/4.9.3/../../../../arm-none-eabi/lib/armv7-m\libcr_nohost.a(__sys_remove.o)
                0x00004516                __sys_remove
 .text.__sys_seek
                0x0000451c        0x6 c:/nxp/lpcxpresso_8.0.0_526/lpcxpresso/tools/bin/../lib/gcc/arm-none-eabi/4.9.3/../../../../arm-none-eabi/lib/armv7-m\libcr_nohost.a(__sys_seek.o)
                0x0000451c                __sys_seek
 .text.__sys_tmpnam
                0x00004522        0x6 c:/nxp/lpcxpresso_8.0.0_526/lpcxpresso/tools/bin/../lib/gcc/arm-none-eabi/4.9.3/../../../../arm-none-eabi/lib/armv7-m\libcr_nohost.a(__sys_tmpnam.o)
                0x00004522                __sys_tmpnam
 *(.rodata .rodata.* .constdata .constdata.*)
 .rodata        0x00004528      0x117 ./example/src/can.o
 *fill*         0x0000463f        0x1 
 .rodata.OscRateIn
                0x00004640        0x4 C:\Users\Eugenia\Desktop\CAN\lpc_board_nxp_lpcxpresso_1769\Debug\liblpc_board_nxp_lpcxpresso_1769.a(board.o)
                0x00004640                OscRateIn
 .rodata.RTCOscRateIn
                0x00004644        0x4 C:\Users\Eugenia\Desktop\CAN\lpc_board_nxp_lpcxpresso_1769\Debug\liblpc_board_nxp_lpcxpresso_1769.a(board.o)
                0x00004644                RTCOscRateIn
 .rodata.pinmuxing
                0x00004648       0x5c C:\Users\Eugenia\Desktop\CAN\lpc_board_nxp_lpcxpresso_1769\Debug\liblpc_board_nxp_lpcxpresso_1769.a(board_sysinit.o)
 .rodata.str1.1
                0x000046a4       0x34 c:/nxp/lpcxpresso_8.0.0_526/lpcxpresso/tools/bin/../lib/gcc/arm-none-eabi/4.9.3/../../../../arm-none-eabi/lib/armv7-m\libcr_c.a(fpprintf.o)
                                 0x35 (size before relaxing)
 .rodata.str1.1
                0x000046d8        0x4 c:/nxp/lpcxpresso_8.0.0_526/lpcxpresso/tools/bin/../lib/gcc/arm-none-eabi/4.9.3/../../../../arm-none-eabi/lib/armv7-m\libcr_c.a(initio.o)
 .rodata.str1.1
                0x000046dc       0x31 c:/nxp/lpcxpresso_8.0.0_526/lpcxpresso/tools/bin/../lib/gcc/arm-none-eabi/4.9.3/../../../../arm-none-eabi/lib/armv7-m\libcr_c.a(printf.o)
                                 0x38 (size before relaxing)
 .rodata.str1.1
                0x0000470d       0x18 c:/nxp/lpcxpresso_8.0.0_526/lpcxpresso/tools/bin/../lib/gcc/arm-none-eabi/4.9.3/../../../../arm-none-eabi/lib/armv7-m\libcr_c.a(alloc.o)
 *fill*         0x00004725        0x3 
 .rodata.__huge_vall
                0x00004728        0x8 c:/nxp/lpcxpresso_8.0.0_526/lpcxpresso/tools/bin/../lib/gcc/arm-none-eabi/4.9.3/../../../../arm-none-eabi/lib/armv7-m\libcr_c.a(_hugeval.o)
                0x00004728                __huge_vall
                0x00004730                . = ALIGN (0x4)

.glue_7         0x00004730        0x0
 .glue_7        0x00000000        0x0 linker stubs

.glue_7t        0x00004730        0x0
 .glue_7t       0x00000000        0x0 linker stubs

.vfp11_veneer   0x00004730        0x0
 .vfp11_veneer  0x00000000        0x0 linker stubs

.v4_bx          0x00004730        0x0
 .v4_bx         0x00000000        0x0 linker stubs

.iplt           0x00004730        0x0
 .iplt          0x00000000        0x0 ./example/src/can.o

.rel.dyn        0x00004730        0x0
 .rel.iplt      0x00000000        0x0 ./example/src/can.o

.ARM.extab
 *(.ARM.extab* .gnu.linkonce.armextab.*)
                0x00004730                __exidx_start = .

.ARM.exidx
 *(.ARM.exidx* .gnu.linkonce.armexidx.*)
                0x00004730                __exidx_end = .
                0x00004730                _etext = .

.data_RAM2      0x2007c000        0x0 load address 0x00004730
 FILL mask 0xff
                0x2007c000                PROVIDE (__start_data_RAM2, .)
 *(.ramfunc.$RAM2)
 *(.ramfunc.$RamAHB32)
 *(.data.$RAM2*)
 *(.data.$RamAHB32*)
                0x2007c000                . = ALIGN (0x4)
                0x2007c000                PROVIDE (__end_data_RAM2, .)

.uninit_RESERVED
                0x10000000        0x0
 *(.bss.$RESERVED*)
                0x10000000                . = ALIGN (0x4)
                0x10000000                _end_uninit_RESERVED = .

.data           0x10000000       0xb8 load address 0x00004730
 FILL mask 0xff
                0x10000000                _data = .
 *(vtable)
 *(.ramfunc*)
 *(.data*)
 .data.ticks    0x10000000        0x1 ./example/src/can.o
                0x10000000                ticks
 *fill*         0x10000001        0x3 
 .data.FullCANSection
                0x10000004       0x10 ./example/src/can.o
                0x10000004                FullCANSection
 .data.SFFSection
                0x10000014       0x14 ./example/src/can.o
                0x10000014                SFFSection
 .data.SffGrpSection
                0x10000028       0x18 ./example/src/can.o
                0x10000028                SffGrpSection
 .data.EFFSection
                0x10000040       0x20 ./example/src/can.o
                0x10000040                EFFSection
 .data.EffGrpSection
                0x10000060       0x30 ./example/src/can.o
                0x10000060                EffGrpSection
 .data.AFSections
                0x10000090       0x28 ./example/src/can.o
                0x10000090                AFSections
                0x100000b8                . = ALIGN (0x4)
                0x100000b8                _edata = .

.igot.plt       0x100000b8        0x0 load address 0x000047e8
 .igot.plt      0x00000000        0x0 ./example/src/can.o

.bss_RAM2       0x2007c000        0x0
                0x2007c000                PROVIDE (__start_bss_RAM2, .)
 *(.bss.$RAM2*)
 *(.bss.$RamAHB32*)
                0x2007c000                . = ALIGN ((. != 0x0)?0x4:0x1)
                0x2007c000                PROVIDE (__end_bss_RAM2, .)

.bss            0x100000b8      0x158
                0x100000b8                _bss = .
 *(.bss*)
 .bss.flag_LED  0x100000b8        0x1 ./example/src/can.o
                0x100000b8                flag_LED
 *fill*         0x100000b9        0x3 
 .bss.errno     0x100000bc        0x4 c:/nxp/lpcxpresso_8.0.0_526/lpcxpresso/tools/bin/../lib/gcc/arm-none-eabi/4.9.3/../../../../arm-none-eabi/lib/armv7-m\libcr_c.a(errno.o)
                0x100000bc                errno
 *(COMMON)
 COMMON         0x100000c0        0x4 C:\Users\Eugenia\Desktop\CAN\lpc_chip_175x_6x\Debug\liblpc_chip_175x_6x.a(chip_17xx_40xx.o)
                0x100000c0                SystemCoreClock
 COMMON         0x100000c4        0x4 c:/nxp/lpcxpresso_8.0.0_526/lpcxpresso/tools/bin/../lib/gcc/arm-none-eabi/4.9.3/../../../../arm-none-eabi/lib/armv7-m\libcr_c.a(initio.o)
                0x100000c4                _extra
 COMMON         0x100000c8      0x140 c:/nxp/lpcxpresso_8.0.0_526/lpcxpresso/tools/bin/../lib/gcc/arm-none-eabi/4.9.3/../../../../arm-none-eabi/lib/armv7-m\libcr_c.a(stdio.o)
                0x100000c8                __Ciob
 COMMON         0x10000208        0x8 c:/nxp/lpcxpresso_8.0.0_526/lpcxpresso/tools/bin/../lib/gcc/arm-none-eabi/4.9.3/../../../../arm-none-eabi/lib/armv7-m\libcr_c.a(__init_alloc.o)
                0x10000208                __heaps
                0x1000020c                __end_of_heap
                0x10000210                . = ALIGN (0x4)
                0x10000210                _ebss = .
                0x10000210                PROVIDE (end, .)

.noinit_RAM2    0x2007c000        0x0
 *(.noinit.$RAM2*)
 *(.noinit.$RamAHB32*)
                0x2007c000                . = ALIGN (0x4)

.noinit         0x10000210        0x0
                0x10000210                _noinit = .
 *(.noinit*)
                0x10000210                . = ALIGN (0x4)
                0x10000210                _end_noinit = .
                0x10000210                PROVIDE (_pvHeapStart, DEFINED (__user_heap_base)?__user_heap_base:.)
                0x10008000                PROVIDE (_vStackTop, DEFINED (__user_stack_top)?__user_stack_top:(__top_RamLoc32 - 0x0))
                0xefff74b2                PROVIDE (__valid_user_code_checksum, (0x0 - ((((((_vStackTop + (ResetISR + 0x1)) + (NMI_Handler + 0x1)) + (HardFault_Handler + 0x1)) + (DEFINED (MemManage_Handler)?MemManage_Handler:0x0 + 0x1)) + (DEFINED (BusFault_Handler)?BusFault_Handler:0x0 + 0x1)) + (DEFINED (UsageFault_Handler)?UsageFault_Handler:0x0 + 0x1))))
OUTPUT(periph_can.axf elf32-littlearm)

.debug_info     0x00000000     0x6f80
 .debug_info    0x00000000      0xea6 ./example/src/can.o
 .debug_info    0x00000ea6      0x24b ./example/src/cr_startup_lpc175x_6x.o
 .debug_info    0x000010f1      0x110 ./example/src/sysinit.o
 .debug_info    0x00001201     0x1392 C:\Users\Eugenia\Desktop\CAN\lpc_board_nxp_lpcxpresso_1769\Debug\liblpc_board_nxp_lpcxpresso_1769.a(board.o)
 .debug_info    0x00002593      0x558 C:\Users\Eugenia\Desktop\CAN\lpc_board_nxp_lpcxpresso_1769\Debug\liblpc_board_nxp_lpcxpresso_1769.a(board_sysinit.o)
 .debug_info    0x00002aeb     0x1e82 C:\Users\Eugenia\Desktop\CAN\lpc_chip_175x_6x\Debug\liblpc_chip_175x_6x.a(can_17xx_40xx.o)
 .debug_info    0x0000496d      0x50a C:\Users\Eugenia\Desktop\CAN\lpc_chip_175x_6x\Debug\liblpc_chip_175x_6x.a(chip_17xx_40xx.o)
 .debug_info    0x00004e77      0xb46 C:\Users\Eugenia\Desktop\CAN\lpc_chip_175x_6x\Debug\liblpc_chip_175x_6x.a(clock_17xx_40xx.o)
 .debug_info    0x000059bd      0x2d9 C:\Users\Eugenia\Desktop\CAN\lpc_chip_175x_6x\Debug\liblpc_chip_175x_6x.a(iocon_17xx_40xx.o)
 .debug_info    0x00005c96      0x431 C:\Users\Eugenia\Desktop\CAN\lpc_chip_175x_6x\Debug\liblpc_chip_175x_6x.a(sysinit_17xx_40xx.o)
 .debug_info    0x000060c7      0xeb9 C:\Users\Eugenia\Desktop\CAN\lpc_chip_175x_6x\Debug\liblpc_chip_175x_6x.a(uart_17xx_40xx.o)

.debug_abbrev   0x00000000     0x1570
 .debug_abbrev  0x00000000      0x288 ./example/src/can.o
 .debug_abbrev  0x00000288       0xf5 ./example/src/cr_startup_lpc175x_6x.o
 .debug_abbrev  0x0000037d       0xa3 ./example/src/sysinit.o
 .debug_abbrev  0x00000420      0x373 C:\Users\Eugenia\Desktop\CAN\lpc_board_nxp_lpcxpresso_1769\Debug\liblpc_board_nxp_lpcxpresso_1769.a(board.o)
 .debug_abbrev  0x00000793      0x15a C:\Users\Eugenia\Desktop\CAN\lpc_board_nxp_lpcxpresso_1769\Debug\liblpc_board_nxp_lpcxpresso_1769.a(board_sysinit.o)
 .debug_abbrev  0x000008ed      0x2ee C:\Users\Eugenia\Desktop\CAN\lpc_chip_175x_6x\Debug\liblpc_chip_175x_6x.a(can_17xx_40xx.o)
 .debug_abbrev  0x00000bdb      0x138 C:\Users\Eugenia\Desktop\CAN\lpc_chip_175x_6x\Debug\liblpc_chip_175x_6x.a(chip_17xx_40xx.o)
 .debug_abbrev  0x00000d13      0x2e4 C:\Users\Eugenia\Desktop\CAN\lpc_chip_175x_6x\Debug\liblpc_chip_175x_6x.a(clock_17xx_40xx.o)
 .debug_abbrev  0x00000ff7      0x126 C:\Users\Eugenia\Desktop\CAN\lpc_chip_175x_6x\Debug\liblpc_chip_175x_6x.a(iocon_17xx_40xx.o)
 .debug_abbrev  0x0000111d      0x171 C:\Users\Eugenia\Desktop\CAN\lpc_chip_175x_6x\Debug\liblpc_chip_175x_6x.a(sysinit_17xx_40xx.o)
 .debug_abbrev  0x0000128e      0x2e2 C:\Users\Eugenia\Desktop\CAN\lpc_chip_175x_6x\Debug\liblpc_chip_175x_6x.a(uart_17xx_40xx.o)

.debug_aranges  0x00000000      0x7c0
 .debug_aranges
                0x00000000       0x90 ./example/src/can.o
 .debug_aranges
                0x00000090       0x80 ./example/src/cr_startup_lpc175x_6x.o
 .debug_aranges
                0x00000110       0x20 ./example/src/sysinit.o
 .debug_aranges
                0x00000130      0x160 C:\Users\Eugenia\Desktop\CAN\lpc_board_nxp_lpcxpresso_1769\Debug\liblpc_board_nxp_lpcxpresso_1769.a(board.o)
 .debug_aranges
                0x00000290       0x38 C:\Users\Eugenia\Desktop\CAN\lpc_board_nxp_lpcxpresso_1769\Debug\liblpc_board_nxp_lpcxpresso_1769.a(board_sysinit.o)
 .debug_aranges
                0x000002c8      0x1e8 C:\Users\Eugenia\Desktop\CAN\lpc_chip_175x_6x\Debug\liblpc_chip_175x_6x.a(can_17xx_40xx.o)
 .debug_aranges
                0x000004b0       0x38 C:\Users\Eugenia\Desktop\CAN\lpc_chip_175x_6x\Debug\liblpc_chip_175x_6x.a(chip_17xx_40xx.o)
 .debug_aranges
                0x000004e8      0x120 C:\Users\Eugenia\Desktop\CAN\lpc_chip_175x_6x\Debug\liblpc_chip_175x_6x.a(clock_17xx_40xx.o)
 .debug_aranges
                0x00000608       0x30 C:\Users\Eugenia\Desktop\CAN\lpc_chip_175x_6x\Debug\liblpc_chip_175x_6x.a(iocon_17xx_40xx.o)
 .debug_aranges
                0x00000638       0x60 C:\Users\Eugenia\Desktop\CAN\lpc_chip_175x_6x\Debug\liblpc_chip_175x_6x.a(sysinit_17xx_40xx.o)
 .debug_aranges
                0x00000698      0x128 C:\Users\Eugenia\Desktop\CAN\lpc_chip_175x_6x\Debug\liblpc_chip_175x_6x.a(uart_17xx_40xx.o)

.debug_ranges   0x00000000      0x710
 .debug_ranges  0x00000000       0x80 ./example/src/can.o
 .debug_ranges  0x00000080       0x70 ./example/src/cr_startup_lpc175x_6x.o
 .debug_ranges  0x000000f0       0x10 ./example/src/sysinit.o
 .debug_ranges  0x00000100      0x150 C:\Users\Eugenia\Desktop\CAN\lpc_board_nxp_lpcxpresso_1769\Debug\liblpc_board_nxp_lpcxpresso_1769.a(board.o)
 .debug_ranges  0x00000250       0x28 C:\Users\Eugenia\Desktop\CAN\lpc_board_nxp_lpcxpresso_1769\Debug\liblpc_board_nxp_lpcxpresso_1769.a(board_sysinit.o)
 .debug_ranges  0x00000278      0x1d8 C:\Users\Eugenia\Desktop\CAN\lpc_chip_175x_6x\Debug\liblpc_chip_175x_6x.a(can_17xx_40xx.o)
 .debug_ranges  0x00000450       0x28 C:\Users\Eugenia\Desktop\CAN\lpc_chip_175x_6x\Debug\liblpc_chip_175x_6x.a(chip_17xx_40xx.o)
 .debug_ranges  0x00000478      0x110 C:\Users\Eugenia\Desktop\CAN\lpc_chip_175x_6x\Debug\liblpc_chip_175x_6x.a(clock_17xx_40xx.o)
 .debug_ranges  0x00000588       0x20 C:\Users\Eugenia\Desktop\CAN\lpc_chip_175x_6x\Debug\liblpc_chip_175x_6x.a(iocon_17xx_40xx.o)
 .debug_ranges  0x000005a8       0x50 C:\Users\Eugenia\Desktop\CAN\lpc_chip_175x_6x\Debug\liblpc_chip_175x_6x.a(sysinit_17xx_40xx.o)
 .debug_ranges  0x000005f8      0x118 C:\Users\Eugenia\Desktop\CAN\lpc_chip_175x_6x\Debug\liblpc_chip_175x_6x.a(uart_17xx_40xx.o)

.debug_macro    0x00000000     0x4c51
 .debug_macro   0x00000000      0x241 ./example/src/can.o
 .debug_macro   0x00000241      0x874 ./example/src/can.o
 .debug_macro   0x00000ab5       0x10 ./example/src/can.o
 .debug_macro   0x00000ac5      0x12d ./example/src/can.o
 .debug_macro   0x00000bf2      0x5b2 ./example/src/can.o
 .debug_macro   0x000011a4       0x22 ./example/src/can.o
 .debug_macro   0x000011c6       0x7b ./example/src/can.o
 .debug_macro   0x00001241       0x10 ./example/src/can.o
 .debug_macro   0x00001251       0x2d ./example/src/can.o
 .debug_macro   0x0000127e       0x3a ./example/src/can.o
 .debug_macro   0x000012b8       0x2d ./example/src/can.o
 .debug_macro   0x000012e5      0xbb1 ./example/src/can.o
 .debug_macro   0x00001e96      0x22c ./example/src/can.o
 .debug_macro   0x000020c2       0x42 ./example/src/can.o
 .debug_macro   0x00002104       0x52 ./example/src/can.o
 .debug_macro   0x00002156       0x78 ./example/src/can.o
 .debug_macro   0x000021ce       0x82 ./example/src/can.o
 .debug_macro   0x00002250      0x48c ./example/src/can.o
 .debug_macro   0x000026dc       0x34 ./example/src/can.o
 .debug_macro   0x00002710      0x4c5 ./example/src/can.o
 .debug_macro   0x00002bd5      0x1b7 ./example/src/can.o
 .debug_macro   0x00002d8c       0x10 ./example/src/can.o
 .debug_macro   0x00002d9c      0x21b ./example/src/can.o
 .debug_macro   0x00002fb7      0x1b9 ./example/src/can.o
 .debug_macro   0x00003170       0x40 ./example/src/can.o
 .debug_macro   0x000031b0       0x22 ./example/src/can.o
 .debug_macro   0x000031d2      0x162 ./example/src/can.o
 .debug_macro   0x00003334       0x94 ./example/src/can.o
 .debug_macro   0x000033c8       0xb8 ./example/src/can.o
 .debug_macro   0x00003480       0x4c ./example/src/can.o
 .debug_macro   0x000034cc       0x16 ./example/src/can.o
 .debug_macro   0x000034e2      0x328 ./example/src/can.o
 .debug_macro   0x0000380a       0x49 ./example/src/can.o
 .debug_macro   0x00003853       0x16 ./example/src/can.o
 .debug_macro   0x00003869       0xca ./example/src/can.o
 .debug_macro   0x00003933       0x18 ./example/src/can.o
 .debug_macro   0x0000394b       0x70 ./example/src/can.o
 .debug_macro   0x000039bb       0x9a ./example/src/can.o
 .debug_macro   0x00003a55       0x20 ./example/src/can.o
 .debug_macro   0x00003a75       0x28 ./example/src/can.o
 .debug_macro   0x00003a9d       0x1d ./example/src/cr_startup_lpc175x_6x.o
 .debug_macro   0x00003aba      0x217 ./example/src/sysinit.o
 .debug_macro   0x00003cd1      0x289 C:\Users\Eugenia\Desktop\CAN\lpc_board_nxp_lpcxpresso_1769\Debug\liblpc_board_nxp_lpcxpresso_1769.a(board.o)
 .debug_macro   0x00003f5a       0x12 C:\Users\Eugenia\Desktop\CAN\lpc_board_nxp_lpcxpresso_1769\Debug\liblpc_board_nxp_lpcxpresso_1769.a(board.o)
 .debug_macro   0x00003f6c      0x217 C:\Users\Eugenia\Desktop\CAN\lpc_board_nxp_lpcxpresso_1769\Debug\liblpc_board_nxp_lpcxpresso_1769.a(board_sysinit.o)
 .debug_macro   0x00004183      0x1cd C:\Users\Eugenia\Desktop\CAN\lpc_chip_175x_6x\Debug\liblpc_chip_175x_6x.a(can_17xx_40xx.o)
 .debug_macro   0x00004350      0x1cd C:\Users\Eugenia\Desktop\CAN\lpc_chip_175x_6x\Debug\liblpc_chip_175x_6x.a(chip_17xx_40xx.o)
 .debug_macro   0x0000451d      0x1cd C:\Users\Eugenia\Desktop\CAN\lpc_chip_175x_6x\Debug\liblpc_chip_175x_6x.a(clock_17xx_40xx.o)
 .debug_macro   0x000046ea      0x1cd C:\Users\Eugenia\Desktop\CAN\lpc_chip_175x_6x\Debug\liblpc_chip_175x_6x.a(iocon_17xx_40xx.o)
 .debug_macro   0x000048b7      0x1cd C:\Users\Eugenia\Desktop\CAN\lpc_chip_175x_6x\Debug\liblpc_chip_175x_6x.a(sysinit_17xx_40xx.o)
 .debug_macro   0x00004a84      0x1cd C:\Users\Eugenia\Desktop\CAN\lpc_chip_175x_6x\Debug\liblpc_chip_175x_6x.a(uart_17xx_40xx.o)

.debug_line     0x00000000     0x3f4f
 .debug_line    0x00000000      0x5ba ./example/src/can.o
 .debug_line    0x000005ba       0xdd ./example/src/cr_startup_lpc175x_6x.o
 .debug_line    0x00000697      0x467 ./example/src/sysinit.o
 .debug_line    0x00000afe      0x812 C:\Users\Eugenia\Desktop\CAN\lpc_board_nxp_lpcxpresso_1769\Debug\liblpc_board_nxp_lpcxpresso_1769.a(board.o)
 .debug_line    0x00001310      0x49f C:\Users\Eugenia\Desktop\CAN\lpc_board_nxp_lpcxpresso_1769\Debug\liblpc_board_nxp_lpcxpresso_1769.a(board_sysinit.o)
 .debug_line    0x000017af      0xc6c C:\Users\Eugenia\Desktop\CAN\lpc_chip_175x_6x\Debug\liblpc_chip_175x_6x.a(can_17xx_40xx.o)
 .debug_line    0x0000241b      0x43e C:\Users\Eugenia\Desktop\CAN\lpc_chip_175x_6x\Debug\liblpc_chip_175x_6x.a(chip_17xx_40xx.o)
 .debug_line    0x00002859      0x6b5 C:\Users\Eugenia\Desktop\CAN\lpc_chip_175x_6x\Debug\liblpc_chip_175x_6x.a(clock_17xx_40xx.o)
 .debug_line    0x00002f0e      0x42a C:\Users\Eugenia\Desktop\CAN\lpc_chip_175x_6x\Debug\liblpc_chip_175x_6x.a(iocon_17xx_40xx.o)
 .debug_line    0x00003338      0x4b4 C:\Users\Eugenia\Desktop\CAN\lpc_chip_175x_6x\Debug\liblpc_chip_175x_6x.a(sysinit_17xx_40xx.o)
 .debug_line    0x000037ec      0x763 C:\Users\Eugenia\Desktop\CAN\lpc_chip_175x_6x\Debug\liblpc_chip_175x_6x.a(uart_17xx_40xx.o)

.debug_str      0x00000000    0x137fc
 .debug_str     0x00000000    0x11225 ./example/src/can.o
                              0x11371 (size before relaxing)
 .debug_str     0x00011225      0x1ba ./example/src/cr_startup_lpc175x_6x.o
                               0x2633 (size before relaxing)
 .debug_str     0x000113df       0x23 ./example/src/sysinit.o
                              0x109e6 (size before relaxing)
 .debug_str     0x00011402      0xc91 C:\Users\Eugenia\Desktop\CAN\lpc_board_nxp_lpcxpresso_1769\Debug\liblpc_board_nxp_lpcxpresso_1769.a(board.o)
                              0x118bf (size before relaxing)
 .debug_str     0x00012093      0x22d C:\Users\Eugenia\Desktop\CAN\lpc_board_nxp_lpcxpresso_1769\Debug\liblpc_board_nxp_lpcxpresso_1769.a(board_sysinit.o)
                              0x10df9 (size before relaxing)
 .debug_str     0x000122c0      0x9f9 C:\Users\Eugenia\Desktop\CAN\lpc_chip_175x_6x\Debug\liblpc_chip_175x_6x.a(can_17xx_40xx.o)
                              0x114c5 (size before relaxing)
 .debug_str     0x00012cb9       0x73 C:\Users\Eugenia\Desktop\CAN\lpc_chip_175x_6x\Debug\liblpc_chip_175x_6x.a(chip_17xx_40xx.o)
                              0x10af0 (size before relaxing)
 .debug_str     0x00012d2c      0x601 C:\Users\Eugenia\Desktop\CAN\lpc_chip_175x_6x\Debug\liblpc_chip_175x_6x.a(clock_17xx_40xx.o)
                              0x1115e (size before relaxing)
 .debug_str     0x0001332d       0x79 C:\Users\Eugenia\Desktop\CAN\lpc_chip_175x_6x\Debug\liblpc_chip_175x_6x.a(iocon_17xx_40xx.o)
                              0x105db (size before relaxing)
 .debug_str     0x000133a6       0xc4 C:\Users\Eugenia\Desktop\CAN\lpc_chip_175x_6x\Debug\liblpc_chip_175x_6x.a(sysinit_17xx_40xx.o)
                              0x107c3 (size before relaxing)
 .debug_str     0x0001346a      0x392 C:\Users\Eugenia\Desktop\CAN\lpc_chip_175x_6x\Debug\liblpc_chip_175x_6x.a(uart_17xx_40xx.o)
                              0x11033 (size before relaxing)

.comment        0x00000000       0xe0
 .comment       0x00000000       0x70 ./example/src/can.o
                                 0x71 (size before relaxing)
 .comment       0x00000000       0x71 ./example/src/cr_startup_lpc175x_6x.o
 .comment       0x00000000       0x71 ./example/src/sysinit.o
 .comment       0x00000000       0x71 C:\Users\Eugenia\Desktop\CAN\lpc_board_nxp_lpcxpresso_1769\Debug\liblpc_board_nxp_lpcxpresso_1769.a(board.o)
 .comment       0x00000000       0x71 C:\Users\Eugenia\Desktop\CAN\lpc_board_nxp_lpcxpresso_1769\Debug\liblpc_board_nxp_lpcxpresso_1769.a(board_sysinit.o)
 .comment       0x00000000       0x71 C:\Users\Eugenia\Desktop\CAN\lpc_chip_175x_6x\Debug\liblpc_chip_175x_6x.a(can_17xx_40xx.o)
 .comment       0x00000000       0x71 C:\Users\Eugenia\Desktop\CAN\lpc_chip_175x_6x\Debug\liblpc_chip_175x_6x.a(chip_17xx_40xx.o)
 .comment       0x00000000       0x71 C:\Users\Eugenia\Desktop\CAN\lpc_chip_175x_6x\Debug\liblpc_chip_175x_6x.a(clock_17xx_40xx.o)
 .comment       0x00000000       0x71 C:\Users\Eugenia\Desktop\CAN\lpc_chip_175x_6x\Debug\liblpc_chip_175x_6x.a(iocon_17xx_40xx.o)
 .comment       0x00000000       0x71 C:\Users\Eugenia\Desktop\CAN\lpc_chip_175x_6x\Debug\liblpc_chip_175x_6x.a(sysinit_17xx_40xx.o)
 .comment       0x00000000       0x71 C:\Users\Eugenia\Desktop\CAN\lpc_chip_175x_6x\Debug\liblpc_chip_175x_6x.a(uart_17xx_40xx.o)
 .comment       0x00000070       0x70 c:/nxp/lpcxpresso_8.0.0_526/lpcxpresso/tools/bin/../lib/gcc/arm-none-eabi/4.9.3/../../../../arm-none-eabi/lib/armv7-m\libcr_nohost.a(_cr__main.o)
                                 0x71 (size before relaxing)
 .comment       0x00000000       0x71 c:/nxp/lpcxpresso_8.0.0_526/lpcxpresso/tools/bin/../lib/gcc/arm-none-eabi/4.9.3/../../../../arm-none-eabi/lib/armv7-m\libcr_c.a(fpprintf.o)
 .comment       0x00000000       0x71 c:/nxp/lpcxpresso_8.0.0_526/lpcxpresso/tools/bin/../lib/gcc/arm-none-eabi/4.9.3/../../../../arm-none-eabi/lib/armv7-m\libcr_c.a(initio.o)
 .comment       0x00000000       0x71 c:/nxp/lpcxpresso_8.0.0_526/lpcxpresso/tools/bin/../lib/gcc/arm-none-eabi/4.9.3/../../../../arm-none-eabi/lib/armv7-m\libcr_c.a(printf.o)
 .comment       0x00000000       0x71 c:/nxp/lpcxpresso_8.0.0_526/lpcxpresso/tools/bin/../lib/gcc/arm-none-eabi/4.9.3/../../../../arm-none-eabi/lib/armv7-m\libcr_c.a(setvbuf.o)
 .comment       0x00000000       0x71 c:/nxp/lpcxpresso_8.0.0_526/lpcxpresso/tools/bin/../lib/gcc/arm-none-eabi/4.9.3/../../../../arm-none-eabi/lib/armv7-m\libcr_c.a(stdio.o)
 .comment       0x00000000       0x71 c:/nxp/lpcxpresso_8.0.0_526/lpcxpresso/tools/bin/../lib/gcc/arm-none-eabi/4.9.3/../../../../arm-none-eabi/lib/armv7-m\libcr_c.a(strlen.o)
 .comment       0x00000000       0x71 c:/nxp/lpcxpresso_8.0.0_526/lpcxpresso/tools/bin/../lib/gcc/arm-none-eabi/4.9.3/../../../../arm-none-eabi/lib/armv7-m\libcr_c.a(memset.o)
 .comment       0x00000000       0x71 c:/nxp/lpcxpresso_8.0.0_526/lpcxpresso/tools/bin/../lib/gcc/arm-none-eabi/4.9.3/../../../../arm-none-eabi/lib/armv7-m\libcr_c.a(_deferredlazyseek.o)
 .comment       0x00000000       0x71 c:/nxp/lpcxpresso_8.0.0_526/lpcxpresso/tools/bin/../lib/gcc/arm-none-eabi/4.9.3/../../../../arm-none-eabi/lib/armv7-m\libcr_c.a(_fdopen.o)
 .comment       0x00000000       0x71 c:/nxp/lpcxpresso_8.0.0_526/lpcxpresso/tools/bin/../lib/gcc/arm-none-eabi/4.9.3/../../../../arm-none-eabi/lib/armv7-m\libcr_c.a(_fflush.o)
 .comment       0x00000000       0x71 c:/nxp/lpcxpresso_8.0.0_526/lpcxpresso/tools/bin/../lib/gcc/arm-none-eabi/4.9.3/../../../../arm-none-eabi/lib/armv7-m\libcr_c.a(_frexpl.o)
 .comment       0x00000000       0x71 c:/nxp/lpcxpresso_8.0.0_526/lpcxpresso/tools/bin/../lib/gcc/arm-none-eabi/4.9.3/../../../../arm-none-eabi/lib/armv7-m\libcr_c.a(_ldexpl.o)
 .comment       0x00000000       0x71 c:/nxp/lpcxpresso_8.0.0_526/lpcxpresso/tools/bin/../lib/gcc/arm-none-eabi/4.9.3/../../../../arm-none-eabi/lib/armv7-m\libcr_c.a(_writebuf.o)
 .comment       0x00000000       0x71 c:/nxp/lpcxpresso_8.0.0_526/lpcxpresso/tools/bin/../lib/gcc/arm-none-eabi/4.9.3/../../../../arm-none-eabi/lib/armv7-m\libcr_c.a(alloc.o)
 .comment       0x00000000       0x71 c:/nxp/lpcxpresso_8.0.0_526/lpcxpresso/tools/bin/../lib/gcc/arm-none-eabi/4.9.3/../../../../arm-none-eabi/lib/armv7-m\libcr_c.a(errno.o)
 .comment       0x00000000       0x71 c:/nxp/lpcxpresso_8.0.0_526/lpcxpresso/tools/bin/../lib/gcc/arm-none-eabi/4.9.3/../../../../arm-none-eabi/lib/armv7-m\libcr_c.a(fclose.o)
 .comment       0x00000000       0x71 c:/nxp/lpcxpresso_8.0.0_526/lpcxpresso/tools/bin/../lib/gcc/arm-none-eabi/4.9.3/../../../../arm-none-eabi/lib/armv7-m\libcr_c.a(fflush.o)
 .comment       0x00000000       0x71 c:/nxp/lpcxpresso_8.0.0_526/lpcxpresso/tools/bin/../lib/gcc/arm-none-eabi/4.9.3/../../../../arm-none-eabi/lib/armv7-m\libcr_c.a(fseek.o)
 .comment       0x00000000       0x71 c:/nxp/lpcxpresso_8.0.0_526/lpcxpresso/tools/bin/../lib/gcc/arm-none-eabi/4.9.3/../../../../arm-none-eabi/lib/armv7-m\libcr_c.a(ftell.o)
 .comment       0x00000000       0x71 c:/nxp/lpcxpresso_8.0.0_526/lpcxpresso/tools/bin/../lib/gcc/arm-none-eabi/4.9.3/../../../../arm-none-eabi/lib/armv7-m\libcr_c.a(remove.o)
 .comment       0x00000000       0x71 c:/nxp/lpcxpresso_8.0.0_526/lpcxpresso/tools/bin/../lib/gcc/arm-none-eabi/4.9.3/../../../../arm-none-eabi/lib/armv7-m\libcr_c.a(__init_alloc.o)
 .comment       0x00000000       0x71 c:/nxp/lpcxpresso_8.0.0_526/lpcxpresso/tools/bin/../lib/gcc/arm-none-eabi/4.9.3/../../../../arm-none-eabi/lib/armv7-m\libcr_c.a(_cr_sbrk.o)
 .comment       0x00000000       0x71 c:/nxp/lpcxpresso_8.0.0_526/lpcxpresso/tools/bin/../lib/gcc/arm-none-eabi/4.9.3/../../../../arm-none-eabi/lib/armv7-m\libcr_c.a(_do_fflush.o)
 .comment       0x00000000       0x71 c:/nxp/lpcxpresso_8.0.0_526/lpcxpresso/tools/bin/../lib/gcc/arm-none-eabi/4.9.3/../../../../arm-none-eabi/lib/armv7-m\libcr_c.a(_hugeval.o)
 .comment       0x00000000       0x71 c:/nxp/lpcxpresso_8.0.0_526/lpcxpresso/tools/bin/../lib/gcc/arm-none-eabi/4.9.3/../../../../arm-none-eabi/lib/armv7-m\libcr_c.a(_cr_check_heap.o)
 .comment       0x00000000       0x71 c:/nxp/lpcxpresso_8.0.0_526/lpcxpresso/tools/bin/../lib/gcc/arm-none-eabi/4.9.3/armv7-m\libcr_eabihelpers.a(double.o)
 .comment       0x00000000       0x71 c:/nxp/lpcxpresso_8.0.0_526/lpcxpresso/tools/bin/../lib/gcc/arm-none-eabi/4.9.3/../../../../arm-none-eabi/lib/armv7-m\libcr_nohost.a(__sys_appexit.o)
 .comment       0x00000000       0x71 c:/nxp/lpcxpresso_8.0.0_526/lpcxpresso/tools/bin/../lib/gcc/arm-none-eabi/4.9.3/../../../../arm-none-eabi/lib/armv7-m\libcr_nohost.a(__sys_close.o)
 .comment       0x00000000       0x71 c:/nxp/lpcxpresso_8.0.0_526/lpcxpresso/tools/bin/../lib/gcc/arm-none-eabi/4.9.3/../../../../arm-none-eabi/lib/armv7-m\libcr_nohost.a(__sys_flen.o)
 .comment       0x00000000       0x71 c:/nxp/lpcxpresso_8.0.0_526/lpcxpresso/tools/bin/../lib/gcc/arm-none-eabi/4.9.3/../../../../arm-none-eabi/lib/armv7-m\libcr_nohost.a(__sys_istty.o)
 .comment       0x00000000       0x71 c:/nxp/lpcxpresso_8.0.0_526/lpcxpresso/tools/bin/../lib/gcc/arm-none-eabi/4.9.3/../../../../arm-none-eabi/lib/armv7-m\libcr_nohost.a(__sys_remove.o)
 .comment       0x00000000       0x71 c:/nxp/lpcxpresso_8.0.0_526/lpcxpresso/tools/bin/../lib/gcc/arm-none-eabi/4.9.3/../../../../arm-none-eabi/lib/armv7-m\libcr_nohost.a(__sys_seek.o)
 .comment       0x00000000       0x71 c:/nxp/lpcxpresso_8.0.0_526/lpcxpresso/tools/bin/../lib/gcc/arm-none-eabi/4.9.3/../../../../arm-none-eabi/lib/armv7-m\libcr_nohost.a(__sys_tmpnam.o)

.ARM.attributes
                0x00000000       0x31
 .ARM.attributes
                0x00000000       0x33 ./example/src/can.o
 .ARM.attributes
                0x00000033       0x33 ./example/src/cr_startup_lpc175x_6x.o
 .ARM.attributes
                0x00000066       0x33 ./example/src/sysinit.o
 .ARM.attributes
                0x00000099       0x33 C:\Users\Eugenia\Desktop\CAN\lpc_board_nxp_lpcxpresso_1769\Debug\liblpc_board_nxp_lpcxpresso_1769.a(board.o)
 .ARM.attributes
                0x000000cc       0x33 C:\Users\Eugenia\Desktop\CAN\lpc_board_nxp_lpcxpresso_1769\Debug\liblpc_board_nxp_lpcxpresso_1769.a(board_sysinit.o)
 .ARM.attributes
                0x000000ff       0x33 C:\Users\Eugenia\Desktop\CAN\lpc_chip_175x_6x\Debug\liblpc_chip_175x_6x.a(can_17xx_40xx.o)
 .ARM.attributes
                0x00000132       0x33 C:\Users\Eugenia\Desktop\CAN\lpc_chip_175x_6x\Debug\liblpc_chip_175x_6x.a(chip_17xx_40xx.o)
 .ARM.attributes
                0x00000165       0x33 C:\Users\Eugenia\Desktop\CAN\lpc_chip_175x_6x\Debug\liblpc_chip_175x_6x.a(clock_17xx_40xx.o)
 .ARM.attributes
                0x00000198       0x33 C:\Users\Eugenia\Desktop\CAN\lpc_chip_175x_6x\Debug\liblpc_chip_175x_6x.a(iocon_17xx_40xx.o)
 .ARM.attributes
                0x000001cb       0x33 C:\Users\Eugenia\Desktop\CAN\lpc_chip_175x_6x\Debug\liblpc_chip_175x_6x.a(sysinit_17xx_40xx.o)
 .ARM.attributes
                0x000001fe       0x33 C:\Users\Eugenia\Desktop\CAN\lpc_chip_175x_6x\Debug\liblpc_chip_175x_6x.a(uart_17xx_40xx.o)
 .ARM.attributes
                0x00000231       0x33 c:/nxp/lpcxpresso_8.0.0_526/lpcxpresso/tools/bin/../lib/gcc/arm-none-eabi/4.9.3/../../../../arm-none-eabi/lib/armv7-m\libcr_nohost.a(_cr__main.o)
 .ARM.attributes
                0x00000264       0x33 c:/nxp/lpcxpresso_8.0.0_526/lpcxpresso/tools/bin/../lib/gcc/arm-none-eabi/4.9.3/../../../../arm-none-eabi/lib/armv7-m\libcr_c.a(fpprintf.o)
 .ARM.attributes
                0x00000297       0x33 c:/nxp/lpcxpresso_8.0.0_526/lpcxpresso/tools/bin/../lib/gcc/arm-none-eabi/4.9.3/../../../../arm-none-eabi/lib/armv7-m\libcr_c.a(initio.o)
 .ARM.attributes
                0x000002ca       0x33 c:/nxp/lpcxpresso_8.0.0_526/lpcxpresso/tools/bin/../lib/gcc/arm-none-eabi/4.9.3/../../../../arm-none-eabi/lib/armv7-m\libcr_c.a(printf.o)
 .ARM.attributes
                0x000002fd       0x33 c:/nxp/lpcxpresso_8.0.0_526/lpcxpresso/tools/bin/../lib/gcc/arm-none-eabi/4.9.3/../../../../arm-none-eabi/lib/armv7-m\libcr_c.a(setvbuf.o)
 .ARM.attributes
                0x00000330       0x33 c:/nxp/lpcxpresso_8.0.0_526/lpcxpresso/tools/bin/../lib/gcc/arm-none-eabi/4.9.3/../../../../arm-none-eabi/lib/armv7-m\libcr_c.a(stdio.o)
 .ARM.attributes
                0x00000363       0x33 c:/nxp/lpcxpresso_8.0.0_526/lpcxpresso/tools/bin/../lib/gcc/arm-none-eabi/4.9.3/../../../../arm-none-eabi/lib/armv7-m\libcr_c.a(strlen.o)
 .ARM.attributes
                0x00000396       0x33 c:/nxp/lpcxpresso_8.0.0_526/lpcxpresso/tools/bin/../lib/gcc/arm-none-eabi/4.9.3/../../../../arm-none-eabi/lib/armv7-m\libcr_c.a(memset.o)
 .ARM.attributes
                0x000003c9       0x33 c:/nxp/lpcxpresso_8.0.0_526/lpcxpresso/tools/bin/../lib/gcc/arm-none-eabi/4.9.3/../../../../arm-none-eabi/lib/armv7-m\libcr_c.a(_deferredlazyseek.o)
 .ARM.attributes
                0x000003fc       0x33 c:/nxp/lpcxpresso_8.0.0_526/lpcxpresso/tools/bin/../lib/gcc/arm-none-eabi/4.9.3/../../../../arm-none-eabi/lib/armv7-m\libcr_c.a(_fdopen.o)
 .ARM.attributes
                0x0000042f       0x33 c:/nxp/lpcxpresso_8.0.0_526/lpcxpresso/tools/bin/../lib/gcc/arm-none-eabi/4.9.3/../../../../arm-none-eabi/lib/armv7-m\libcr_c.a(_fflush.o)
 .ARM.attributes
                0x00000462       0x33 c:/nxp/lpcxpresso_8.0.0_526/lpcxpresso/tools/bin/../lib/gcc/arm-none-eabi/4.9.3/../../../../arm-none-eabi/lib/armv7-m\libcr_c.a(_frexpl.o)
 .ARM.attributes
                0x00000495       0x33 c:/nxp/lpcxpresso_8.0.0_526/lpcxpresso/tools/bin/../lib/gcc/arm-none-eabi/4.9.3/../../../../arm-none-eabi/lib/armv7-m\libcr_c.a(_ldexpl.o)
 .ARM.attributes
                0x000004c8       0x33 c:/nxp/lpcxpresso_8.0.0_526/lpcxpresso/tools/bin/../lib/gcc/arm-none-eabi/4.9.3/../../../../arm-none-eabi/lib/armv7-m\libcr_c.a(_writebuf.o)
 .ARM.attributes
                0x000004fb       0x33 c:/nxp/lpcxpresso_8.0.0_526/lpcxpresso/tools/bin/../lib/gcc/arm-none-eabi/4.9.3/../../../../arm-none-eabi/lib/armv7-m\libcr_c.a(alloc.o)
 .ARM.attributes
                0x0000052e       0x33 c:/nxp/lpcxpresso_8.0.0_526/lpcxpresso/tools/bin/../lib/gcc/arm-none-eabi/4.9.3/../../../../arm-none-eabi/lib/armv7-m\libcr_c.a(errno.o)
 .ARM.attributes
                0x00000561       0x33 c:/nxp/lpcxpresso_8.0.0_526/lpcxpresso/tools/bin/../lib/gcc/arm-none-eabi/4.9.3/../../../../arm-none-eabi/lib/armv7-m\libcr_c.a(fclose.o)
 .ARM.attributes
                0x00000594       0x33 c:/nxp/lpcxpresso_8.0.0_526/lpcxpresso/tools/bin/../lib/gcc/arm-none-eabi/4.9.3/../../../../arm-none-eabi/lib/armv7-m\libcr_c.a(fflush.o)
 .ARM.attributes
                0x000005c7       0x33 c:/nxp/lpcxpresso_8.0.0_526/lpcxpresso/tools/bin/../lib/gcc/arm-none-eabi/4.9.3/../../../../arm-none-eabi/lib/armv7-m\libcr_c.a(fseek.o)
 .ARM.attributes
                0x000005fa       0x33 c:/nxp/lpcxpresso_8.0.0_526/lpcxpresso/tools/bin/../lib/gcc/arm-none-eabi/4.9.3/../../../../arm-none-eabi/lib/armv7-m\libcr_c.a(ftell.o)
 .ARM.attributes
                0x0000062d       0x33 c:/nxp/lpcxpresso_8.0.0_526/lpcxpresso/tools/bin/../lib/gcc/arm-none-eabi/4.9.3/../../../../arm-none-eabi/lib/armv7-m\libcr_c.a(remove.o)
 .ARM.attributes
                0x00000660       0x33 c:/nxp/lpcxpresso_8.0.0_526/lpcxpresso/tools/bin/../lib/gcc/arm-none-eabi/4.9.3/../../../../arm-none-eabi/lib/armv7-m\libcr_c.a(__init_alloc.o)
 .ARM.attributes
                0x00000693       0x33 c:/nxp/lpcxpresso_8.0.0_526/lpcxpresso/tools/bin/../lib/gcc/arm-none-eabi/4.9.3/../../../../arm-none-eabi/lib/armv7-m\libcr_c.a(_cr_sbrk.o)
 .ARM.attributes
                0x000006c6       0x33 c:/nxp/lpcxpresso_8.0.0_526/lpcxpresso/tools/bin/../lib/gcc/arm-none-eabi/4.9.3/../../../../arm-none-eabi/lib/armv7-m\libcr_c.a(_do_fflush.o)
 .ARM.attributes
                0x000006f9       0x33 c:/nxp/lpcxpresso_8.0.0_526/lpcxpresso/tools/bin/../lib/gcc/arm-none-eabi/4.9.3/../../../../arm-none-eabi/lib/armv7-m\libcr_c.a(_hugeval.o)
 .ARM.attributes
                0x0000072c       0x33 c:/nxp/lpcxpresso_8.0.0_526/lpcxpresso/tools/bin/../lib/gcc/arm-none-eabi/4.9.3/../../../../arm-none-eabi/lib/armv7-m\libcr_c.a(_cr_check_heap.o)
 .ARM.attributes
                0x0000075f       0x33 c:/nxp/lpcxpresso_8.0.0_526/lpcxpresso/tools/bin/../lib/gcc/arm-none-eabi/4.9.3/armv7-m\libcr_eabihelpers.a(double.o)
 .ARM.attributes
                0x00000792       0x21 c:/nxp/lpcxpresso_8.0.0_526/lpcxpresso/tools/bin/../lib/gcc/arm-none-eabi/4.9.3/armv7-m\libcr_eabihelpers.a(memcpy.o)
 .ARM.attributes
                0x000007b3       0x33 c:/nxp/lpcxpresso_8.0.0_526/lpcxpresso/tools/bin/../lib/gcc/arm-none-eabi/4.9.3/../../../../arm-none-eabi/lib/armv7-m\libcr_nohost.a(__sys_appexit.o)
 .ARM.attributes
                0x000007e6       0x33 c:/nxp/lpcxpresso_8.0.0_526/lpcxpresso/tools/bin/../lib/gcc/arm-none-eabi/4.9.3/../../../../arm-none-eabi/lib/armv7-m\libcr_nohost.a(__sys_close.o)
 .ARM.attributes
                0x00000819       0x33 c:/nxp/lpcxpresso_8.0.0_526/lpcxpresso/tools/bin/../lib/gcc/arm-none-eabi/4.9.3/../../../../arm-none-eabi/lib/armv7-m\libcr_nohost.a(__sys_flen.o)
 .ARM.attributes
                0x0000084c       0x33 c:/nxp/lpcxpresso_8.0.0_526/lpcxpresso/tools/bin/../lib/gcc/arm-none-eabi/4.9.3/../../../../arm-none-eabi/lib/armv7-m\libcr_nohost.a(__sys_istty.o)
 .ARM.attributes
                0x0000087f       0x33 c:/nxp/lpcxpresso_8.0.0_526/lpcxpresso/tools/bin/../lib/gcc/arm-none-eabi/4.9.3/../../../../arm-none-eabi/lib/armv7-m\libcr_nohost.a(__sys_remove.o)
 .ARM.attributes
                0x000008b2       0x33 c:/nxp/lpcxpresso_8.0.0_526/lpcxpresso/tools/bin/../lib/gcc/arm-none-eabi/4.9.3/../../../../arm-none-eabi/lib/armv7-m\libcr_nohost.a(__sys_seek.o)
 .ARM.attributes
                0x000008e5       0x33 c:/nxp/lpcxpresso_8.0.0_526/lpcxpresso/tools/bin/../lib/gcc/arm-none-eabi/4.9.3/../../../../arm-none-eabi/lib/armv7-m\libcr_nohost.a(__sys_tmpnam.o)

.debug_frame    0x00000000     0x1eec
 .debug_frame   0x00000000      0x240 ./example/src/can.o
 .debug_frame   0x00000240      0x170 ./example/src/cr_startup_lpc175x_6x.o
 .debug_frame   0x000003b0       0x34 ./example/src/sysinit.o
 .debug_frame   0x000003e4      0x5d4 C:\Users\Eugenia\Desktop\CAN\lpc_board_nxp_lpcxpresso_1769\Debug\liblpc_board_nxp_lpcxpresso_1769.a(board.o)
 .debug_frame   0x000009b8       0x8c C:\Users\Eugenia\Desktop\CAN\lpc_board_nxp_lpcxpresso_1769\Debug\liblpc_board_nxp_lpcxpresso_1769.a(board_sysinit.o)
 .debug_frame   0x00000a44      0x8a8 C:\Users\Eugenia\Desktop\CAN\lpc_chip_175x_6x\Debug\liblpc_chip_175x_6x.a(can_17xx_40xx.o)
 .debug_frame   0x000012ec       0x88 C:\Users\Eugenia\Desktop\CAN\lpc_chip_175x_6x\Debug\liblpc_chip_175x_6x.a(chip_17xx_40xx.o)
 .debug_frame   0x00001374      0x490 C:\Users\Eugenia\Desktop\CAN\lpc_chip_175x_6x\Debug\liblpc_chip_175x_6x.a(clock_17xx_40xx.o)
 .debug_frame   0x00001804       0x88 C:\Users\Eugenia\Desktop\CAN\lpc_chip_175x_6x\Debug\liblpc_chip_175x_6x.a(iocon_17xx_40xx.o)
 .debug_frame   0x0000188c      0x12c C:\Users\Eugenia\Desktop\CAN\lpc_chip_175x_6x\Debug\liblpc_chip_175x_6x.a(sysinit_17xx_40xx.o)
 .debug_frame   0x000019b8      0x534 C:\Users\Eugenia\Desktop\CAN\lpc_chip_175x_6x\Debug\liblpc_chip_175x_6x.a(uart_17xx_40xx.o)
